#
# There is insufficient memory for the Java Runtime Environment to continue.
# Native memory allocation (mmap) failed to map 178257920 bytes. Error detail: G1 virtual space
# Possible reasons:
#   The system is out of physical RAM or swap space
#   This process is running with CompressedOops enabled, and the Java Heap may be blocking the growth of the native heap
# Possible solutions:
#   Reduce memory load on the system
#   Increase physical memory or swap space
#   Check if swap backing store is full
#   Decrease Java heap size (-Xmx/-Xms)
#   Decrease number of Java threads
#   Decrease Java thread stack sizes (-Xss)
#   Set larger code cache with -XX:ReservedCodeCacheSize=
#   JVM is running with Unscaled Compressed Oops mode in which the Java heap is
#     placed in the first 4GB address space. The Java Heap base address is the
#     maximum limit for the native heap growth. Please use -XX:HeapBaseMinAddress
#     to set the Java Heap base and to place the Java Heap above 4GB virtual address.
# This output file may be truncated or incomplete.
#
#  Out of Memory Error (os_windows.cpp:3616), pid=7212, tid=13128
#
# JRE version: OpenJDK Runtime Environment Temurin-21.0.5+11 (21.0.5+11) (build 21.0.5+11-LTS)
# Java VM: OpenJDK 64-Bit Server VM Temurin-21.0.5+11 (21.0.5+11-LTS, mixed mode, tiered, compressed oops, compressed class ptrs, g1 gc, windows-amd64)
# No core dump will be written. Minidumps are not enabled by default on client versions of Windows
#

---------------  S U M M A R Y ------------

Command Line: -Dballerina.home=C:\Program Files\Ballerina\distributions\ballerina-2201.12.7 org.ballerinalang.langserver.launchers.stdio.Main

Host: AMD Ryzen 7 3700U with Radeon Vega Mobile Gfx  , 8 cores, 5G,  Windows 11 , 64 bit Build 26100 (10.0.26100.6725)
Time: Sun Oct  5 02:13:22 2025 Namibia Standard Time elapsed time: 26.680392 seconds (0d 0h 0m 26s)

---------------  T H R E A D  ---------------

Current thread (0x000001fc7878e260):  VMThread "VM Thread"          [id=13128, stack(0x000000d54c500000,0x000000d54c600000) (1024K)]

Stack: [0x000000d54c500000,0x000000d54c600000]
Native frames: (J=compiled Java code, j=interpreted, Vv=VM code, C=native code)
V  [jvm.dll+0x6cd4e9]
V  [jvm.dll+0x8a7941]
V  [jvm.dll+0x8a9e6e]
V  [jvm.dll+0x8aa543]
V  [jvm.dll+0x27f6d6]
V  [jvm.dll+0x6c9c25]
V  [jvm.dll+0x6be84a]
V  [jvm.dll+0x355c6a]
V  [jvm.dll+0x35d836]
V  [jvm.dll+0x3af40e]
V  [jvm.dll+0x3af6b8]
V  [jvm.dll+0x329dfc]
V  [jvm.dll+0x329e87]
V  [jvm.dll+0x36dc4c]
V  [jvm.dll+0x36c498]
V  [jvm.dll+0x3295c1]
V  [jvm.dll+0x36bb0a]
V  [jvm.dll+0x8b025f]
V  [jvm.dll+0x8b15e4]
V  [jvm.dll+0x8b1b20]
V  [jvm.dll+0x8b1dc3]
V  [jvm.dll+0x8514fb]
V  [jvm.dll+0x6cbbed]
C  [ucrtbase.dll+0x37b0]
C  [KERNEL32.DLL+0x2e8d7]
C  [ntdll.dll+0x8c53c]

VM_Operation (0x000000d54dcf7c30): G1CollectForAllocation, mode: safepoint, requested by thread 0x000001fc7e431850


---------------  P R O C E S S  ---------------

Threads class SMR info:
_java_thread_list=0x000001fc7ed2f190, length=20, elements={
0x000001fc5e051730, 0x000001fc788191d0, 0x000001fc78802f20, 0x000001fc78806b40,
0x000001fc788076c0, 0x000001fc78808240, 0x000001fc78809430, 0x000001fc7880a540,
0x000001fc7880e8e0, 0x000001fc789b86c0, 0x000001fc789bfac0, 0x000001fc7e9a40d0,
0x000001fc7f6cd690, 0x000001fc7eeb8610, 0x000001fc01f597c0, 0x000001fc7ddaae60,
0x000001fc7e431850, 0x000001fc034698f0, 0x000001fc02b30890, 0x000001fc7e0c6e00
}

Java Threads: ( => current thread )
  0x000001fc5e051730 JavaThread "main"                              [_thread_blocked, id=12796, stack(0x000000d54be00000,0x000000d54bf00000) (1024K)]
  0x000001fc788191d0 JavaThread "Reference Handler"          daemon [_thread_blocked, id=7436, stack(0x000000d54c600000,0x000000d54c700000) (1024K)]
  0x000001fc78802f20 JavaThread "Finalizer"                  daemon [_thread_blocked, id=9624, stack(0x000000d54c700000,0x000000d54c800000) (1024K)]
  0x000001fc78806b40 JavaThread "Signal Dispatcher"          daemon [_thread_blocked, id=14164, stack(0x000000d54c800000,0x000000d54c900000) (1024K)]
  0x000001fc788076c0 JavaThread "Attach Listener"            daemon [_thread_blocked, id=13112, stack(0x000000d54c900000,0x000000d54ca00000) (1024K)]
  0x000001fc78808240 JavaThread "Service Thread"             daemon [_thread_blocked, id=5272, stack(0x000000d54ca00000,0x000000d54cb00000) (1024K)]
  0x000001fc78809430 JavaThread "Monitor Deflation Thread"   daemon [_thread_blocked, id=10668, stack(0x000000d54cb00000,0x000000d54cc00000) (1024K)]
  0x000001fc7880a540 JavaThread "C2 CompilerThread0"         daemon [_thread_blocked, id=7292, stack(0x000000d54cc00000,0x000000d54cd00000) (1024K)]
  0x000001fc7880e8e0 JavaThread "C1 CompilerThread0"         daemon [_thread_blocked, id=3000, stack(0x000000d54cd00000,0x000000d54ce00000) (1024K)]
  0x000001fc789b86c0 JavaThread "Notification Thread"        daemon [_thread_blocked, id=6840, stack(0x000000d54ce00000,0x000000d54cf00000) (1024K)]
  0x000001fc789bfac0 JavaThread "Common-Cleaner"             daemon [_thread_blocked, id=5908, stack(0x000000d54cf00000,0x000000d54d000000) (1024K)]
  0x000001fc7e9a40d0 JavaThread "pool-1-thread-1"                   [_thread_blocked, id=15576, stack(0x000000d54d800000,0x000000d54d900000) (1024K)]
  0x000001fc7f6cd690 JavaThread "ForkJoinPool.commonPool-worker-1" daemon [_thread_blocked, id=10696, stack(0x000000d54d900000,0x000000d54da00000) (1024K)]
  0x000001fc7eeb8610 JavaThread "ForkJoinPool.commonPool-worker-2" daemon [_thread_blocked, id=5780, stack(0x000000d54da00000,0x000000d54db00000) (1024K)]
  0x000001fc01f597c0 JavaThread "C2 CompilerThread1"         daemon [_thread_blocked, id=6204, stack(0x000000d54d700000,0x000000d54d800000) (1024K)]
  0x000001fc7ddaae60 JavaThread "CompletableFutureDelayScheduler" daemon [_thread_blocked, id=6056, stack(0x000000d54dd00000,0x000000d54de00000) (1024K)]
  0x000001fc7e431850 JavaThread "ForkJoinPool.commonPool-worker-3" daemon [_thread_blocked, id=5372, stack(0x000000d54dc00000,0x000000d54dd00000) (1024K)]
  0x000001fc034698f0 JavaThread "ForkJoinPool.commonPool-worker-4" daemon [_thread_blocked, id=9352, stack(0x000000d54de00000,0x000000d54df00000) (1024K)]
  0x000001fc02b30890 JavaThread "ForkJoinPool.commonPool-worker-5" daemon [_thread_blocked, id=6420, stack(0x000000d54df00000,0x000000d54e000000) (1024K)]
  0x000001fc7e0c6e00 JavaThread "C2 CompilerThread2"         daemon [_thread_blocked, id=10676, stack(0x000000d54e000000,0x000000d54e100000) (1024K)]
Total: 20

Other Threads:
=>0x000001fc7878e260 VMThread "VM Thread"                           [id=13128, stack(0x000000d54c500000,0x000000d54c600000) (1024K)]
  0x000001fc78711090 WatcherThread "VM Periodic Task Thread"        [id=20260, stack(0x000000d54c400000,0x000000d54c500000) (1024K)]
  0x000001fc5e097b90 WorkerThread "GC Thread#0"                     [id=14520, stack(0x000000d54bf00000,0x000000d54c000000) (1024K)]
  0x000001fc7d8c5390 WorkerThread "GC Thread#1"                     [id=5252, stack(0x000000d54d000000,0x000000d54d100000) (1024K)]
  0x000001fc7d9bc5b0 WorkerThread "GC Thread#2"                     [id=11000, stack(0x000000d54d100000,0x000000d54d200000) (1024K)]
  0x000001fc7d9bc950 WorkerThread "GC Thread#3"                     [id=11024, stack(0x000000d54d200000,0x000000d54d300000) (1024K)]
  0x000001fc7d9bccf0 WorkerThread "GC Thread#4"                     [id=2592, stack(0x000000d54d300000,0x000000d54d400000) (1024K)]
  0x000001fc7d9bd090 WorkerThread "GC Thread#5"                     [id=18496, stack(0x000000d54d400000,0x000000d54d500000) (1024K)]
  0x000001fc7d9bd830 WorkerThread "GC Thread#6"                     [id=5528, stack(0x000000d54d500000,0x000000d54d600000) (1024K)]
  0x000001fc7d9be3e0 WorkerThread "GC Thread#7"                     [id=18472, stack(0x000000d54d600000,0x000000d54d700000) (1024K)]
  0x000001fc5e0a49f0 ConcurrentGCThread "G1 Main Marker"            [id=7752, stack(0x000000d54c000000,0x000000d54c100000) (1024K)]
  0x000001fc5e0a54f0 WorkerThread "G1 Conc#0"                       [id=7108, stack(0x000000d54c100000,0x000000d54c200000) (1024K)]
  0x000001fc7e3f5260 WorkerThread "G1 Conc#1"                       [id=20432, stack(0x000000d54db00000,0x000000d54dc00000) (1024K)]
  0x000001fc785e4040 ConcurrentGCThread "G1 Refine#0"               [id=9116, stack(0x000000d54c200000,0x000000d54c300000) (1024K)]
  0x000001fc785e4bb0 ConcurrentGCThread "G1 Service"                [id=20304, stack(0x000000d54c300000,0x000000d54c400000) (1024K)]
Total: 15

Threads with active compile tasks:
C2 CompilerThread0  26806 5467       4       io.ballerina.types.typeops.BddCommonOps::bddUnionInner (231 bytes)
C2 CompilerThread1  26807 5477       4       io.ballerina.types.typeops.BddCommonOps::bddCreate (43 bytes)
C2 CompilerThread2  26807 5468       4       io.ballerina.types.typeops.BddCommonOps::bddUnionWithMemo (57 bytes)
Total: 3

VM state: at safepoint (normal execution)

VM Mutex/Monitor currently owned by a thread:  ([mutex/lock_event])
[0x00007ffa1aefd380] Threads_lock - owner thread: 0x000001fc7878e260
[0x00007ffa1aefd480] Heap_lock - owner thread: 0x000001fc7e431850

Heap address: 0x00000000a0c00000, size: 1524 MB, Compressed Oops mode: 32-bit

CDS archive(s) not mapped
Compressed class space mapped at: 0x0000000100000000-0x0000000140000000, reserved size: 1073741824
Narrow klass base: 0x0000000000000000, Narrow klass shift: 3, Narrow klass range: 0x140000000

GC Precious Log:
 CardTable entry size: 512
 Card Set container configuration: InlinePtr #cards 5 size 8 Array Of Cards #cards 12 size 40 Howl #buckets 4 coarsen threshold 1843 Howl Bitmap #cards 512 size 80 coarsen threshold 460 Card regions per heap region 1 cards per card region 2048
 CPUs: 8 total, 8 available
 Memory: 6090M
 Large Page Support: Disabled
 NUMA Support: Disabled
 Compressed Oops: Enabled (32-bit)
 Heap Region Size: 1M
 Heap Min Capacity: 8M
 Heap Initial Capacity: 96M
 Heap Max Capacity: 1524M
 Pre-touch: Disabled
 Parallel Workers: 8
 Concurrent Workers: 2
 Concurrent Refinement Workers: 8
 Periodic GC: Disabled

Heap:
 garbage-first heap   total 174080K, used 105472K [0x00000000a0c00000, 0x0000000100000000)
  region size 1024K, 5 young (5120K), 5 survivors (5120K)
 Metaspace       used 35866K, committed 36224K, reserved 1114112K
  class space    used 3653K, committed 3840K, reserved 1048576K

Heap Regions: E=young(eden), S=young(survivor), O=old, HS=humongous(starts), HC=humongous(continues), CS=collection set, F=free, TAMS=top-at-mark-start, PB=parsable bottom
|   0|0x00000000a0c00000, 0x00000000a0d00000, 0x00000000a0d00000|100%|HS|  |TAMS 0x00000000a0c00000| PB 0x00000000a0c00000| Complete 
|   1|0x00000000a0d00000, 0x00000000a0e00000, 0x00000000a0e00000|100%|HS|  |TAMS 0x00000000a0d00000| PB 0x00000000a0d00000| Complete 
|   2|0x00000000a0e00000, 0x00000000a0f00000, 0x00000000a0f00000|100%|HS|  |TAMS 0x00000000a0e00000| PB 0x00000000a0e00000| Complete 
|   3|0x00000000a0f00000, 0x00000000a1000000, 0x00000000a1000000|100%|HS|  |TAMS 0x00000000a0f00000| PB 0x00000000a0f00000| Complete 
|   4|0x00000000a1000000, 0x00000000a1100000, 0x00000000a1100000|100%| O|  |TAMS 0x00000000a1000000| PB 0x00000000a1000000| Untracked 
|   5|0x00000000a1100000, 0x00000000a1200000, 0x00000000a1200000|100%| O|  |TAMS 0x00000000a1100000| PB 0x00000000a1100000| Untracked 
|   6|0x00000000a1200000, 0x00000000a1300000, 0x00000000a1300000|100%| O|  |TAMS 0x00000000a1200000| PB 0x00000000a1200000| Untracked 
|   7|0x00000000a1300000, 0x00000000a1400000, 0x00000000a1400000|100%| O|  |TAMS 0x00000000a1300000| PB 0x00000000a1300000| Untracked 
|   8|0x00000000a1400000, 0x00000000a1500000, 0x00000000a1500000|100%| O|  |TAMS 0x00000000a1400000| PB 0x00000000a1400000| Untracked 
|   9|0x00000000a1500000, 0x00000000a1600000, 0x00000000a1600000|100%| O|  |TAMS 0x00000000a1500000| PB 0x00000000a1500000| Untracked 
|  10|0x00000000a1600000, 0x00000000a1700000, 0x00000000a1700000|100%| O|  |TAMS 0x00000000a1600000| PB 0x00000000a1600000| Untracked 
|  11|0x00000000a1700000, 0x00000000a1800000, 0x00000000a1800000|100%| O|  |TAMS 0x00000000a1700000| PB 0x00000000a1700000| Untracked 
|  12|0x00000000a1800000, 0x00000000a1900000, 0x00000000a1900000|100%| O|  |TAMS 0x00000000a1800000| PB 0x00000000a1800000| Untracked 
|  13|0x00000000a1900000, 0x00000000a1a00000, 0x00000000a1a00000|100%| O|  |TAMS 0x00000000a1900000| PB 0x00000000a1900000| Untracked 
|  14|0x00000000a1a00000, 0x00000000a1b00000, 0x00000000a1b00000|100%| O|  |TAMS 0x00000000a1a00000| PB 0x00000000a1a00000| Untracked 
|  15|0x00000000a1b00000, 0x00000000a1c00000, 0x00000000a1c00000|100%| O|  |TAMS 0x00000000a1b00000| PB 0x00000000a1b00000| Untracked 
|  16|0x00000000a1c00000, 0x00000000a1d00000, 0x00000000a1d00000|100%| O|  |TAMS 0x00000000a1c00000| PB 0x00000000a1c00000| Untracked 
|  17|0x00000000a1d00000, 0x00000000a1e00000, 0x00000000a1e00000|100%| O|  |TAMS 0x00000000a1d00000| PB 0x00000000a1d00000| Untracked 
|  18|0x00000000a1e00000, 0x00000000a1f00000, 0x00000000a1f00000|100%| O|  |TAMS 0x00000000a1e00000| PB 0x00000000a1e00000| Untracked 
|  19|0x00000000a1f00000, 0x00000000a2000000, 0x00000000a2000000|100%| O|Cm|TAMS 0x00000000a1f00000| PB 0x00000000a1f00000| Complete 
|  20|0x00000000a2000000, 0x00000000a2100000, 0x00000000a2100000|100%| O|  |TAMS 0x00000000a2000000| PB 0x00000000a2000000| Untracked 
|  21|0x00000000a2100000, 0x00000000a2200000, 0x00000000a2200000|100%| O|  |TAMS 0x00000000a2100000| PB 0x00000000a2100000| Untracked 
|  22|0x00000000a2200000, 0x00000000a2300000, 0x00000000a2300000|100%| O|Cm|TAMS 0x00000000a2200000| PB 0x00000000a2200000| Complete 
|  23|0x00000000a2300000, 0x00000000a2400000, 0x00000000a2400000|100%| O|  |TAMS 0x00000000a2300000| PB 0x00000000a2300000| Untracked 
|  24|0x00000000a2400000, 0x00000000a2500000, 0x00000000a2500000|100%| O|  |TAMS 0x00000000a2400000| PB 0x00000000a2400000| Untracked 
|  25|0x00000000a2500000, 0x00000000a2600000, 0x00000000a2600000|100%| O|  |TAMS 0x00000000a2500000| PB 0x00000000a2500000| Untracked 
|  26|0x00000000a2600000, 0x00000000a2700000, 0x00000000a2700000|100%| O|  |TAMS 0x00000000a2600000| PB 0x00000000a2600000| Untracked 
|  27|0x00000000a2700000, 0x00000000a2800000, 0x00000000a2800000|100%| O|  |TAMS 0x00000000a2700000| PB 0x00000000a2700000| Untracked 
|  28|0x00000000a2800000, 0x00000000a2900000, 0x00000000a2900000|100%| O|  |TAMS 0x00000000a2800000| PB 0x00000000a2800000| Untracked 
|  29|0x00000000a2900000, 0x00000000a2a00000, 0x00000000a2a00000|100%| O|Cm|TAMS 0x00000000a2900000| PB 0x00000000a2900000| Complete 
|  30|0x00000000a2a00000, 0x00000000a2a00000, 0x00000000a2b00000|  0%| F|  |TAMS 0x00000000a2a00000| PB 0x00000000a2a00000| Untracked 
|  31|0x00000000a2b00000, 0x00000000a2c00000, 0x00000000a2c00000|100%| O|  |TAMS 0x00000000a2b00000| PB 0x00000000a2b00000| Untracked 
|  32|0x00000000a2c00000, 0x00000000a2d00000, 0x00000000a2d00000|100%| O|  |TAMS 0x00000000a2c00000| PB 0x00000000a2c00000| Untracked 
|  33|0x00000000a2d00000, 0x00000000a2e00000, 0x00000000a2e00000|100%| O|  |TAMS 0x00000000a2d00000| PB 0x00000000a2d00000| Untracked 
|  34|0x00000000a2e00000, 0x00000000a2f00000, 0x00000000a2f00000|100%| O|  |TAMS 0x00000000a2e00000| PB 0x00000000a2e00000| Untracked 
|  35|0x00000000a2f00000, 0x00000000a3000000, 0x00000000a3000000|100%| O|  |TAMS 0x00000000a2f00000| PB 0x00000000a2f00000| Untracked 
|  36|0x00000000a3000000, 0x00000000a3100000, 0x00000000a3100000|100%| O|  |TAMS 0x00000000a3000000| PB 0x00000000a3000000| Untracked 
|  37|0x00000000a3100000, 0x00000000a3200000, 0x00000000a3200000|100%| O|  |TAMS 0x00000000a3100000| PB 0x00000000a3100000| Untracked 
|  38|0x00000000a3200000, 0x00000000a3300000, 0x00000000a3300000|100%| O|  |TAMS 0x00000000a3200000| PB 0x00000000a3200000| Untracked 
|  39|0x00000000a3300000, 0x00000000a3400000, 0x00000000a3400000|100%| O|  |TAMS 0x00000000a3300000| PB 0x00000000a3300000| Untracked 
|  40|0x00000000a3400000, 0x00000000a3500000, 0x00000000a3500000|100%| O|  |TAMS 0x00000000a3400000| PB 0x00000000a3400000| Untracked 
|  41|0x00000000a3500000, 0x00000000a3500000, 0x00000000a3600000|  0%| F|  |TAMS 0x00000000a3500000| PB 0x00000000a3500000| Untracked 
|  42|0x00000000a3600000, 0x00000000a3700000, 0x00000000a3700000|100%| O|  |TAMS 0x00000000a3600000| PB 0x00000000a3600000| Untracked 
|  43|0x00000000a3700000, 0x00000000a3800000, 0x00000000a3800000|100%| O|  |TAMS 0x00000000a3700000| PB 0x00000000a3700000| Untracked 
|  44|0x00000000a3800000, 0x00000000a3900000, 0x00000000a3900000|100%| O|Cm|TAMS 0x00000000a3800000| PB 0x00000000a3800000| Complete 
|  45|0x00000000a3900000, 0x00000000a3900000, 0x00000000a3a00000|  0%| F|  |TAMS 0x00000000a3900000| PB 0x00000000a3900000| Untracked 
|  46|0x00000000a3a00000, 0x00000000a3a00000, 0x00000000a3b00000|  0%| F|  |TAMS 0x00000000a3a00000| PB 0x00000000a3a00000| Untracked 
|  47|0x00000000a3b00000, 0x00000000a3c00000, 0x00000000a3c00000|100%| O|  |TAMS 0x00000000a3b00000| PB 0x00000000a3b00000| Untracked 
|  48|0x00000000a3c00000, 0x00000000a3d00000, 0x00000000a3d00000|100%| O|Cm|TAMS 0x00000000a3c00000| PB 0x00000000a3c00000| Complete 
|  49|0x00000000a3d00000, 0x00000000a3d00000, 0x00000000a3e00000|  0%| F|  |TAMS 0x00000000a3d00000| PB 0x00000000a3d00000| Untracked 
|  50|0x00000000a3e00000, 0x00000000a3f00000, 0x00000000a3f00000|100%| O|  |TAMS 0x00000000a3e00000| PB 0x00000000a3e00000| Untracked 
|  51|0x00000000a3f00000, 0x00000000a4000000, 0x00000000a4000000|100%| O|Cm|TAMS 0x00000000a3f00000| PB 0x00000000a3f00000| Complete 
|  52|0x00000000a4000000, 0x00000000a4000000, 0x00000000a4100000|  0%| F|  |TAMS 0x00000000a4000000| PB 0x00000000a4000000| Untracked 
|  53|0x00000000a4100000, 0x00000000a4100000, 0x00000000a4200000|  0%| F|  |TAMS 0x00000000a4100000| PB 0x00000000a4100000| Untracked 
|  54|0x00000000a4200000, 0x00000000a4200000, 0x00000000a4300000|  0%| F|  |TAMS 0x00000000a4200000| PB 0x00000000a4200000| Untracked 
|  55|0x00000000a4300000, 0x00000000a4300000, 0x00000000a4400000|  0%| F|  |TAMS 0x00000000a4300000| PB 0x00000000a4300000| Untracked 
|  56|0x00000000a4400000, 0x00000000a4500000, 0x00000000a4500000|100%| O|  |TAMS 0x00000000a4400000| PB 0x00000000a4400000| Untracked 
|  57|0x00000000a4500000, 0x00000000a4600000, 0x00000000a4600000|100%| O|  |TAMS 0x00000000a4500000| PB 0x00000000a4500000| Untracked 
|  58|0x00000000a4600000, 0x00000000a4600000, 0x00000000a4700000|  0%| F|  |TAMS 0x00000000a4600000| PB 0x00000000a4600000| Untracked 
|  59|0x00000000a4700000, 0x00000000a4700000, 0x00000000a4800000|  0%| F|  |TAMS 0x00000000a4700000| PB 0x00000000a4700000| Untracked 
|  60|0x00000000a4800000, 0x00000000a4800000, 0x00000000a4900000|  0%| F|  |TAMS 0x00000000a4800000| PB 0x00000000a4800000| Untracked 
|  61|0x00000000a4900000, 0x00000000a4a00000, 0x00000000a4a00000|100%| O|Cm|TAMS 0x00000000a4900000| PB 0x00000000a4900000| Complete 
|  62|0x00000000a4a00000, 0x00000000a4a00000, 0x00000000a4b00000|  0%| F|  |TAMS 0x00000000a4a00000| PB 0x00000000a4a00000| Untracked 
|  63|0x00000000a4b00000, 0x00000000a4c00000, 0x00000000a4c00000|100%| O|Cm|TAMS 0x00000000a4b00000| PB 0x00000000a4b00000| Complete 
|  64|0x00000000a4c00000, 0x00000000a4d00000, 0x00000000a4d00000|100%| O|Cm|TAMS 0x00000000a4c00000| PB 0x00000000a4c00000| Complete 
|  65|0x00000000a4d00000, 0x00000000a4e00000, 0x00000000a4e00000|100%| O|  |TAMS 0x00000000a4d00000| PB 0x00000000a4d00000| Untracked 
|  66|0x00000000a4e00000, 0x00000000a4e00000, 0x00000000a4f00000|  0%| F|  |TAMS 0x00000000a4e00000| PB 0x00000000a4e00000| Untracked 
|  67|0x00000000a4f00000, 0x00000000a4f00000, 0x00000000a5000000|  0%| F|  |TAMS 0x00000000a4f00000| PB 0x00000000a4f00000| Untracked 
|  68|0x00000000a5000000, 0x00000000a5100000, 0x00000000a5100000|100%| O|Cm|TAMS 0x00000000a5000000| PB 0x00000000a5000000| Complete 
|  69|0x00000000a5100000, 0x00000000a5100000, 0x00000000a5200000|  0%| F|  |TAMS 0x00000000a5100000| PB 0x00000000a5100000| Untracked 
|  70|0x00000000a5200000, 0x00000000a5300000, 0x00000000a5300000|100%| O|  |TAMS 0x00000000a5200000| PB 0x00000000a5200000| Untracked 
|  71|0x00000000a5300000, 0x00000000a5400000, 0x00000000a5400000|100%| O|Cm|TAMS 0x00000000a5300000| PB 0x00000000a5300000| Complete 
|  72|0x00000000a5400000, 0x00000000a5500000, 0x00000000a5500000|100%| O|  |TAMS 0x00000000a5400000| PB 0x00000000a5400000| Untracked 
|  73|0x00000000a5500000, 0x00000000a5600000, 0x00000000a5600000|100%| O|  |TAMS 0x00000000a5500000| PB 0x00000000a5500000| Untracked 
|  74|0x00000000a5600000, 0x00000000a5700000, 0x00000000a5700000|100%| O|  |TAMS 0x00000000a5600000| PB 0x00000000a5600000| Untracked 
|  75|0x00000000a5700000, 0x00000000a5800000, 0x00000000a5800000|100%| O|  |TAMS 0x00000000a5700000| PB 0x00000000a5700000| Untracked 
|  76|0x00000000a5800000, 0x00000000a5900000, 0x00000000a5900000|100%| O|  |TAMS 0x00000000a5800000| PB 0x00000000a5800000| Untracked 
|  77|0x00000000a5900000, 0x00000000a5a00000, 0x00000000a5a00000|100%| O|  |TAMS 0x00000000a5900000| PB 0x00000000a5900000| Untracked 
|  78|0x00000000a5a00000, 0x00000000a5b00000, 0x00000000a5b00000|100%| O|  |TAMS 0x00000000a5a00000| PB 0x00000000a5a00000| Untracked 
|  79|0x00000000a5b00000, 0x00000000a5c00000, 0x00000000a5c00000|100%| O|  |TAMS 0x00000000a5b00000| PB 0x00000000a5b00000| Untracked 
|  80|0x00000000a5c00000, 0x00000000a5d00000, 0x00000000a5d00000|100%| O|  |TAMS 0x00000000a5c00000| PB 0x00000000a5c00000| Untracked 
|  81|0x00000000a5d00000, 0x00000000a5e00000, 0x00000000a5e00000|100%| O|  |TAMS 0x00000000a5d00000| PB 0x00000000a5d00000| Untracked 
|  82|0x00000000a5e00000, 0x00000000a5f00000, 0x00000000a5f00000|100%| O|  |TAMS 0x00000000a5e00000| PB 0x00000000a5e00000| Untracked 
|  83|0x00000000a5f00000, 0x00000000a6000000, 0x00000000a6000000|100%| O|  |TAMS 0x00000000a5f00000| PB 0x00000000a5f00000| Untracked 
|  84|0x00000000a6000000, 0x00000000a6000000, 0x00000000a6100000|  0%| F|  |TAMS 0x00000000a6000000| PB 0x00000000a6000000| Untracked 
|  85|0x00000000a6100000, 0x00000000a6200000, 0x00000000a6200000|100%| O|  |TAMS 0x00000000a6100000| PB 0x00000000a6100000| Untracked 
|  86|0x00000000a6200000, 0x00000000a6300000, 0x00000000a6300000|100%| O|  |TAMS 0x00000000a6200000| PB 0x00000000a6200000| Untracked 
|  87|0x00000000a6300000, 0x00000000a6400000, 0x00000000a6400000|100%| O|  |TAMS 0x00000000a6300000| PB 0x00000000a6300000| Untracked 
|  88|0x00000000a6400000, 0x00000000a6500000, 0x00000000a6500000|100%| O|  |TAMS 0x00000000a6400000| PB 0x00000000a6400000| Untracked 
|  89|0x00000000a6500000, 0x00000000a6600000, 0x00000000a6600000|100%| O|  |TAMS 0x00000000a6500000| PB 0x00000000a6500000| Untracked 
|  90|0x00000000a6600000, 0x00000000a6700000, 0x00000000a6700000|100%| O|  |TAMS 0x00000000a6600000| PB 0x00000000a6600000| Untracked 
|  91|0x00000000a6700000, 0x00000000a6800000, 0x00000000a6800000|100%| O|  |TAMS 0x00000000a6700000| PB 0x00000000a6700000| Untracked 
|  92|0x00000000a6800000, 0x00000000a6900000, 0x00000000a6900000|100%|HS|  |TAMS 0x00000000a6800000| PB 0x00000000a6800000| Complete 
|  93|0x00000000a6900000, 0x00000000a6a00000, 0x00000000a6a00000|100%|HC|  |TAMS 0x00000000a6900000| PB 0x00000000a6900000| Complete 
|  94|0x00000000a6a00000, 0x00000000a6b00000, 0x00000000a6b00000|100%|HC|  |TAMS 0x00000000a6a00000| PB 0x00000000a6a00000| Complete 
|  95|0x00000000a6b00000, 0x00000000a6c00000, 0x00000000a6c00000|100%| O|  |TAMS 0x00000000a6b00000| PB 0x00000000a6b00000| Untracked 
|  96|0x00000000a6c00000, 0x00000000a6d00000, 0x00000000a6d00000|100%| O|  |TAMS 0x00000000a6c00000| PB 0x00000000a6c00000| Untracked 
|  97|0x00000000a6d00000, 0x00000000a6e00000, 0x00000000a6e00000|100%| O|  |TAMS 0x00000000a6d00000| PB 0x00000000a6d00000| Untracked 
|  98|0x00000000a6e00000, 0x00000000a6f00000, 0x00000000a6f00000|100%| O|  |TAMS 0x00000000a6e00000| PB 0x00000000a6e00000| Untracked 
|  99|0x00000000a6f00000, 0x00000000a7000000, 0x00000000a7000000|100%|HS|  |TAMS 0x00000000a6f00000| PB 0x00000000a6f00000| Complete 
| 100|0x00000000a7000000, 0x00000000a7100000, 0x00000000a7100000|100%|HC|  |TAMS 0x00000000a7000000| PB 0x00000000a7000000| Complete 
| 101|0x00000000a7100000, 0x00000000a7200000, 0x00000000a7200000|100%|HC|  |TAMS 0x00000000a7100000| PB 0x00000000a7100000| Complete 
| 102|0x00000000a7200000, 0x00000000a7300000, 0x00000000a7300000|100%| O|  |TAMS 0x00000000a7200000| PB 0x00000000a7200000| Untracked 
| 103|0x00000000a7300000, 0x00000000a7400000, 0x00000000a7400000|100%| O|  |TAMS 0x00000000a7300000| PB 0x00000000a7300000| Untracked 
| 104|0x00000000a7400000, 0x00000000a7500000, 0x00000000a7500000|100%| O|  |TAMS 0x00000000a7400000| PB 0x00000000a7400000| Untracked 
| 105|0x00000000a7500000, 0x00000000a7600000, 0x00000000a7600000|100%| O|  |TAMS 0x00000000a7500000| PB 0x00000000a7500000| Untracked 
| 106|0x00000000a7600000, 0x00000000a7700000, 0x00000000a7700000|100%| O|  |TAMS 0x00000000a7600000| PB 0x00000000a7600000| Untracked 
| 107|0x00000000a7700000, 0x00000000a7800000, 0x00000000a7800000|100%| O|  |TAMS 0x00000000a7700000| PB 0x00000000a7700000| Untracked 
| 108|0x00000000a7800000, 0x00000000a7900000, 0x00000000a7900000|100%| O|  |TAMS 0x00000000a7800000| PB 0x00000000a7800000| Untracked 
| 109|0x00000000a7900000, 0x00000000a7a00000, 0x00000000a7a00000|100%| O|  |TAMS 0x00000000a7900000| PB 0x00000000a7900000| Untracked 
| 110|0x00000000a7a00000, 0x00000000a7b00000, 0x00000000a7b00000|100%| O|  |TAMS 0x00000000a7a00000| PB 0x00000000a7a00000| Untracked 
| 111|0x00000000a7b00000, 0x00000000a7c00000, 0x00000000a7c00000|100%| O|  |TAMS 0x00000000a7b00000| PB 0x00000000a7b00000| Untracked 
| 112|0x00000000a7c00000, 0x00000000a7d00000, 0x00000000a7d00000|100%| O|  |TAMS 0x00000000a7c00000| PB 0x00000000a7c00000| Untracked 
| 113|0x00000000a7d00000, 0x00000000a7d00000, 0x00000000a7e00000|  0%| F|  |TAMS 0x00000000a7d00000| PB 0x00000000a7d00000| Untracked 
| 114|0x00000000a7e00000, 0x00000000a7e00000, 0x00000000a7f00000|  0%| F|  |TAMS 0x00000000a7e00000| PB 0x00000000a7e00000| Untracked 
| 115|0x00000000a7f00000, 0x00000000a7f00000, 0x00000000a8000000|  0%| F|  |TAMS 0x00000000a7f00000| PB 0x00000000a7f00000| Untracked 
| 116|0x00000000a8000000, 0x00000000a8000000, 0x00000000a8100000|  0%| F|  |TAMS 0x00000000a8000000| PB 0x00000000a8000000| Untracked 
| 117|0x00000000a8100000, 0x00000000a8100000, 0x00000000a8200000|  0%| F|  |TAMS 0x00000000a8100000| PB 0x00000000a8100000| Untracked 
| 118|0x00000000a8200000, 0x00000000a8200000, 0x00000000a8300000|  0%| F|  |TAMS 0x00000000a8200000| PB 0x00000000a8200000| Untracked 
| 119|0x00000000a8300000, 0x00000000a8300000, 0x00000000a8400000|  0%| F|  |TAMS 0x00000000a8300000| PB 0x00000000a8300000| Untracked 
| 120|0x00000000a8400000, 0x00000000a8400000, 0x00000000a8500000|  0%| F|  |TAMS 0x00000000a8400000| PB 0x00000000a8400000| Untracked 
| 121|0x00000000a8500000, 0x00000000a8500000, 0x00000000a8600000|  0%| F|  |TAMS 0x00000000a8500000| PB 0x00000000a8500000| Untracked 
| 122|0x00000000a8600000, 0x00000000a8600000, 0x00000000a8700000|  0%| F|  |TAMS 0x00000000a8600000| PB 0x00000000a8600000| Untracked 
| 123|0x00000000a8700000, 0x00000000a8700000, 0x00000000a8800000|  0%| F|  |TAMS 0x00000000a8700000| PB 0x00000000a8700000| Untracked 
| 124|0x00000000a8800000, 0x00000000a8800000, 0x00000000a8900000|  0%| F|  |TAMS 0x00000000a8800000| PB 0x00000000a8800000| Untracked 
| 125|0x00000000a8900000, 0x00000000a8a00000, 0x00000000a8a00000|100%| S|CS|TAMS 0x00000000a8900000| PB 0x00000000a8900000| Complete 
| 126|0x00000000a8a00000, 0x00000000a8b00000, 0x00000000a8b00000|100%| S|CS|TAMS 0x00000000a8a00000| PB 0x00000000a8a00000| Complete 
| 127|0x00000000a8b00000, 0x00000000a8c00000, 0x00000000a8c00000|100%| S|CS|TAMS 0x00000000a8b00000| PB 0x00000000a8b00000| Complete 
| 128|0x00000000a8c00000, 0x00000000a8d00000, 0x00000000a8d00000|100%| S|CS|TAMS 0x00000000a8c00000| PB 0x00000000a8c00000| Complete 
| 129|0x00000000a8d00000, 0x00000000a8e00000, 0x00000000a8e00000|100%| S|CS|TAMS 0x00000000a8d00000| PB 0x00000000a8d00000| Complete 
| 130|0x00000000a8e00000, 0x00000000a8e00000, 0x00000000a8f00000|  0%| F|  |TAMS 0x00000000a8e00000| PB 0x00000000a8e00000| Untracked 
| 131|0x00000000a8f00000, 0x00000000a8f00000, 0x00000000a9000000|  0%| F|  |TAMS 0x00000000a8f00000| PB 0x00000000a8f00000| Untracked 
| 132|0x00000000a9000000, 0x00000000a9000000, 0x00000000a9100000|  0%| F|  |TAMS 0x00000000a9000000| PB 0x00000000a9000000| Untracked 
| 133|0x00000000a9100000, 0x00000000a9100000, 0x00000000a9200000|  0%| F|  |TAMS 0x00000000a9100000| PB 0x00000000a9100000| Untracked 
| 134|0x00000000a9200000, 0x00000000a9200000, 0x00000000a9300000|  0%| F|  |TAMS 0x00000000a9200000| PB 0x00000000a9200000| Untracked 
| 135|0x00000000a9300000, 0x00000000a9300000, 0x00000000a9400000|  0%| F|  |TAMS 0x00000000a9300000| PB 0x00000000a9300000| Untracked 
| 136|0x00000000a9400000, 0x00000000a9400000, 0x00000000a9500000|  0%| F|  |TAMS 0x00000000a9400000| PB 0x00000000a9400000| Untracked 
| 137|0x00000000a9500000, 0x00000000a9500000, 0x00000000a9600000|  0%| F|  |TAMS 0x00000000a9500000| PB 0x00000000a9500000| Untracked 
| 138|0x00000000a9600000, 0x00000000a9600000, 0x00000000a9700000|  0%| F|  |TAMS 0x00000000a9600000| PB 0x00000000a9600000| Untracked 
| 139|0x00000000a9700000, 0x00000000a9700000, 0x00000000a9800000|  0%| F|  |TAMS 0x00000000a9700000| PB 0x00000000a9700000| Untracked 
| 140|0x00000000a9800000, 0x00000000a9800000, 0x00000000a9900000|  0%| F|  |TAMS 0x00000000a9800000| PB 0x00000000a9800000| Untracked 
| 141|0x00000000a9900000, 0x00000000a9900000, 0x00000000a9a00000|  0%| F|  |TAMS 0x00000000a9900000| PB 0x00000000a9900000| Untracked 
| 142|0x00000000a9a00000, 0x00000000a9a00000, 0x00000000a9b00000|  0%| F|  |TAMS 0x00000000a9a00000| PB 0x00000000a9a00000| Untracked 
| 143|0x00000000a9b00000, 0x00000000a9b00000, 0x00000000a9c00000|  0%| F|  |TAMS 0x00000000a9b00000| PB 0x00000000a9b00000| Untracked 
| 144|0x00000000a9c00000, 0x00000000a9c00000, 0x00000000a9d00000|  0%| F|  |TAMS 0x00000000a9c00000| PB 0x00000000a9c00000| Untracked 
| 145|0x00000000a9d00000, 0x00000000a9d00000, 0x00000000a9e00000|  0%| F|  |TAMS 0x00000000a9d00000| PB 0x00000000a9d00000| Untracked 
| 146|0x00000000a9e00000, 0x00000000a9e00000, 0x00000000a9f00000|  0%| F|  |TAMS 0x00000000a9e00000| PB 0x00000000a9e00000| Untracked 
| 147|0x00000000a9f00000, 0x00000000a9f00000, 0x00000000aa000000|  0%| F|  |TAMS 0x00000000a9f00000| PB 0x00000000a9f00000| Untracked 
| 148|0x00000000aa000000, 0x00000000aa000000, 0x00000000aa100000|  0%| F|  |TAMS 0x00000000aa000000| PB 0x00000000aa000000| Untracked 
| 149|0x00000000aa100000, 0x00000000aa100000, 0x00000000aa200000|  0%| F|  |TAMS 0x00000000aa100000| PB 0x00000000aa100000| Untracked 
| 150|0x00000000aa200000, 0x00000000aa200000, 0x00000000aa300000|  0%| F|  |TAMS 0x00000000aa200000| PB 0x00000000aa200000| Untracked 
| 151|0x00000000aa300000, 0x00000000aa300000, 0x00000000aa400000|  0%| F|  |TAMS 0x00000000aa300000| PB 0x00000000aa300000| Untracked 
| 152|0x00000000aa400000, 0x00000000aa400000, 0x00000000aa500000|  0%| F|  |TAMS 0x00000000aa400000| PB 0x00000000aa400000| Untracked 
| 153|0x00000000aa500000, 0x00000000aa500000, 0x00000000aa600000|  0%| F|  |TAMS 0x00000000aa500000| PB 0x00000000aa500000| Untracked 
| 154|0x00000000aa600000, 0x00000000aa600000, 0x00000000aa700000|  0%| F|  |TAMS 0x00000000aa600000| PB 0x00000000aa600000| Untracked 
| 155|0x00000000aa700000, 0x00000000aa700000, 0x00000000aa800000|  0%| F|  |TAMS 0x00000000aa700000| PB 0x00000000aa700000| Untracked 
| 156|0x00000000aa800000, 0x00000000aa800000, 0x00000000aa900000|  0%| F|  |TAMS 0x00000000aa800000| PB 0x00000000aa800000| Untracked 
| 157|0x00000000aa900000, 0x00000000aa900000, 0x00000000aaa00000|  0%| F|  |TAMS 0x00000000aa900000| PB 0x00000000aa900000| Untracked 
| 158|0x00000000aaa00000, 0x00000000aaa00000, 0x00000000aab00000|  0%| F|  |TAMS 0x00000000aaa00000| PB 0x00000000aaa00000| Untracked 
| 159|0x00000000aab00000, 0x00000000aab00000, 0x00000000aac00000|  0%| F|  |TAMS 0x00000000aab00000| PB 0x00000000aab00000| Untracked 
| 160|0x00000000aac00000, 0x00000000aac00000, 0x00000000aad00000|  0%| F|  |TAMS 0x00000000aac00000| PB 0x00000000aac00000| Untracked 
| 161|0x00000000aad00000, 0x00000000aad00000, 0x00000000aae00000|  0%| F|  |TAMS 0x00000000aad00000| PB 0x00000000aad00000| Untracked 
| 162|0x00000000aae00000, 0x00000000aae00000, 0x00000000aaf00000|  0%| F|  |TAMS 0x00000000aae00000| PB 0x00000000aae00000| Untracked 
| 163|0x00000000aaf00000, 0x00000000aaf00000, 0x00000000ab000000|  0%| F|  |TAMS 0x00000000aaf00000| PB 0x00000000aaf00000| Untracked 
| 164|0x00000000ab000000, 0x00000000ab000000, 0x00000000ab100000|  0%| F|  |TAMS 0x00000000ab000000| PB 0x00000000ab000000| Untracked 
| 165|0x00000000ab100000, 0x00000000ab100000, 0x00000000ab200000|  0%| F|  |TAMS 0x00000000ab100000| PB 0x00000000ab100000| Untracked 
| 166|0x00000000ab200000, 0x00000000ab200000, 0x00000000ab300000|  0%| F|  |TAMS 0x00000000ab200000| PB 0x00000000ab200000| Untracked 
| 167|0x00000000ab300000, 0x00000000ab300000, 0x00000000ab400000|  0%| F|  |TAMS 0x00000000ab300000| PB 0x00000000ab300000| Untracked 
|1522|0x00000000ffe00000, 0x00000000fff00000, 0x00000000fff00000|100%| O|  |TAMS 0x00000000ffe00000| PB 0x00000000ffe00000| Untracked 
|1523|0x00000000fff00000, 0x0000000100000000, 0x0000000100000000|100%| O|  |TAMS 0x00000000fff00000| PB 0x00000000fff00000| Untracked 

Card table byte_map: [0x000001fc74230000,0x000001fc74530000] _byte_map_base: 0x000001fc73d2a000

Marking Bits: (CMBitMap*) 0x000001fc5e098290
 Bits: [0x000001fc74530000, 0x000001fc75d00000)

Polling page: 0x000001fc5bf20000

Metaspace:

Usage:
  Non-class:     31.46 MB used.
      Class:      3.57 MB used.
       Both:     35.03 MB used.

Virtual space:
  Non-class space:       64.00 MB reserved,      31.62 MB ( 49%) committed,  1 nodes.
      Class space:        1.00 GB reserved,       3.75 MB ( <1%) committed,  1 nodes.
             Both:        1.06 GB reserved,      35.38 MB (  3%) committed. 

Chunk freelists:
   Non-Class:  387.00 KB
       Class:  12.29 MB
        Both:  12.67 MB

MaxMetaspaceSize: unlimited
CompressedClassSpaceSize: 1.00 GB
Initial GC threshold: 21.00 MB
Current GC threshold: 58.56 MB
CDS: off
 - commit_granule_bytes: 65536.
 - commit_granule_words: 8192.
 - virtual_space_node_default_size: 8388608.
 - enlarge_chunks_in_place: 1.
 - use_allocation_guard: 0.


Internal statistics:

num_allocs_failed_limit: 3.
num_arena_births: 574.
num_arena_deaths: 70.
num_vsnodes_births: 2.
num_vsnodes_deaths: 0.
num_space_committed: 563.
num_space_uncommitted: 0.
num_chunks_returned_to_freelist: 100.
num_chunks_taken_from_freelist: 1662.
num_chunk_merges: 4.
num_chunk_splits: 1046.
num_chunks_enlarged: 678.
num_inconsistent_stats: 0.

CodeHeap 'non-profiled nmethods': size=120000Kb used=2591Kb max_used=2591Kb free=117408Kb
 bounds [0x000001fc6c6d0000, 0x000001fc6c960000, 0x000001fc73c00000]
CodeHeap 'profiled nmethods': size=120000Kb used=9552Kb max_used=9552Kb free=110447Kb
 bounds [0x000001fc64c00000, 0x000001fc65560000, 0x000001fc6c130000]
CodeHeap 'non-nmethods': size=5760Kb used=1497Kb max_used=1555Kb free=4262Kb
 bounds [0x000001fc6c130000, 0x000001fc6c3a0000, 0x000001fc6c6d0000]
 total_blobs=5373 nmethods=4800 adapters=477
 compilation: enabled
              stopped_count=0, restarted_count=0
 full_count=0

Compilation events (20 events):
Event: 25.087 Thread 0x000001fc7880e8e0 5492       3       org.wso2.ballerinalang.compiler.semantics.analyzer.Types$$Lambda/0x00000001003729e0::accept (16 bytes)
Event: 25.088 Thread 0x000001fc7880e8e0 nmethod 5492 0x000001fc65551f90 code [0x000001fc65552160, 0x000001fc655524d8]
Event: 25.089 Thread 0x000001fc7880e8e0 5493       3       org.wso2.ballerinalang.compiler.semantics.analyzer.Types::lambda$getAllTypes$21 (14 bytes)
Event: 25.089 Thread 0x000001fc7880e8e0 nmethod 5493 0x000001fc65552610 code [0x000001fc655527e0, 0x000001fc65552a08]
Event: 25.090 Thread 0x000001fc7880e8e0 5494       3       org.wso2.ballerinalang.compiler.semantics.analyzer.TypeChecker::checkExpr (42 bytes)
Event: 25.092 Thread 0x000001fc7880e8e0 nmethod 5494 0x000001fc65552b10 code [0x000001fc65552d60, 0x000001fc65553848]
Event: 25.092 Thread 0x000001fc7880e8e0 5496       3       org.wso2.ballerinalang.compiler.semantics.analyzer.TypeChecker::checkSelfReferences (31 bytes)
Event: 25.093 Thread 0x000001fc7880e8e0 nmethod 5496 0x000001fc65553b90 code [0x000001fc65553d60, 0x000001fc65554108]
Event: 25.093 Thread 0x000001fc7880e8e0 5497       3       org.wso2.ballerinalang.compiler.semantics.analyzer.TypeParamAnalyzer::notRequireTypeParams (13 bytes)
Event: 25.094 Thread 0x000001fc7880e8e0 nmethod 5497 0x000001fc65554290 code [0x000001fc65554440, 0x000001fc655545a8]
Event: 25.094 Thread 0x000001fc7880e8e0 5498       3       org.wso2.ballerinalang.compiler.tree.BLangSimpleVariable::accept (7 bytes)
Event: 25.094 Thread 0x000001fc7880e8e0 nmethod 5498 0x000001fc65554690 code [0x000001fc65554840, 0x000001fc65554a18]
Event: 25.095 Thread 0x000001fc7880e8e0 5495       3       org.wso2.ballerinalang.compiler.tree.expressions.BLangRecordLiteral::getKind (4 bytes)
Event: 25.095 Thread 0x000001fc7880e8e0 nmethod 5495 0x000001fc65554b10 code [0x000001fc65554ca0, 0x000001fc65554db8]
Event: 25.108 Thread 0x000001fc7880e8e0 5499       3       org.wso2.ballerinalang.compiler.tree.BLangResourceFunction::getKind (4 bytes)
Event: 25.108 Thread 0x000001fc7880e8e0 nmethod 5499 0x000001fc65554e90 code [0x000001fc65555020, 0x000001fc65555138]
Event: 25.116 Thread 0x000001fc7880e8e0 5500       3       org.wso2.ballerinalang.compiler.tree.statements.BLangExpressionStmt::getKind (4 bytes)
Event: 25.117 Thread 0x000001fc7880e8e0 nmethod 5500 0x000001fc65555210 code [0x000001fc655553a0, 0x000001fc655554b8]
Event: 25.118 Thread 0x000001fc7880e8e0 5501       3       org.wso2.ballerinalang.compiler.tree.expressions.BLangLiteral::accept (7 bytes)
Event: 25.119 Thread 0x000001fc7880e8e0 nmethod 5501 0x000001fc65555590 code [0x000001fc65555740, 0x000001fc65555918]

GC Heap History (20 events):
Event: 16.767 GC heap after
{Heap after GC invocations=12 (full 0):
 garbage-first heap   total 80896K, used 54531K [0x00000000a0c00000, 0x0000000100000000)
  region size 1024K, 1 young (1024K), 1 survivors (1024K)
 Metaspace       used 32267K, committed 32704K, reserved 1114112K
  class space    used 3291K, committed 3520K, reserved 1048576K
}
Event: 17.758 GC heap before
{Heap before GC invocations=13 (full 0):
 garbage-first heap   total 92160K, used 66819K [0x00000000a0c00000, 0x0000000100000000)
  region size 1024K, 14 young (14336K), 1 survivors (1024K)
 Metaspace       used 33468K, committed 33856K, reserved 1114112K
  class space    used 3420K, committed 3584K, reserved 1048576K
}
Event: 17.763 GC heap after
{Heap after GC invocations=14 (full 0):
 garbage-first heap   total 92160K, used 55205K [0x00000000a0c00000, 0x0000000100000000)
  region size 1024K, 2 young (2048K), 2 survivors (2048K)
 Metaspace       used 33468K, committed 33856K, reserved 1114112K
  class space    used 3420K, committed 3584K, reserved 1048576K
}
Event: 18.971 GC heap before
{Heap before GC invocations=14 (full 0):
 garbage-first heap   total 92160K, used 74661K [0x00000000a0c00000, 0x0000000100000000)
  region size 1024K, 22 young (22528K), 2 survivors (2048K)
 Metaspace       used 34310K, committed 34624K, reserved 1114112K
  class space    used 3547K, committed 3712K, reserved 1048576K
}
Event: 18.979 GC heap after
{Heap after GC invocations=15 (full 0):
 garbage-first heap   total 92160K, used 56745K [0x00000000a0c00000, 0x0000000100000000)
  region size 1024K, 3 young (3072K), 3 survivors (3072K)
 Metaspace       used 34310K, committed 34624K, reserved 1114112K
  class space    used 3547K, committed 3712K, reserved 1048576K
}
Event: 20.057 GC heap before
{Heap before GC invocations=15 (full 0):
 garbage-first heap   total 92160K, used 76201K [0x00000000a0c00000, 0x0000000100000000)
  region size 1024K, 23 young (23552K), 3 survivors (3072K)
 Metaspace       used 34380K, committed 34752K, reserved 1114112K
  class space    used 3547K, committed 3712K, reserved 1048576K
}
Event: 20.072 GC heap after
{Heap after GC invocations=16 (full 0):
 garbage-first heap   total 92160K, used 62446K [0x00000000a0c00000, 0x0000000100000000)
  region size 1024K, 3 young (3072K), 3 survivors (3072K)
 Metaspace       used 34380K, committed 34752K, reserved 1114112K
  class space    used 3547K, committed 3712K, reserved 1048576K
}
Event: 21.105 GC heap before
{Heap before GC invocations=17 (full 0):
 garbage-first heap   total 104448K, used 78830K [0x00000000a0c00000, 0x0000000100000000)
  region size 1024K, 20 young (20480K), 3 survivors (3072K)
 Metaspace       used 34454K, committed 34880K, reserved 1114112K
  class space    used 3549K, committed 3776K, reserved 1048576K
}
Event: 21.115 GC heap after
{Heap after GC invocations=18 (full 0):
 garbage-first heap   total 104448K, used 66974K [0x00000000a0c00000, 0x0000000100000000)
  region size 1024K, 3 young (3072K), 3 survivors (3072K)
 Metaspace       used 34454K, committed 34880K, reserved 1114112K
  class space    used 3549K, committed 3776K, reserved 1048576K
}
Event: 21.774 GC heap before
{Heap before GC invocations=18 (full 0):
 garbage-first heap   total 104448K, used 87454K [0x00000000a0c00000, 0x0000000100000000)
  region size 1024K, 24 young (24576K), 3 survivors (3072K)
 Metaspace       used 34587K, committed 35072K, reserved 1114112K
  class space    used 3554K, committed 3776K, reserved 1048576K
}
Event: 21.793 GC heap after
{Heap after GC invocations=19 (full 0):
 garbage-first heap   total 125952K, used 73615K [0x00000000a0c00000, 0x0000000100000000)
  region size 1024K, 3 young (3072K), 3 survivors (3072K)
 Metaspace       used 34587K, committed 35072K, reserved 1114112K
  class space    used 3554K, committed 3776K, reserved 1048576K
}
Event: 22.993 GC heap before
{Heap before GC invocations=19 (full 0):
 garbage-first heap   total 125952K, used 103311K [0x00000000a0c00000, 0x0000000100000000)
  region size 1024K, 33 young (33792K), 3 survivors (3072K)
 Metaspace       used 35311K, committed 35712K, reserved 1114112K
  class space    used 3637K, committed 3840K, reserved 1048576K
}
Event: 23.010 GC heap after
{Heap after GC invocations=20 (full 0):
 garbage-first heap   total 125952K, used 81220K [0x00000000a0c00000, 0x0000000100000000)
  region size 1024K, 5 young (5120K), 5 survivors (5120K)
 Metaspace       used 35311K, committed 35712K, reserved 1114112K
  class space    used 3637K, committed 3840K, reserved 1048576K
}
Event: 23.391 GC heap before
{Heap before GC invocations=20 (full 0):
 garbage-first heap   total 125952K, used 105796K [0x00000000a0c00000, 0x0000000100000000)
  region size 1024K, 30 young (30720K), 5 survivors (5120K)
 Metaspace       used 35392K, committed 35776K, reserved 1114112K
  class space    used 3643K, committed 3840K, reserved 1048576K
}
Event: 23.416 GC heap after
{Heap after GC invocations=21 (full 0):
 garbage-first heap   total 125952K, used 93108K [0x00000000a0c00000, 0x0000000100000000)
  region size 1024K, 4 young (4096K), 4 survivors (4096K)
 Metaspace       used 35392K, committed 35776K, reserved 1114112K
  class space    used 3643K, committed 3840K, reserved 1048576K
}
Event: 23.613 GC heap before
{Heap before GC invocations=21 (full 0):
 garbage-first heap   total 125952K, used 108468K [0x00000000a0c00000, 0x0000000100000000)
  region size 1024K, 20 young (20480K), 4 survivors (4096K)
 Metaspace       used 35487K, committed 35904K, reserved 1114112K
  class space    used 3645K, committed 3840K, reserved 1048576K
}
Event: 23.633 GC heap after
{Heap after GC invocations=22 (full 0):
 garbage-first heap   total 125952K, used 102218K [0x00000000a0c00000, 0x0000000100000000)
  region size 1024K, 3 young (3072K), 3 survivors (3072K)
 Metaspace       used 35487K, committed 35904K, reserved 1114112K
  class space    used 3645K, committed 3840K, reserved 1048576K
}
Event: 23.925 GC heap before
{Heap before GC invocations=23 (full 0):
 garbage-first heap   total 174080K, used 113482K [0x00000000a0c00000, 0x0000000100000000)
  region size 1024K, 13 young (13312K), 3 survivors (3072K)
 Metaspace       used 35520K, committed 35968K, reserved 1114112K
  class space    used 3633K, committed 3840K, reserved 1048576K
}
Event: 23.940 GC heap after
{Heap after GC invocations=24 (full 0):
 garbage-first heap   total 174080K, used 106496K [0x00000000a0c00000, 0x0000000100000000)
  region size 1024K, 2 young (2048K), 2 survivors (2048K)
 Metaspace       used 35520K, committed 35968K, reserved 1114112K
  class space    used 3633K, committed 3840K, reserved 1048576K
}
Event: 25.125 GC heap before
{Heap before GC invocations=24 (full 0):
 garbage-first heap   total 174080K, used 145408K [0x00000000a0c00000, 0x0000000100000000)
  region size 1024K, 38 young (38912K), 2 survivors (2048K)
 Metaspace       used 35866K, committed 36224K, reserved 1114112K
  class space    used 3653K, committed 3840K, reserved 1048576K
}

Dll operation events (5 events):
Event: 0.039 Loaded shared library C:\Program Files\Ballerina\dependencies\jdk-21.0.5+11-jre\bin\java.dll
Event: 1.357 Loaded shared library C:\Program Files\Ballerina\dependencies\jdk-21.0.5+11-jre\bin\net.dll
Event: 1.366 Loaded shared library C:\Program Files\Ballerina\dependencies\jdk-21.0.5+11-jre\bin\nio.dll
Event: 1.430 Loaded shared library C:\Program Files\Ballerina\dependencies\jdk-21.0.5+11-jre\bin\zip.dll
Event: 4.483 Loaded shared library C:\Program Files\Ballerina\dependencies\jdk-21.0.5+11-jre\bin\jimage.dll

Deoptimization events (20 events):
Event: 23.759 Thread 0x000001fc7e431850 Uncommon trap: trap_request=0xffffff45 fr.pc=0x000001fc6c7cdb28 relative=0x0000000000001ac8
Event: 23.759 Thread 0x000001fc7e431850 Uncommon trap: reason=unstable_if action=reinterpret pc=0x000001fc6c7cdb28 method=org.wso2.ballerinalang.compiler.BIRPackageSymbolEnter.readCPEntry(Ljava/io/DataInputStream;[Lorg/wso2/ballerinalang/compiler/bir/writer/CPEntry;Lorg/wso2/ballerinalang/compi
Event: 23.760 Thread 0x000001fc7e431850 DEOPT PACKING pc=0x000001fc6c7cdb28 sp=0x000000d54dcfe6a0
Event: 23.762 Thread 0x000001fc7e431850 DEOPT UNPACKING pc=0x000001fc6c1846a2 sp=0x000000d54dcfe670 mode 2
Event: 23.830 Thread 0x000001fc7e431850 DEOPT PACKING pc=0x000001fc653b5aba sp=0x000000d54dcfe740
Event: 23.830 Thread 0x000001fc7e431850 DEOPT UNPACKING pc=0x000001fc6c184e42 sp=0x000000d54dcfdce0 mode 0
Event: 23.954 Thread 0x000001fc7e431850 Uncommon trap: trap_request=0xffffff45 fr.pc=0x000001fc6c8ebb14 relative=0x0000000000000594
Event: 23.954 Thread 0x000001fc7e431850 Uncommon trap: reason=unstable_if action=reinterpret pc=0x000001fc6c8ebb14 method=org.ballerinalang.model.elements.PackageID.equals(Ljava/lang/Object;)Z @ 112 c2
Event: 23.954 Thread 0x000001fc7e431850 DEOPT PACKING pc=0x000001fc6c8ebb14 sp=0x000000d54dcfe1f0
Event: 23.954 Thread 0x000001fc7e431850 DEOPT UNPACKING pc=0x000001fc6c1846a2 sp=0x000000d54dcfe180 mode 2
Event: 24.327 Thread 0x000001fc7e431850 Uncommon trap: trap_request=0xffffff45 fr.pc=0x000001fc6c6d9530 relative=0x0000000000000190
Event: 24.328 Thread 0x000001fc7e431850 Uncommon trap: reason=unstable_if action=reinterpret pc=0x000001fc6c6d9530 method=jdk.internal.util.ArraysSupport.vectorizedHashCode(Ljava/lang/Object;IIII)I @ 2 c2
Event: 24.328 Thread 0x000001fc7e431850 DEOPT PACKING pc=0x000001fc6c6d9530 sp=0x000000d54dcfd390
Event: 24.328 Thread 0x000001fc7e431850 DEOPT UNPACKING pc=0x000001fc6c1846a2 sp=0x000000d54dcfd340 mode 2
Event: 24.865 Thread 0x000001fc7e9a40d0 DEOPT PACKING pc=0x000001fc653b5aba sp=0x000000d54d8fddc0
Event: 24.865 Thread 0x000001fc7e9a40d0 DEOPT UNPACKING pc=0x000001fc6c184e42 sp=0x000000d54d8fd360 mode 0
Event: 24.997 Thread 0x000001fc7e431850 Uncommon trap: trap_request=0xffffffdc fr.pc=0x000001fc6c9539ac relative=0x00000000000005ac
Event: 24.997 Thread 0x000001fc7e431850 Uncommon trap: reason=class_check action=make_not_entrant pc=0x000001fc6c9539ac method=java.util.ImmutableCollections$ListN.toArray([Ljava/lang/Object;)[Ljava/lang/Object; @ 21 c2
Event: 24.997 Thread 0x000001fc7e431850 DEOPT PACKING pc=0x000001fc6c9539ac sp=0x000000d54dcfc2a0
Event: 25.007 Thread 0x000001fc7e431850 DEOPT UNPACKING pc=0x000001fc6c1846a2 sp=0x000000d54dcfc220 mode 2

Classes loaded (20 events):
Event: 23.793 Loading class java/io/RandomAccessFile$1
Event: 23.799 Loading class java/io/RandomAccessFile$1 done
Event: 24.574 Loading class java/text/NumberFormat
Event: 24.575 Loading class java/text/NumberFormat done
Event: 24.575 Loading class java/text/spi/NumberFormatProvider
Event: 24.576 Loading class java/text/spi/NumberFormatProvider done
Event: 24.577 Loading class sun/util/locale/provider/NumberFormatProviderImpl
Event: 24.578 Loading class sun/util/locale/provider/NumberFormatProviderImpl done
Event: 24.579 Loading class java/text/DecimalFormat
Event: 24.581 Loading class java/text/DecimalFormat done
Event: 24.584 Loading class java/text/DigitList
Event: 24.585 Loading class java/text/DigitList done
Event: 24.586 Loading class java/text/FieldPosition$Delegate
Event: 24.586 Loading class java/text/Format$FieldDelegate
Event: 24.587 Loading class java/text/Format$FieldDelegate done
Event: 24.587 Loading class java/text/FieldPosition$Delegate done
Event: 24.587 Loading class java/text/NumberFormat$Field
Event: 24.588 Loading class java/text/NumberFormat$Field done
Event: 25.039 Loading class java/util/ArrayList$SubList$2
Event: 25.040 Loading class java/util/ArrayList$SubList$2 done

Classes unloaded (20 events):
Event: 23.771 Thread 0x000001fc7878e260 Unloading class 0x00000001003a86d8 'io/ballerina/stdlib/constraint/compiler/RecordFieldConstraintValidator$$Lambda+0x00000001003a86d8'
Event: 23.771 Thread 0x000001fc7878e260 Unloading class 0x00000001003a84b0 'io/ballerina/stdlib/constraint/compiler/annotation/tag/AnnotationTagDate'
Event: 23.771 Thread 0x000001fc7878e260 Unloading class 0x00000001003a8258 'io/ballerina/stdlib/constraint/compiler/annotation/tag/AnnotationTagArray'
Event: 23.771 Thread 0x000001fc7878e260 Unloading class 0x00000001003a8000 'io/ballerina/stdlib/constraint/compiler/annotation/tag/AnnotationTagString'
Event: 23.771 Thread 0x000001fc7878e260 Unloading class 0x00000001003a3d38 'io/ballerina/stdlib/constraint/compiler/annotation/tag/LengthConstrainedAnnotationTag'
Event: 23.771 Thread 0x000001fc7878e260 Unloading class 0x00000001003a3ac0 'io/ballerina/stdlib/constraint/compiler/annotation/tag/AnnotationTagNumber'
Event: 23.771 Thread 0x000001fc7878e260 Unloading class 0x00000001003a3848 'io/ballerina/stdlib/constraint/compiler/annotation/tag/AnnotationTagFloat'
Event: 23.771 Thread 0x000001fc7878e260 Unloading class 0x00000001003a35d0 'io/ballerina/stdlib/constraint/compiler/annotation/tag/AnnotationTagInt'
Event: 23.771 Thread 0x000001fc7878e260 Unloading class 0x00000001003a33e0 'io/ballerina/stdlib/constraint/compiler/annotation/tag/DigitsConstrainedAnnotationTag'
Event: 23.771 Thread 0x000001fc7878e260 Unloading class 0x00000001003a31f0 'io/ballerina/stdlib/constraint/compiler/annotation/tag/ValueConstrainedAnnotationTag'
Event: 23.771 Thread 0x000001fc7878e260 Unloading class 0x00000001003a3000 'io/ballerina/stdlib/constraint/compiler/annotation/tag/AnnotationTag'
Event: 23.771 Thread 0x000001fc7878e260 Unloading class 0x00000001003a2c78 'io/ballerina/stdlib/constraint/compiler/ConstraintCompatibilityMatrix'
Event: 23.771 Thread 0x000001fc7878e260 Unloading class 0x00000001003a2a80 'io/ballerina/stdlib/constraint/compiler/ConstraintCompilerPluginUtils'
Event: 23.771 Thread 0x000001fc7878e260 Unloading class 0x00000001003a2840 'io/ballerina/stdlib/constraint/compiler/TypeConstraintValidator$$Lambda+0x00000001003a2840'
Event: 23.771 Thread 0x000001fc7878e260 Unloading class 0x00000001003a2620 'io/ballerina/stdlib/constraint/compiler/TypeConstraintValidator'
Event: 23.771 Thread 0x000001fc7878e260 Unloading class 0x00000001003a2400 'io/ballerina/stdlib/constraint/compiler/RecordFieldConstraintValidator'
Event: 23.771 Thread 0x000001fc7878e260 Unloading class 0x00000001003a2200 'io/ballerina/stdlib/constraint/compiler/ConstraintCodeAnalyzer'
Event: 23.771 Thread 0x000001fc7878e260 Unloading class 0x00000001003a2000 'io/ballerina/stdlib/constraint/compiler/ConstraintCompilerPlugin'
Event: 23.771 Thread 0x000001fc7878e260 Unloading class 0x000000010038c200 'io/ballerina/stdlib/log/compiler/staticcodeanalyzer/StaticCodeAnalyzer'
Event: 23.771 Thread 0x000001fc7878e260 Unloading class 0x000000010038c000 'io/ballerina/stdlib/log/compiler/LogCompilerPlugin'

Classes redefined (0 events):
No events

Internal exceptions (20 events):
Event: 24.530 Thread 0x000001fc7e9a40d0 Exception <a 'sun/nio/fs/WindowsException'{0x00000000a99090e8}> (0x00000000a99090e8) 
thrown [s\src\hotspot\share\prims\jni.cpp, line 520]
Event: 24.576 Thread 0x000001fc7e9a40d0 Exception <a 'sun/nio/fs/WindowsException'{0x00000000a99a8c20}> (0x00000000a99a8c20) 
thrown [s\src\hotspot\share\prims\jni.cpp, line 520]
Event: 24.578 Thread 0x000001fc7e9a40d0 Exception <a 'sun/nio/fs/WindowsException'{0x00000000a99a9608}> (0x00000000a99a9608) 
thrown [s\src\hotspot\share\prims\jni.cpp, line 520]
Event: 24.578 Thread 0x000001fc7e9a40d0 Exception <a 'sun/nio/fs/WindowsException'{0x00000000a99a9e70}> (0x00000000a99a9e70) 
thrown [s\src\hotspot\share\prims\jni.cpp, line 520]
Event: 24.646 Thread 0x000001fc7e9a40d0 Exception <a 'sun/nio/fs/WindowsException'{0x00000000a985c300}> (0x00000000a985c300) 
thrown [s\src\hotspot\share\prims\jni.cpp, line 520]
Event: 24.646 Thread 0x000001fc7e9a40d0 Exception <a 'sun/nio/fs/WindowsException'{0x00000000a985ce90}> (0x00000000a985ce90) 
thrown [s\src\hotspot\share\prims\jni.cpp, line 520]
Event: 24.770 Thread 0x000001fc7f6cd690 Exception <a 'sun/nio/fs/WindowsException'{0x00000000a9828c48}> (0x00000000a9828c48) 
thrown [s\src\hotspot\share\prims\jni.cpp, line 520]
Event: 24.771 Thread 0x000001fc7f6cd690 Exception <a 'sun/nio/fs/WindowsException'{0x00000000a982a6d0}> (0x00000000a982a6d0) 
thrown [s\src\hotspot\share\prims\jni.cpp, line 520]
Event: 24.772 Thread 0x000001fc7f6cd690 Exception <a 'sun/nio/fs/WindowsException'{0x00000000a982b288}> (0x00000000a982b288) 
thrown [s\src\hotspot\share\prims\jni.cpp, line 520]
Event: 24.772 Thread 0x000001fc7f6cd690 Exception <a 'sun/nio/fs/WindowsException'{0x00000000a982bc70}> (0x00000000a982bc70) 
thrown [s\src\hotspot\share\prims\jni.cpp, line 520]
Event: 24.910 Thread 0x000001fc7f6cd690 Exception <a 'sun/nio/fs/WindowsException'{0x00000000a92075e8}> (0x00000000a92075e8) 
thrown [s\src\hotspot\share\prims\jni.cpp, line 520]
Event: 24.910 Thread 0x000001fc7f6cd690 Exception <a 'sun/nio/fs/WindowsException'{0x00000000a9207fd0}> (0x00000000a9207fd0) 
thrown [s\src\hotspot\share\prims\jni.cpp, line 520]
Event: 24.911 Thread 0x000001fc7f6cd690 Exception <a 'sun/nio/fs/WindowsException'{0x00000000a9208838}> (0x00000000a9208838) 
thrown [s\src\hotspot\share\prims\jni.cpp, line 520]
Event: 24.919 Thread 0x000001fc7e9a40d0 Exception <a 'sun/nio/fs/WindowsException'{0x00000000a93a7158}> (0x00000000a93a7158) 
thrown [s\src\hotspot\share\prims\jni.cpp, line 520]
Event: 24.920 Thread 0x000001fc7e9a40d0 Exception <a 'sun/nio/fs/WindowsException'{0x00000000a93a7b30}> (0x00000000a93a7b30) 
thrown [s\src\hotspot\share\prims\jni.cpp, line 520]
Event: 24.920 Thread 0x000001fc7e9a40d0 Exception <a 'sun/nio/fs/WindowsException'{0x00000000a93a8390}> (0x00000000a93a8390) 
thrown [s\src\hotspot\share\prims\jni.cpp, line 520]
Event: 24.974 Thread 0x000001fc7e9a40d0 Exception <a 'sun/nio/fs/WindowsException'{0x00000000a9175d80}> (0x00000000a9175d80) 
thrown [s\src\hotspot\share\prims\jni.cpp, line 520]
Event: 24.974 Thread 0x000001fc7e9a40d0 Exception <a 'sun/nio/fs/WindowsException'{0x00000000a9176908}> (0x00000000a9176908) 
thrown [s\src\hotspot\share\prims\jni.cpp, line 520]
Event: 25.054 Thread 0x000001fc7f6cd690 Exception <a 'sun/nio/fs/WindowsException'{0x00000000a9185bd8}> (0x00000000a9185bd8) 
thrown [s\src\hotspot\share\prims\jni.cpp, line 520]
Event: 25.055 Thread 0x000001fc7f6cd690 Exception <a 'sun/nio/fs/WindowsException'{0x00000000a9186768}> (0x00000000a9186768) 
thrown [s\src\hotspot\share\prims\jni.cpp, line 520]

ZGC Phase Switch (0 events):
No events

VM Operations (20 events):
Event: 21.793 Executing VM operation: G1CollectForAllocation (G1 Evacuation Pause) done
Event: 22.037 Executing VM operation: HandshakeAllThreads (Deoptimize)
Event: 22.037 Executing VM operation: HandshakeAllThreads (Deoptimize) done
Event: 22.794 Executing VM operation: ICBufferFull
Event: 22.794 Executing VM operation: ICBufferFull done
Event: 22.993 Executing VM operation: G1CollectForAllocation (G1 Evacuation Pause)
Event: 23.010 Executing VM operation: G1CollectForAllocation (G1 Evacuation Pause) done
Event: 23.391 Executing VM operation: G1CollectForAllocation (G1 Evacuation Pause)
Event: 23.417 Executing VM operation: G1CollectForAllocation (G1 Evacuation Pause) done
Event: 23.613 Executing VM operation: G1CollectForAllocation (G1 Evacuation Pause)
Event: 23.633 Executing VM operation: G1CollectForAllocation (G1 Evacuation Pause) done
Event: 23.769 Executing VM operation: G1PauseRemark
Event: 23.789 Executing VM operation: G1PauseRemark done
Event: 23.868 Executing VM operation: G1PauseCleanup
Event: 23.901 Executing VM operation: G1PauseCleanup done
Event: 23.925 Executing VM operation: G1CollectForAllocation (G1 Evacuation Pause)
Event: 23.940 Executing VM operation: G1CollectForAllocation (G1 Evacuation Pause) done
Event: 24.948 Executing VM operation: Cleanup
Event: 24.964 Executing VM operation: Cleanup done
Event: 25.125 Executing VM operation: G1CollectForAllocation (G1 Evacuation Pause)

Memory protections (0 events):
No events

Nmethod flushes (20 events):
Event: 23.786 Thread 0x000001fc7878e260 flushing  nmethod 0x000001fc65039e90
Event: 23.786 Thread 0x000001fc7878e260 flushing  nmethod 0x000001fc6503a590
Event: 23.786 Thread 0x000001fc7878e260 flushing  nmethod 0x000001fc6503c210
Event: 23.786 Thread 0x000001fc7878e260 flushing  nmethod 0x000001fc6503f290
Event: 23.786 Thread 0x000001fc7878e260 flushing  nmethod 0x000001fc6503f710
Event: 23.786 Thread 0x000001fc7878e260 flushing  nmethod 0x000001fc65040110
Event: 23.786 Thread 0x000001fc7878e260 flushing  nmethod 0x000001fc65044810
Event: 23.786 Thread 0x000001fc7878e260 flushing  nmethod 0x000001fc65045a90
Event: 23.786 Thread 0x000001fc7878e260 flushing  nmethod 0x000001fc65080e90
Event: 23.786 Thread 0x000001fc7878e260 flushing  nmethod 0x000001fc65083f10
Event: 23.786 Thread 0x000001fc7878e260 flushing  nmethod 0x000001fc6509e610
Event: 23.786 Thread 0x000001fc7878e260 flushing  nmethod 0x000001fc650a0290
Event: 23.786 Thread 0x000001fc7878e260 flushing  nmethod 0x000001fc650a1f90
Event: 23.786 Thread 0x000001fc7878e260 flushing  nmethod 0x000001fc650a2390
Event: 23.786 Thread 0x000001fc7878e260 flushing  nmethod 0x000001fc650a3990
Event: 23.786 Thread 0x000001fc7878e260 flushing  nmethod 0x000001fc650af710
Event: 23.786 Thread 0x000001fc7878e260 flushing  nmethod 0x000001fc65152410
Event: 23.786 Thread 0x000001fc7878e260 flushing  nmethod 0x000001fc65224110
Event: 23.786 Thread 0x000001fc7878e260 flushing  nmethod 0x000001fc6522ba90
Event: 23.786 Thread 0x000001fc7878e260 flushing  nmethod 0x000001fc6522c490

Events (20 events):
Event: 5.221 Thread 0x000001fc7d574d60 Thread exited: 0x000001fc7d574d60
Event: 6.367 Thread 0x000001fc7880e8e0 Thread added: 0x000001fc7d9383b0
Event: 6.675 Thread 0x000001fc5e051730 Thread added: 0x000001fc7e9a40d0
Event: 7.357 Thread 0x000001fc7e9a40d0 Thread added: 0x000001fc7f6cd690
Event: 7.632 Thread 0x000001fc7f6cd690 Thread added: 0x000001fc7eeb8610
Event: 8.544 Thread 0x000001fc7d9383b0 Thread exited: 0x000001fc7d9383b0
Event: 15.976 Thread 0x000001fc7880e8e0 Thread added: 0x000001fc7e431850
Event: 18.297 Thread 0x000001fc7880e8e0 Thread added: 0x000001fc7f78cce0
Event: 20.689 Thread 0x000001fc7f78cce0 Thread exited: 0x000001fc7f78cce0
Event: 20.689 Thread 0x000001fc7e431850 Thread exited: 0x000001fc7e431850
Event: 20.821 Thread 0x000001fc7880e8e0 Thread added: 0x000001fc7e431850
Event: 21.104 Thread 0x000001fc7e431850 Thread exited: 0x000001fc7e431850
Event: 21.216 Thread 0x000001fc7880e8e0 Thread added: 0x000001fc01f597c0
Event: 22.156 Thread 0x000001fc7880e8e0 Thread added: 0x000001fc7e431850
Event: 22.302 Thread 0x000001fc7e9a40d0 Thread added: 0x000001fc7ddaae60
Event: 22.637 Thread 0x000001fc7e431850 Thread exited: 0x000001fc7e431850
Event: 23.306 Thread 0x000001fc7eeb8610 Thread added: 0x000001fc7e431850
Event: 23.312 Thread 0x000001fc7e431850 Thread added: 0x000001fc034698f0
Event: 23.313 Thread 0x000001fc7e431850 Thread added: 0x000001fc02b30890
Event: 23.429 Thread 0x000001fc7880e8e0 Thread added: 0x000001fc7e0c6e00


Dynamic libraries:
0x00007ff73a710000 - 0x00007ff73a71e000 	C:\Program Files\Ballerina\dependencies\jdk-21.0.5+11-jre\bin\java.exe
0x00007ffa82e60000 - 0x00007ffa830c8000 	C:\WINDOWS\SYSTEM32\ntdll.dll
0x00007ffa821d0000 - 0x00007ffa82299000 	C:\WINDOWS\System32\KERNEL32.DLL
0x00007ffa804f0000 - 0x00007ffa808e2000 	C:\WINDOWS\System32\KERNELBASE.dll
0x00007ffa80a20000 - 0x00007ffa80b6b000 	C:\WINDOWS\System32\ucrtbase.dll
0x00007ffa6ae00000 - 0x00007ffa6ae1e000 	C:\Program Files\Ballerina\dependencies\jdk-21.0.5+11-jre\bin\VCRUNTIME140.dll
0x00007ffa694f0000 - 0x00007ffa69508000 	C:\Program Files\Ballerina\dependencies\jdk-21.0.5+11-jre\bin\jli.dll
0x00007ffa82000000 - 0x00007ffa821c5000 	C:\WINDOWS\System32\USER32.dll
0x00007ffa6ea60000 - 0x00007ffa6ecf3000 	C:\WINDOWS\WinSxS\amd64_microsoft.windows.common-controls_6595b64144ccf1df_6.0.26100.6725_none_3e085828e334708b\COMCTL32.dll
0x00007ffa80340000 - 0x00007ffa80367000 	C:\WINDOWS\System32\win32u.dll
0x00007ffa81260000 - 0x00007ffa81309000 	C:\WINDOWS\System32\msvcrt.dll
0x00007ffa82560000 - 0x00007ffa8258b000 	C:\WINDOWS\System32\GDI32.dll
0x00007ffa808f0000 - 0x00007ffa80a1d000 	C:\WINDOWS\System32\gdi32full.dll
0x00007ffa80290000 - 0x00007ffa80333000 	C:\WINDOWS\System32\msvcp_win.dll
0x00007ffa81e20000 - 0x00007ffa81e4f000 	C:\WINDOWS\System32\IMM32.DLL
0x00007ffa7cfb0000 - 0x00007ffa7cfbc000 	C:\Program Files\Ballerina\dependencies\jdk-21.0.5+11-jre\bin\vcruntime140_1.dll
0x00007ffa5d630000 - 0x00007ffa5d6bd000 	C:\Program Files\Ballerina\dependencies\jdk-21.0.5+11-jre\bin\msvcp140.dll
0x00007ffa1a250000 - 0x00007ffa1afdf000 	C:\Program Files\Ballerina\dependencies\jdk-21.0.5+11-jre\bin\server\jvm.dll
0x00007ffa82740000 - 0x00007ffa827f4000 	C:\WINDOWS\System32\ADVAPI32.dll
0x00007ffa810b0000 - 0x00007ffa81156000 	C:\WINDOWS\System32\sechost.dll
0x00007ffa82620000 - 0x00007ffa82738000 	C:\WINDOWS\System32\RPCRT4.dll
0x00007ffa81b60000 - 0x00007ffa81bd4000 	C:\WINDOWS\System32\WS2_32.dll
0x00007ffa7fe50000 - 0x00007ffa7feae000 	C:\WINDOWS\SYSTEM32\POWRPROF.dll
0x00007ffa78eb0000 - 0x00007ffa78ebb000 	C:\WINDOWS\SYSTEM32\VERSION.dll
0x00007ffa78e70000 - 0x00007ffa78ea5000 	C:\WINDOWS\SYSTEM32\WINMM.dll
0x00007ffa7fe30000 - 0x00007ffa7fe44000 	C:\WINDOWS\SYSTEM32\UMPDC.dll
0x00007ffa7edc0000 - 0x00007ffa7eddb000 	C:\WINDOWS\SYSTEM32\kernel.appcore.dll
0x00007ffa7b0c0000 - 0x00007ffa7b0ca000 	C:\Program Files\Ballerina\dependencies\jdk-21.0.5+11-jre\bin\jimage.dll
0x00007ffa75720000 - 0x00007ffa75962000 	C:\WINDOWS\SYSTEM32\DBGHELP.DLL
0x00007ffa80d30000 - 0x00007ffa810ab000 	C:\WINDOWS\System32\combase.dll
0x00007ffa82400000 - 0x00007ffa824d7000 	C:\WINDOWS\System32\OLEAUT32.dll
0x00007ffa73020000 - 0x00007ffa7305c000 	C:\WINDOWS\SYSTEM32\dbgcore.DLL
0x00007ffa801f0000 - 0x00007ffa80288000 	C:\WINDOWS\System32\bcryptPrimitives.dll
0x00007ffa63d10000 - 0x00007ffa63d2f000 	C:\Program Files\Ballerina\dependencies\jdk-21.0.5+11-jre\bin\java.dll
0x00007ffa81410000 - 0x00007ffa81b5c000 	C:\WINDOWS\System32\SHELL32.dll
0x00007ffa7fff0000 - 0x00007ffa8015b000 	C:\WINDOWS\System32\wintypes.dll
0x00007ffa7dc30000 - 0x00007ffa7e48d000 	C:\WINDOWS\SYSTEM32\windows.storage.dll
0x00007ffa81310000 - 0x00007ffa81402000 	C:\WINDOWS\System32\SHCORE.dll
0x00007ffa80cb0000 - 0x00007ffa80d12000 	C:\WINDOWS\System32\shlwapi.dll
0x00007ffa7ff10000 - 0x00007ffa7ff39000 	C:\WINDOWS\SYSTEM32\profapi.dll
0x00007ffa7a7f0000 - 0x00007ffa7a800000 	C:\Program Files\Ballerina\dependencies\jdk-21.0.5+11-jre\bin\net.dll
0x00007ffa78bb0000 - 0x00007ffa78ccf000 	C:\WINDOWS\SYSTEM32\WINHTTP.dll
0x00007ffa7f330000 - 0x00007ffa7f39b000 	C:\WINDOWS\system32\mswsock.dll
0x00007ffa62ee0000 - 0x00007ffa62ef6000 	C:\Program Files\Ballerina\dependencies\jdk-21.0.5+11-jre\bin\nio.dll
0x00007ffa61c40000 - 0x00007ffa61c58000 	C:\Program Files\Ballerina\dependencies\jdk-21.0.5+11-jre\bin\zip.dll
0x00007ffa7f5f0000 - 0x00007ffa7f60b000 	C:\WINDOWS\SYSTEM32\CRYPTSP.dll
0x00007ffa7ed20000 - 0x00007ffa7ed5b000 	C:\WINDOWS\system32\rsaenh.dll
0x00007ffa7f3d0000 - 0x00007ffa7f3fb000 	C:\WINDOWS\SYSTEM32\USERENV.dll
0x00007ffa7fee0000 - 0x00007ffa7ff06000 	C:\WINDOWS\SYSTEM32\bcrypt.dll
0x00007ffa7f5e0000 - 0x00007ffa7f5ec000 	C:\WINDOWS\SYSTEM32\CRYPTBASE.dll
0x00007ffa7e7e0000 - 0x00007ffa7e814000 	C:\WINDOWS\SYSTEM32\IPHLPAPI.DLL
0x00007ffa82800000 - 0x00007ffa8280a000 	C:\WINDOWS\System32\NSI.dll

dbghelp: loaded successfully - version: 4.0.5 - missing functions: none
symbol engine: initialized successfully - sym options: 0x614 - pdb path: .;C:\Program Files\Ballerina\dependencies\jdk-21.0.5+11-jre\bin;C:\WINDOWS\SYSTEM32;C:\WINDOWS\WinSxS\amd64_microsoft.windows.common-controls_6595b64144ccf1df_6.0.26100.6725_none_3e085828e334708b;C:\Program Files\Ballerina\dependencies\jdk-21.0.5+11-jre\bin\server

VM Arguments:
jvm_args: -Dballerina.home=C:\Program Files\Ballerina\distributions\ballerina-2201.12.7 
java_command: org.ballerinalang.langserver.launchers.stdio.Main
java_class_path (initial): C:\Program Files\Ballerina\distributions\ballerina-2201.12.7\bre\lib\annotations-2201.12.7.jar;C:\Program Files\Ballerina\distributions\ballerina-2201.12.7\bre\lib\array-2201.12.7.jar;C:\Program Files\Ballerina\distributions\ballerina-2201.12.7\bre\lib\asm-9.7.jar;C:\Program Files\Ballerina\distributions\ballerina-2201.12.7\bre\lib\asm-analysis-9.7.jar;C:\Program Files\Ballerina\distributions\ballerina-2201.12.7\bre\lib\asm-commons-9.7.jar;C:\Program Files\Ballerina\distributions\ballerina-2201.12.7\bre\lib\asm-tree-9.7.jar;C:\Program Files\Ballerina\distributions\ballerina-2201.12.7\bre\lib\asm-util-9.7.jar;C:\Program Files\Ballerina\distributions\ballerina-2201.12.7\bre\lib\asyncapi-cli-0.11.0.jar;C:\Program Files\Ballerina\distributions\ballerina-2201.12.7\bre\lib\atomikos-util-5.0.8.jar;C:\Program Files\Ballerina\distributions\ballerina-2201.12.7\bre\lib\axiom-api-1.4.0.jar;C:\Program Files\Ballerina\distributions\ballerina-2201.12.7\bre\lib\axiom-impl-1.4.0.jar;C:\Program Files\Ballerina\distributions\ballerina-2201.12.7\bre\lib\ballerina-bindgen-2201.12.7.jar;C:\Program Files\Ballerina\distributions\ballerina-2201.12.7\bre\lib\ballerina-cli-2201.12.7.jar;C:\Program Files\Ballerina\distributions\ballerina-2201.12.7\bre\lib\ballerina-io-internal-2201.12.7.jar;C:\Program Files\Ballerina\distributions\ballerina-2201.12.7\bre\lib\ballerina-lang-2201.12.7.jar;C:\Program Files\Ballerina\distributions\ballerina-2201.12.7\bre\lib\ballerina-linter-2201.12.7.jar;C:\Program Files\Ballerina\distributions\ballerina-2201.12.7\bre\lib\ballerina-metrics-extension-2201.12.7.jar;C:\Program Files\Ballerina\distributions\ballerina-2201.12.7\bre\lib\ballerina-parser-2201.12.7.jar;C:\Program Files\Ballerina\distributions\ballerina-2201.12.7\bre\lib\ballerina-profiler-1.0.jar;C:\Program Files\Ballerina\distributions\ballerina-2201.12.7\bre\lib\ballerina-rt-2201.12.7.jar;C:\Program Files\Ballerina\distributions\ballerina-2201.12.7\bre\lib\ballerina-to-openapi-2.3.2.jar;C:\Program Files\Ballerina\distributions\ballerina-2201.12.7\bre\lib\ballerina-tools-api-2201.12.7.jar;C:\Program Files\Ballerina\distributions\ballerina-2201.12.7\bre\lib\bool-2201.12.7.jar;C:\Program Files\Ballerina\distributions\ballerina-2201.12.7\bre\lib\central-client-2201.12.7.jar;C:\Program Files\Ballerina\distributions\ballerina-2201.12.7\bre\lib\commons-beanutils-1.9.4.jar;C:\Program Files\Ballerina\distributions\ballerina-2201.12.7\bre\lib\commons-codec-1.14.jar;C:\Program Files\Ballerina\distributions\ballerina-2201.12.7\bre\lib\commons-collections-3.2.2.jar;C:\Program Files\Ballerina\distributions\ballerina-2201.12.7\bre\lib\commons-compress-1.26.2.jar;C:\Program Files\Ballerina\distributions\ballerina-2201.12.7\bre\lib\commons-text-1.10.0.jar;C:\Program Files\Ballerina\distributions\ballerina-2201.12.7\bre\lib\compiler-0.8.9.jar;C:\Program Files\Ballerina\distributions\ballerina-2201.12.7\bre\lib\configurable-schema-generator-2201.12.7.jar;C:\Program Files\Ballerina\distributions\ballerina-2201.12.7\bre\lib\decimal-2201.12.7.jar;C:\Program Files\Ballerina\distributions\ballerina-2201.12.7\bre\lib\docerina-2201.12.7.jar;C:\Program Files\Ballerina\distributions\ballerina-2201.12.7\bre\lib\error-2201.12.7.jar;C:\Program Files\Ballerina\distributions\ballerina-2201.12.7\bre\lib\floatingpoint-2201.12.7.jar;C:\Program Files\Ballerina\distributions\ballerina-2201.12.7\bre\lib\formatter-cli-2201.12.7.jar;C:\Program Files\Ballerina\distributions\ballerina-2201.12.7\bre\lib\formatter-core-2201.12.7.jar;C:\Program Files\Ballerina\distributions\ballerina-2201.12.7\bre\lib\function-2201.12.7.jar;C:\Program Files\Ballerina\distributions\ballerina-2201.12.7\bre\lib\future-2201.12.7.jar;C:\Program Files\Ballerina\distributions\ballerina-2201.12.7\bre\lib\geronimo-stax-api_1.0_spec-1.0.1.jar;C:\Program Files\Ballerina\distributions\ballerina-2201.12.7\bre\lib\graphql-cli-0.13.0.jar;C:\Program Files\Ballerina\distributions\ballerina-2201.12.7\bre\lib\graphql-code-generator-0.13.0.jar;C:\Program Files\Ballerina\distributions\ballerina-2201.12.7\bre\lib\graphql-schema-file-generator-0.13.0.jar;C:\Program Files\Ballerina\distributions\ballerina-2201.12.7\bre\lib\gson-2.10.1.jar;C:\Program Files\Ballerina\distributions\ballerina-2201.12.7\bre\lib\identifier-util-2201.12.7.jar;C:\Program Files\Ballerina\distributions\ballerina-2201.12.7\bre\lib\integer-2201.12.7.jar;C:\Program Files\Ballerina\distributions\ballerina-2201.12.7\bre\lib\internal-2201.12.7.jar;C:\Program Files\Ballerina\distributions\ballerina-2201.12.7\bre\lib\jackson-annotations-2.15.3.jar;C:\Program Files\Ballerina\distributions\ballerina-2201.12.7\bre\lib\jackson-core-2.15.3.jar;C:\Program Files\Ballerina\distributions\ballerina-2201.12.7\bre\lib\jackson-databind-2.15.3.jar;C:\Program Files\Ballerina\distributions\ballerina-2201.12.7\bre\lib\jackson-dataformat-yaml-2.15.3.jar;C:\Program Files\Ballerina\distributions\ballerina-2201.12.7\bre\lib\jackson-datatype-jsr310-2.15.3.jar;C:\Program Files\Ballerina\distributions\ballerina-2201.12.7\bre\lib\jacocoagent.jar;C:\Program Files\Ballerina\distributions\ballerina-2201.12.7\bre\lib\jaeger-core-0.31.0.jar;C:\Program Files\Ballerina\distributions\ballerina-2201.12.7\bre\lib\jaeger-thrift-0.31.0.jar;C:\Program Files\Ballerina\distributions\ballerina-2201.12.7\bre\lib\java-diff-utils-4.5.jar;C:\Program Files\Ballerina\distributions\ballerina-2201.12.7\bre\lib\javax.mail-1.6.2.jar;C:\Program Files\Ballerina\distributions\ballerina-2201.12.7\bre\lib\javax.transaction-api-1.3.jar;C:\Program Files\Ballerina\distributions\ballerina-2201.12.7\bre\lib\jballerina.java-2201.12.7.jar;C:\Program Files\Ballerina\distributions\ballerina-2201.12.7\bre\lib\jline-3.25.0.jar;C:\Program Files\Ballerina\distributions\ballerina-2201.12.7\bre\lib\kotlin-stdlib-1.6.0.jar;C:\Program Files\Ballerina\distributions\ballerina-2201.12.7\bre\lib\kotlin-stdlib-common-1.6.0.jar;C:\Program Files\Ballerina\distributions\ballerina-2201.12.7\bre\lib\map-2201.12.7.jar;C:\Program Files\Ballerina\distributions\ballerina-2201.12.7\bre\lib\maven-resolver-2201.12.7.jar;C:\Program Files\Ballerina\distributions\ballerina-2201.12.7\bre\lib\netty-buffer-4.1.118.Final.jar;C:\Program Files\Ballerina\distributions\ballerina-2201.12.7\bre\lib\netty-common-4.1.118.Final.jar;C:\Program Files\Ballerina\distributions\ballerina-2201.12.7\bre\lib\netty-resolver-4.1.118.Final.jar;C:\Program Files\Ballerina\distributions\ballerina-2201.12.7\bre\lib\netty-transport-4.1.118.Final.jar;C:\Program Files\Ballerina\distributions\ballerina-2201.12.7\bre\lib\netty-transport-native-epoll-4.1.118.Final.jar;C:\Program Files\Ballerina\distributions\ballerina-2201.12.7\bre\lib\netty-transport-native-kqueue-4.1.118.Final.jar;C:\Program Files\Ballerina\distributions\ballerina-2201.12.7\bre\lib\object-2201.12.7.jar;C:\Program Files\Ballerina\distributions\ballerina-2201.12.7\bre\lib\okhttp-3.14.0.jar;C:\Program Files\Ballerina\distributions\ballerina-2201.12.7\bre\lib\okio-jvm-3.4.0.jar;C:\Program Files\Ballerina\distributions\ballerina-2201.12.7\bre\lib\openapi-bal-task-plugin-2.3.2.jar;C:\Program Files\Ballerina\distributions\ballerina-2201.12.7\bre\lib\openapi-build-extension-2.3.2.jar;C:\Program Files\Ballerina\distributions\ballerina-2201.12.7\bre\lib\openapi-cli-2.3.2.jar;C:\Program Files\Ballerina\distributions\ballerina-2201.12.7\bre\lib\openapi-core-2.3.2.jar;C:\Program Files\Ballerina\distributions\ballerina-2201.12.7\bre\lib\openapi-validator-2.3.2.jar;C:\Program Files\Ballerina\distributions\ballerina-2201.12.7\bre\lib\org.jacoco.core-0.8.12.jar;C:\Program Files\Ballerina\distributions\ballerina-2201.12.7\bre\lib\org.jacoco.report-0.8.12.jar;C:\Program Files\Ballerina\distributions\ballerina-2201.12.7\bre\lib\org.wso2.carbon.core-5.1.0.jar;C:\Program Files\Ballerina\distributions\ballerina-2201.12.7\bre\lib\org.wso2.carbon.messaging-2.3.7.jar;C:\Program Files\Ballerina\distributions\ballerina-2201.12.7\bre\lib\org.wso2.carbon.metrics.core-2.3.7.jar;C:\Program Files\Ballerina\distributions\ballerina-2201.12.7\bre\lib\org.wso2.securevault-1.0.0-wso2v2.jar;C:\Program Files\Ballerina\distributions\ballerina-2201.12.7\bre\lib\org.wso2.transport.http.netty-6.3.11.jar;C:\Program Files\Ballerina\distributions\ballerina-2201.12.7\bre\lib\org.wso2.transport.local-file-system-6.0.55.jar;C:\Program Files\Ballerina\distributions\ballerina-2201.12.7\bre\lib\package-semantic-analyzer-1.0.0.jar;C:\Program Files\Ballerina\distributions\ballerina-2201.12.7\bre\lib\persist-cli-1.6.0.jar;C:\Program Files\Ballerina\distributions\ballerina-2201.12.7\bre\lib\picocli-4.0.1.jar;C:\Program Files\Ballerina\distributions\ballerina-2201.12.7\bre\lib\progressbar-0.7.4.jar;C:\Program Files\Ballerina\distributions\ballerina-2201.12.7\bre\lib\protoc-cli-0.5.0.jar;C:\Program Files\Ballerina\distributions\ballerina-2201.12.7\bre\lib\query-2201.12.7.jar;C:\Program Files\Ballerina\distributions\ballerina-2201.12.7\bre\lib\regexp-2201.12.7.jar;C:\Program Files\Ballerina\distributions\ballerina-2201.12.7\bre\lib\runtime-2201.12.7.jar;C:\Program Files\Ballerina\distributions\ballerina-2201.12.7\bre\lib\semver-checker-cli-2201.12.7.jar;C:\Program Files\Ballerina\distributions\ballerina-2201.12.7\bre\lib\semver-checker-core-2201.12.7.jar;C:\Program Files\Ballerina\distributions\ballerina-2201.12.7\bre\lib\shell-cli-2201.12.7.jar;C:\Program Files\Ballerina\distributions\ballerina-2201.12.7\bre\lib\shell-core-2201.12.7.jar;C:\Program Files\Ballerina\distributions\ballerina-2201.12.7\bre\lib\snakeyaml-2.0.jar;C:\Program Files\Ballerina\distributions\ballerina-2201.12.7\bre\lib\sqlite-jdbc-3.47.0.0.jar;C:\Program Files\Ballerina\distributions\ballerina-2201.12.7\bre\lib\stax2-api-4.2.1.jar;C:\Program Files\Ballerina\distributions\ballerina-2201.12.7\bre\lib\staxon-core-1.2.0.wso2v2.jar;C:\Program Files\Ballerina\distributions\ballerina-2201.12.7\bre\lib\stream-2201.12.7.jar;C:\Program Files\Ballerina\distributions\ballerina-2201.12.7\bre\lib\string-2201.12.7.jar;C:\Program Files\Ballerina\distributions\ballerina-2201.12.7\bre\lib\syntax-api-calls-gen-2201.12.7.jar;C:\Program Files\Ballerina\distributions\ballerina-2201.12.7\bre\lib\table-2201.12.7.jar;C:\Program Files\Ballerina\distributions\ballerina-2201.12.7\bre\lib\testerina-core-2201.12.7.jar;C:\Program Files\Ballerina\distributions\ballerina-2201.12.7\bre\lib\testerina-runtime-2201.12.7.jar;C:\Program Files\Ballerina\distributions\ballerina-2201.12.7\bre\lib\toml-parser-2201.12.7.jar;C:\Program Files\Ballerina\distributions\ballerina-2201.12.7\bre\lib\transaction-2201.12.7.jar;C:\Program Files\Ballerina\distributions\ballerina-2201.12.7\bre\lib\transactions-5.0.8.jar;C:\Program Files\Ballerina\distributions\ballerina-2201.12.7\bre\lib\transactions-api-5.0.8.jar;C:\Program Files\Ballerina\distributions\ballerina-2201.12.7\bre\lib\transactions-jta-5.0.8.jar;C:\Program Files\Ballerina\distributions\ballerina-2201.12.7\bre\lib\typedesc-2201.12.7.jar;C:\Program Files\Ballerina\distributions\ballerina-2201.12.7\bre\lib\value-2201.12.7.jar;C:\Program Files\Ballerina\distributions\ballerina-2201.12.7\bre\lib\woodstox-core-6.5.0.jar;C:\Program Files\Ballerina\distributions\ballerina-2201.12.7\bre\lib\xml-2201.12.7.jar;C:\Program Files\Ballerina\distributions\ballerina-2201.12.7\lib\tools\lang-server\lib\ballerinalang-data-mapper-2201.12.7.jar;C:\Program Files\Ballerina\distributions\ballerina-2201.12.7\lib\tools\lang-server\lib\cloud-tooling-3.3.2.jar;C:\Program Files\Ballerina\distributions\ballerina-2201.12.7\lib\tools\lang-server\lib\commons-io-2.15.1.jar;C:\Program Files\Ballerina\distributions\ballerina-2201.12.7\lib\tools\lang-server\lib\guava-32.0.1-jre.jar;C:\Program Files\Ballerina\distributions\ballerina-2201.12.7\lib\tools\lang-server\lib\json-to-record-converter-2201.12.7.jar;C:\Program Files\Ballerina\distributions\ballerina-2201.12.7\lib\tools\lang-server\lib\openapi-ls-extension-2.3.2.jar;C:\Program Files\Ballerina\distributions\ballerina-2201.12.7\lib\tools\lang-server\lib\partial-parser-2201.12.7.jar;C:\Program Files\Ballerina\distributions\ballerina-2201.12.7\lib\tools\lang-server\lib\performance-analyzer-services-2201.12.7.jar;C:\Program Files\Ballerina\distributions\ballerina-2201.12.7\lib\tools\lang-server\lib\trigger-service-2201.12.7.jar;C:\Program Files\Ballerina\distributions\ballerina-2201.12.7\lib\tools\lang-server\lib\xml-to-record-converter-2201.12.7.jar;C:\Program Files\Ballerina\distributions\ballerina-2201.12.7\lib\tools\debug-adapter\lib\commons-io-2.15.1.jar;C:\Program Files\Ballerina\distributions\ballerina-2201.12.7\lib\tools\debug-adapter\lib\debug-adapter-cli-2201.12.7.jar;C:\Program Files\Ballerina\distributions\ballerina-2201.12.7\lib\tools\debug-adapter\lib\debug-adapter-core-2201.12.7.jar;C:\Program Files\Ballerina\distributions\ballerina-2201.12.7\lib\tools\debug-adapter\lib\java-semver-0.9.0.jar;c:\Users\harak\.vscode\extensions\wso2.ballerina-5.4.0\ls\ballerina-language-server-1.2.0.jar
Launcher Type: SUN_STANDARD

[Global flags]
     intx CICompilerCount                          = 4                                         {product} {ergonomic}
     uint ConcGCThreads                            = 2                                         {product} {ergonomic}
     uint G1ConcRefinementThreads                  = 8                                         {product} {ergonomic}
   size_t G1HeapRegionSize                         = 1048576                                   {product} {ergonomic}
    uintx GCDrainStackTargetSize                   = 64                                        {product} {ergonomic}
   size_t InitialHeapSize                          = 100663296                                 {product} {ergonomic}
   size_t MarkStackSize                            = 4194304                                   {product} {ergonomic}
   size_t MaxHeapSize                              = 1598029824                                {product} {ergonomic}
   size_t MaxNewSize                               = 958398464                                 {product} {ergonomic}
   size_t MinHeapDeltaBytes                        = 1048576                                   {product} {ergonomic}
   size_t MinHeapSize                              = 8388608                                   {product} {ergonomic}
    uintx NonNMethodCodeHeapSize                   = 5839372                                {pd product} {ergonomic}
    uintx NonProfiledCodeHeapSize                  = 122909434                              {pd product} {ergonomic}
    uintx ProfiledCodeHeapSize                     = 122909434                              {pd product} {ergonomic}
    uintx ReservedCodeCacheSize                    = 251658240                              {pd product} {ergonomic}
     bool SegmentedCodeCache                       = true                                      {product} {ergonomic}
   size_t SoftMaxHeapSize                          = 1598029824                             {manageable} {ergonomic}
     bool UseCompressedOops                        = true                           {product lp64_product} {ergonomic}
     bool UseG1GC                                  = true                                      {product} {ergonomic}
     bool UseLargePagesIndividualAllocation        = false                                  {pd product} {ergonomic}

Logging:
Log output configuration:
 #0: stdout all=warning uptime,level,tags foldmultilines=false
 #1: stderr all=off uptime,level,tags foldmultilines=false

Environment Variables:
JAVA_HOME=C:\Program Files\Common Files\Oracle\Java\javapath
PATH=C:\Python313\Scripts\;C:\Python313\;C:\Program Files (x86)\VMware\VMware Workstation\bin\;C:\Program Files\Common Files\Oracle\Java\javapath;C:\WINDOWS\system32;C:\WINDOWS;C:\WINDOWS\System32\Wbem;C:\WINDOWS\System32\WindowsPowerShell\v1.0\;C:\WINDOWS\System32\OpenSSH\;C:\Program Files (x86)\Microsoft SQL Server\160\DTS\Binn\;C:\Program Files (x86)\Microsoft SQL Server\160\Tools\Binn\;C:\Program Files\Microsoft SQL Server\160\Tools\Binn\;C:\Program Files\Microsoft SQL Server\Client SDK\ODBC\170\Tools\Binn\;C:\Program Files\Microsoft SQL Server\160\DTS\Binn\;C:\Users\harak\OneDrive\Desktop\Randos\Films\jdk-22_windows-x64_bin.zip\jdk-22.0.1\bin;C:\Program Files\dotnet\;C:\Program Files\Ballerina\\bin;C:\Program Files\Git\cmd;C:\Program Files\nodejs\;C:\ProgramData\chocolatey\bin;C:\kafka\bin\windows;;C:\Program Files\Docker\Docker\resources\bin;C:\Users\harak\AppData\Local\Programs\Python\Launcher\;C:\Users\harak\AppData\Local\Microsoft\WindowsApps;C:\Program Files\Azure Data Studio\bin;C:\Users\harak\Downloads\Microsoft VS Code\bin;C:\Users\harak\.dotnet\tools;C:\Users\harak\OneDrive\Desktop\Randos\IntelliJ IDEA 2024.2.3\bin;;C:\Users\harak\AppData\Local\GitHubDesktop\bin;C:\Users\harak\AppData\Roaming\npm;C:\kafka\bin\windows;
USERNAME=harak
OS=Windows_NT
PROCESSOR_IDENTIFIER=AMD64 Family 23 Model 24 Stepping 1, AuthenticAMD
TMP=C:\Users\harak\AppData\Local\Temp
TEMP=C:\Users\harak\AppData\Local\Temp




Periodic native trim disabled

---------------  S Y S T E M  ---------------

OS:
 Windows 11 , 64 bit Build 26100 (10.0.26100.6725)
OS uptime: 0 days 0:27 hours
Hyper-V role detected

CPU: total 8 (initial active 8) (8 cores per cpu, 2 threads per core) family 23 model 24 stepping 1 microcode 0x8108109, cx8, cmov, fxsr, ht, mmx, 3dnowpref, sse, sse2, sse3, ssse3, sse4a, sse4.1, sse4.2, popcnt, lzcnt, tsc, tscinvbit, avx, avx2, aes, clmul, bmi1, bmi2, adx, sha, fma, vzeroupper, clflush, clflushopt, hv, rdtscp, f16c
Processor Information for all 8 processors :
  Max Mhz: 2300, Current Mhz: 2300, Mhz Limit: 2300

Memory: 4k page, system-wide physical 6090M (802M free)
TotalPageFile size 14282M (AvailPageFile size 119M)
current process WorkingSet (physical memory assigned to process): 290M, peak: 290M
current process commit charge ("private bytes"): 333M, peak: 503M

vm_info: OpenJDK 64-Bit Server VM (21.0.5+11-LTS) for windows-amd64 JRE (21.0.5+11-LTS), built on 2024-10-15T00:00:00Z by "admin" with MS VC++ 17.7 (VS2022)

END.
