#
# There is insufficient memory for the Java Runtime Environment to continue.
# Native memory allocation (malloc) failed to allocate 1366576 bytes. Error detail: Chunk::new
# Possible reasons:
#   The system is out of physical RAM or swap space
#   This process is running with CompressedOops enabled, and the Java Heap may be blocking the growth of the native heap
# Possible solutions:
#   Reduce memory load on the system
#   Increase physical memory or swap space
#   Check if swap backing store is full
#   Decrease Java heap size (-Xmx/-Xms)
#   Decrease number of Java threads
#   Decrease Java thread stack sizes (-Xss)
#   Set larger code cache with -XX:ReservedCodeCacheSize=
#   JVM is running with Unscaled Compressed Oops mode in which the Java heap is
#     placed in the first 4GB address space. The Java Heap base address is the
#     maximum limit for the native heap growth. Please use -XX:HeapBaseMinAddress
#     to set the Java Heap base and to place the Java Heap above 4GB virtual address.
# This output file may be truncated or incomplete.
#
#  Out of Memory Error (arena.cpp:168), pid=9392, tid=3176
#
# JRE version: OpenJDK Runtime Environment Temurin-21.0.5+11 (21.0.5+11) (build 21.0.5+11-LTS)
# Java VM: OpenJDK 64-Bit Server VM Temurin-21.0.5+11 (21.0.5+11-LTS, mixed mode, tiered, compressed oops, compressed class ptrs, g1 gc, windows-amd64)
# No core dump will be written. Minidumps are not enabled by default on client versions of Windows
#

---------------  S U M M A R Y ------------

Command Line: -Dballerina.home=C:\Program Files\Ballerina\distributions\ballerina-2201.12.7 org.ballerinalang.langserver.launchers.stdio.Main

Host: AMD Ryzen 7 3700U with Radeon Vega Mobile Gfx  , 8 cores, 5G,  Windows 11 , 64 bit Build 26100 (10.0.26100.6725)
Time: Sun Oct  5 02:16:43 2025 Namibia Standard Time elapsed time: 30.826132 seconds (0d 0h 0m 30s)

---------------  T H R E A D  ---------------

Current thread (0x0000019d2d648af0):  JavaThread "C2 CompilerThread0" daemon [_thread_in_native, id=3176, stack(0x000000907a000000,0x000000907a100000) (1024K)]


Current CompileTask:
C2:30826 5592       4       io.ballerina.types.typeops.BddCommonOps::bddUnionWithMemo (57 bytes)

Stack: [0x000000907a000000,0x000000907a100000]
Native frames: (J=compiled Java code, j=interpreted, Vv=VM code, C=native code)
V  [jvm.dll+0x6cd4e9]
V  [jvm.dll+0x8a7941]
V  [jvm.dll+0x8a9e6e]
V  [jvm.dll+0x8aa543]
V  [jvm.dll+0x27f6d6]
V  [jvm.dll+0xc500d]
V  [jvm.dll+0xc5543]
V  [jvm.dll+0x3b65d2]
V  [jvm.dll+0x382835]
V  [jvm.dll+0x381c9a]
V  [jvm.dll+0x2479d0]
V  [jvm.dll+0x246faf]
V  [jvm.dll+0x1c75ce]
V  [jvm.dll+0x25682a]
V  [jvm.dll+0x254dca]
V  [jvm.dll+0x3f00d6]
V  [jvm.dll+0x8514fb]
V  [jvm.dll+0x6cbbed]
C  [ucrtbase.dll+0x37b0]
C  [KERNEL32.DLL+0x2e8d7]
C  [ntdll.dll+0x8c53c]


---------------  P R O C E S S  ---------------

Threads class SMR info:
_java_thread_list=0x0000019d2d715a70, length=21, elements={
0x0000019d1111ea40, 0x0000019d2d6535f0, 0x0000019d2d612230, 0x0000019d2d6403d0,
0x0000019d2d640e20, 0x0000019d2d642590, 0x0000019d2d643d00, 0x0000019d2d648af0,
0x0000019d2d649580, 0x0000019d2d7f49f0, 0x0000019d2d7f2290, 0x0000019d2d7f3640,
0x0000019d2d7f2fb0, 0x0000019d2d7f3cd0, 0x0000019d34f7f440, 0x0000019d343f8e80,
0x0000019d343f8160, 0x0000019d343f87f0, 0x0000019d343f6720, 0x0000019d343f9ba0,
0x0000019d34455fe0
}

Java Threads: ( => current thread )
  0x0000019d1111ea40 JavaThread "main"                              [_thread_blocked, id=6928, stack(0x0000009079200000,0x0000009079300000) (1024K)]
  0x0000019d2d6535f0 JavaThread "Reference Handler"          daemon [_thread_blocked, id=18780, stack(0x0000009079a00000,0x0000009079b00000) (1024K)]
  0x0000019d2d612230 JavaThread "Finalizer"                  daemon [_thread_blocked, id=8644, stack(0x0000009079b00000,0x0000009079c00000) (1024K)]
  0x0000019d2d6403d0 JavaThread "Signal Dispatcher"          daemon [_thread_blocked, id=19136, stack(0x0000009079c00000,0x0000009079d00000) (1024K)]
  0x0000019d2d640e20 JavaThread "Attach Listener"            daemon [_thread_blocked, id=12476, stack(0x0000009079d00000,0x0000009079e00000) (1024K)]
  0x0000019d2d642590 JavaThread "Service Thread"             daemon [_thread_blocked, id=15328, stack(0x0000009079e00000,0x0000009079f00000) (1024K)]
  0x0000019d2d643d00 JavaThread "Monitor Deflation Thread"   daemon [_thread_blocked, id=3588, stack(0x0000009079f00000,0x000000907a000000) (1024K)]
=>0x0000019d2d648af0 JavaThread "C2 CompilerThread0"         daemon [_thread_in_native, id=3176, stack(0x000000907a000000,0x000000907a100000) (1024K)]
  0x0000019d2d649580 JavaThread "C1 CompilerThread0"         daemon [_thread_in_vm, id=10644, stack(0x000000907a100000,0x000000907a200000) (1024K)]
  0x0000019d2d7f49f0 JavaThread "Notification Thread"        daemon [_thread_blocked, id=3044, stack(0x000000907a200000,0x000000907a300000) (1024K)]
  0x0000019d2d7f2290 JavaThread "Common-Cleaner"             daemon [_thread_blocked, id=4056, stack(0x000000907a300000,0x000000907a400000) (1024K)]
  0x0000019d2d7f3640 JavaThread "pool-1-thread-1"                   [_thread_in_Java, id=6680, stack(0x000000907ac00000,0x000000907ad00000) (1024K)]
  0x0000019d2d7f2fb0 JavaThread "ForkJoinPool.commonPool-worker-1" daemon [_thread_in_native, id=18496, stack(0x000000907ae00000,0x000000907af00000) (1024K)]
  0x0000019d2d7f3cd0 JavaThread "ForkJoinPool.commonPool-worker-2" daemon [_thread_blocked, id=3908, stack(0x000000907af00000,0x000000907b000000) (1024K)]
  0x0000019d34f7f440 JavaThread "C2 CompilerThread1"         daemon [_thread_in_native, id=6392, stack(0x000000907ad00000,0x000000907ae00000) (1024K)]
  0x0000019d343f8e80 JavaThread "CompletableFutureDelayScheduler" daemon [_thread_blocked, id=15972, stack(0x000000907b000000,0x000000907b100000) (1024K)]
  0x0000019d343f8160 JavaThread "ForkJoinPool.commonPool-worker-3" daemon [_thread_blocked, id=8108, stack(0x000000907b100000,0x000000907b200000) (1024K)]
  0x0000019d343f87f0 JavaThread "ForkJoinPool.commonPool-worker-4" daemon [_thread_blocked, id=8700, stack(0x000000907b200000,0x000000907b300000) (1024K)]
  0x0000019d343f6720 JavaThread "ForkJoinPool.commonPool-worker-5" daemon [_thread_blocked, id=19112, stack(0x000000907b300000,0x000000907b400000) (1024K)]
  0x0000019d343f9ba0 JavaThread "pool-2-thread-1"                   [_thread_in_vm, id=824, stack(0x000000907b400000,0x000000907b500000) (1024K)]
  0x0000019d34455fe0 JavaThread "C2 CompilerThread2"         daemon [_thread_new, id=18912, stack(0x0000000000000000,0x0000000000000000) (0B)]
Total: 21

Other Threads:
  0x0000019d2d5d0f10 VMThread "VM Thread"                           [id=3240, stack(0x0000009079900000,0x0000009079a00000) (1024K)]
  0x0000019d2d54ba60 WatcherThread "VM Periodic Task Thread"        [id=10996, stack(0x0000009079800000,0x0000009079900000) (1024K)]
  0x0000019d11167a10 WorkerThread "GC Thread#0"                     [id=17140, stack(0x0000009079300000,0x0000009079400000) (1024K)]
  0x0000019d32984200 WorkerThread "GC Thread#1"                     [id=10280, stack(0x000000907a400000,0x000000907a500000) (1024K)]
  0x0000019d32956380 WorkerThread "GC Thread#2"                     [id=10320, stack(0x000000907a500000,0x000000907a600000) (1024K)]
  0x0000019d32984ba0 WorkerThread "GC Thread#3"                     [id=10344, stack(0x000000907a600000,0x000000907a700000) (1024K)]
  0x0000019d32959820 WorkerThread "GC Thread#4"                     [id=8560, stack(0x000000907a700000,0x000000907a800000) (1024K)]
  0x0000019d329b8300 WorkerThread "GC Thread#5"                     [id=16520, stack(0x000000907a800000,0x000000907a900000) (1024K)]
  0x0000019d329b86a0 WorkerThread "GC Thread#6"                     [id=8160, stack(0x000000907a900000,0x000000907aa00000) (1024K)]
  0x0000019d329b8a40 WorkerThread "GC Thread#7"                     [id=16600, stack(0x000000907aa00000,0x000000907ab00000) (1024K)]
  0x0000019d11175080 ConcurrentGCThread "G1 Main Marker"            [id=7460, stack(0x0000009079400000,0x0000009079500000) (1024K)]
  0x0000019d11176a00 WorkerThread "G1 Conc#0"                       [id=14160, stack(0x0000009079500000,0x0000009079600000) (1024K)]
  0x0000019d3319dbe0 WorkerThread "G1 Conc#1"                       [id=19668, stack(0x000000907ab00000,0x000000907ac00000) (1024K)]
  0x0000019d111ce9d0 ConcurrentGCThread "G1 Refine#0"               [id=18444, stack(0x0000009079600000,0x0000009079700000) (1024K)]
  0x0000019d2d41b760 ConcurrentGCThread "G1 Service"                [id=19564, stack(0x0000009079700000,0x0000009079800000) (1024K)]
Total: 15

Threads with active compile tasks:
C2 CompilerThread0  30921 5592       4       io.ballerina.types.typeops.BddCommonOps::bddUnionWithMemo (57 bytes)
C1 CompilerThread0  30922 5837       2       io.ballerina.toml.validator.SchemaValidator::visitNode (40 bytes)
C2 CompilerThread1  30922 5621       4       io.ballerina.types.typeops.BddCommonOps::bddUnionInner (231 bytes)
Total: 3

VM state: not at safepoint (normal execution)

VM Mutex/Monitor currently owned by a thread: None

Heap address: 0x00000000a0c00000, size: 1524 MB, Compressed Oops mode: 32-bit

CDS archive(s) not mapped
Compressed class space mapped at: 0x0000000100000000-0x0000000140000000, reserved size: 1073741824
Narrow klass base: 0x0000000000000000, Narrow klass shift: 3, Narrow klass range: 0x140000000

GC Precious Log:
 CardTable entry size: 512
 Card Set container configuration: InlinePtr #cards 5 size 8 Array Of Cards #cards 12 size 40 Howl #buckets 4 coarsen threshold 1843 Howl Bitmap #cards 512 size 80 coarsen threshold 460 Card regions per heap region 1 cards per card region 2048
 CPUs: 8 total, 8 available
 Memory: 6090M
 Large Page Support: Disabled
 NUMA Support: Disabled
 Compressed Oops: Enabled (32-bit)
 Heap Region Size: 1M
 Heap Min Capacity: 8M
 Heap Initial Capacity: 96M
 Heap Max Capacity: 1524M
 Pre-touch: Disabled
 Parallel Workers: 8
 Concurrent Workers: 2
 Concurrent Refinement Workers: 8
 Periodic GC: Disabled

Heap:
 garbage-first heap   total 249856K, used 120548K [0x00000000a0c00000, 0x0000000100000000)
  region size 1024K, 32 young (32768K), 4 survivors (4096K)
 Metaspace       used 36567K, committed 37056K, reserved 1114112K
  class space    used 3715K, committed 3904K, reserved 1048576K

Heap Regions: E=young(eden), S=young(survivor), O=old, HS=humongous(starts), HC=humongous(continues), CS=collection set, F=free, TAMS=top-at-mark-start, PB=parsable bottom
|   0|0x00000000a0c00000, 0x00000000a0d00000, 0x00000000a0d00000|100%|HS|  |TAMS 0x00000000a0c00000| PB 0x00000000a0c00000| Complete 
|   1|0x00000000a0d00000, 0x00000000a0e00000, 0x00000000a0e00000|100%|HS|  |TAMS 0x00000000a0d00000| PB 0x00000000a0d00000| Complete 
|   2|0x00000000a0e00000, 0x00000000a0f00000, 0x00000000a0f00000|100%|HS|  |TAMS 0x00000000a0e00000| PB 0x00000000a0e00000| Complete 
|   3|0x00000000a0f00000, 0x00000000a1000000, 0x00000000a1000000|100%|HS|  |TAMS 0x00000000a0f00000| PB 0x00000000a0f00000| Complete 
|   4|0x00000000a1000000, 0x00000000a1100000, 0x00000000a1100000|100%| O|  |TAMS 0x00000000a1000000| PB 0x00000000a1000000| Untracked 
|   5|0x00000000a1100000, 0x00000000a1200000, 0x00000000a1200000|100%| O|  |TAMS 0x00000000a1100000| PB 0x00000000a1100000| Untracked 
|   6|0x00000000a1200000, 0x00000000a1300000, 0x00000000a1300000|100%| O|  |TAMS 0x00000000a1200000| PB 0x00000000a1200000| Untracked 
|   7|0x00000000a1300000, 0x00000000a1400000, 0x00000000a1400000|100%| O|  |TAMS 0x00000000a1300000| PB 0x00000000a1300000| Untracked 
|   8|0x00000000a1400000, 0x00000000a1500000, 0x00000000a1500000|100%| O|  |TAMS 0x00000000a1400000| PB 0x00000000a1400000| Untracked 
|   9|0x00000000a1500000, 0x00000000a1600000, 0x00000000a1600000|100%| O|  |TAMS 0x00000000a1500000| PB 0x00000000a1500000| Untracked 
|  10|0x00000000a1600000, 0x00000000a1700000, 0x00000000a1700000|100%| O|  |TAMS 0x00000000a1600000| PB 0x00000000a1600000| Untracked 
|  11|0x00000000a1700000, 0x00000000a1800000, 0x00000000a1800000|100%| O|  |TAMS 0x00000000a1700000| PB 0x00000000a1700000| Untracked 
|  12|0x00000000a1800000, 0x00000000a1900000, 0x00000000a1900000|100%| O|  |TAMS 0x00000000a1800000| PB 0x00000000a1800000| Untracked 
|  13|0x00000000a1900000, 0x00000000a1a00000, 0x00000000a1a00000|100%| O|  |TAMS 0x00000000a1900000| PB 0x00000000a1900000| Untracked 
|  14|0x00000000a1a00000, 0x00000000a1b00000, 0x00000000a1b00000|100%| O|  |TAMS 0x00000000a1a00000| PB 0x00000000a1a00000| Untracked 
|  15|0x00000000a1b00000, 0x00000000a1c00000, 0x00000000a1c00000|100%| O|  |TAMS 0x00000000a1b00000| PB 0x00000000a1b00000| Untracked 
|  16|0x00000000a1c00000, 0x00000000a1d00000, 0x00000000a1d00000|100%| O|  |TAMS 0x00000000a1c00000| PB 0x00000000a1c00000| Untracked 
|  17|0x00000000a1d00000, 0x00000000a1e00000, 0x00000000a1e00000|100%| O|  |TAMS 0x00000000a1d00000| PB 0x00000000a1d00000| Untracked 
|  18|0x00000000a1e00000, 0x00000000a1f00000, 0x00000000a1f00000|100%| O|  |TAMS 0x00000000a1e00000| PB 0x00000000a1e00000| Untracked 
|  19|0x00000000a1f00000, 0x00000000a2000000, 0x00000000a2000000|100%| O|  |TAMS 0x00000000a1f00000| PB 0x00000000a1f00000| Untracked 
|  20|0x00000000a2000000, 0x00000000a2100000, 0x00000000a2100000|100%| O|  |TAMS 0x00000000a2000000| PB 0x00000000a2000000| Untracked 
|  21|0x00000000a2100000, 0x00000000a2200000, 0x00000000a2200000|100%| O|  |TAMS 0x00000000a2100000| PB 0x00000000a2100000| Untracked 
|  22|0x00000000a2200000, 0x00000000a2300000, 0x00000000a2300000|100%| O|  |TAMS 0x00000000a2200000| PB 0x00000000a2200000| Untracked 
|  23|0x00000000a2300000, 0x00000000a2300000, 0x00000000a2400000|  0%| F|  |TAMS 0x00000000a2300000| PB 0x00000000a2300000| Untracked 
|  24|0x00000000a2400000, 0x00000000a2500000, 0x00000000a2500000|100%| O|Cm|TAMS 0x00000000a2400000| PB 0x00000000a2400000| Complete 
|  25|0x00000000a2500000, 0x00000000a2500000, 0x00000000a2600000|  0%| F|  |TAMS 0x00000000a2500000| PB 0x00000000a2500000| Untracked 
|  26|0x00000000a2600000, 0x00000000a2600000, 0x00000000a2700000|  0%| F|  |TAMS 0x00000000a2600000| PB 0x00000000a2600000| Untracked 
|  27|0x00000000a2700000, 0x00000000a2700000, 0x00000000a2800000|  0%| F|  |TAMS 0x00000000a2700000| PB 0x00000000a2700000| Untracked 
|  28|0x00000000a2800000, 0x00000000a2900000, 0x00000000a2900000|100%| O|  |TAMS 0x00000000a2800000| PB 0x00000000a2800000| Untracked 
|  29|0x00000000a2900000, 0x00000000a2a00000, 0x00000000a2a00000|100%| O|  |TAMS 0x00000000a2900000| PB 0x00000000a2900000| Untracked 
|  30|0x00000000a2a00000, 0x00000000a2b00000, 0x00000000a2b00000|100%| O|  |TAMS 0x00000000a2a00000| PB 0x00000000a2a00000| Untracked 
|  31|0x00000000a2b00000, 0x00000000a2c00000, 0x00000000a2c00000|100%| O|  |TAMS 0x00000000a2b00000| PB 0x00000000a2b00000| Untracked 
|  32|0x00000000a2c00000, 0x00000000a2c00000, 0x00000000a2d00000|  0%| F|  |TAMS 0x00000000a2c00000| PB 0x00000000a2c00000| Untracked 
|  33|0x00000000a2d00000, 0x00000000a2e00000, 0x00000000a2e00000|100%| O|  |TAMS 0x00000000a2d00000| PB 0x00000000a2d00000| Untracked 
|  34|0x00000000a2e00000, 0x00000000a2f00000, 0x00000000a2f00000|100%| O|  |TAMS 0x00000000a2e00000| PB 0x00000000a2e00000| Untracked 
|  35|0x00000000a2f00000, 0x00000000a3000000, 0x00000000a3000000|100%| O|  |TAMS 0x00000000a2f00000| PB 0x00000000a2f00000| Untracked 
|  36|0x00000000a3000000, 0x00000000a3100000, 0x00000000a3100000|100%| O|  |TAMS 0x00000000a3000000| PB 0x00000000a3000000| Untracked 
|  37|0x00000000a3100000, 0x00000000a3100000, 0x00000000a3200000|  0%| F|  |TAMS 0x00000000a3100000| PB 0x00000000a3100000| Untracked 
|  38|0x00000000a3200000, 0x00000000a3200000, 0x00000000a3300000|  0%| F|  |TAMS 0x00000000a3200000| PB 0x00000000a3200000| Untracked 
|  39|0x00000000a3300000, 0x00000000a3400000, 0x00000000a3400000|100%| O|  |TAMS 0x00000000a3300000| PB 0x00000000a3300000| Untracked 
|  40|0x00000000a3400000, 0x00000000a3400000, 0x00000000a3500000|  0%| F|  |TAMS 0x00000000a3400000| PB 0x00000000a3400000| Untracked 
|  41|0x00000000a3500000, 0x00000000a3600000, 0x00000000a3600000|100%| O|  |TAMS 0x00000000a3500000| PB 0x00000000a3500000| Untracked 
|  42|0x00000000a3600000, 0x00000000a3700000, 0x00000000a3700000|100%| O|  |TAMS 0x00000000a3600000| PB 0x00000000a3600000| Untracked 
|  43|0x00000000a3700000, 0x00000000a3800000, 0x00000000a3800000|100%| O|  |TAMS 0x00000000a3700000| PB 0x00000000a3700000| Untracked 
|  44|0x00000000a3800000, 0x00000000a3800000, 0x00000000a3900000|  0%| F|  |TAMS 0x00000000a3800000| PB 0x00000000a3800000| Untracked 
|  45|0x00000000a3900000, 0x00000000a3a00000, 0x00000000a3a00000|100%| O|  |TAMS 0x00000000a3900000| PB 0x00000000a3900000| Untracked 
|  46|0x00000000a3a00000, 0x00000000a3a00000, 0x00000000a3b00000|  0%| F|  |TAMS 0x00000000a3a00000| PB 0x00000000a3a00000| Untracked 
|  47|0x00000000a3b00000, 0x00000000a3c00000, 0x00000000a3c00000|100%| O|  |TAMS 0x00000000a3b00000| PB 0x00000000a3b00000| Untracked 
|  48|0x00000000a3c00000, 0x00000000a3d00000, 0x00000000a3d00000|100%| O|  |TAMS 0x00000000a3c00000| PB 0x00000000a3c00000| Untracked 
|  49|0x00000000a3d00000, 0x00000000a3e00000, 0x00000000a3e00000|100%| O|  |TAMS 0x00000000a3d00000| PB 0x00000000a3d00000| Untracked 
|  50|0x00000000a3e00000, 0x00000000a3f00000, 0x00000000a3f00000|100%| O|  |TAMS 0x00000000a3e00000| PB 0x00000000a3e00000| Untracked 
|  51|0x00000000a3f00000, 0x00000000a4000000, 0x00000000a4000000|100%| O|  |TAMS 0x00000000a3f00000| PB 0x00000000a3f00000| Untracked 
|  52|0x00000000a4000000, 0x00000000a4000000, 0x00000000a4100000|  0%| F|  |TAMS 0x00000000a4000000| PB 0x00000000a4000000| Untracked 
|  53|0x00000000a4100000, 0x00000000a4200000, 0x00000000a4200000|100%| O|  |TAMS 0x00000000a4100000| PB 0x00000000a4100000| Untracked 
|  54|0x00000000a4200000, 0x00000000a4300000, 0x00000000a4300000|100%| O|  |TAMS 0x00000000a4200000| PB 0x00000000a4200000| Untracked 
|  55|0x00000000a4300000, 0x00000000a4300000, 0x00000000a4400000|  0%| F|  |TAMS 0x00000000a4300000| PB 0x00000000a4300000| Untracked 
|  56|0x00000000a4400000, 0x00000000a4500000, 0x00000000a4500000|100%| O|  |TAMS 0x00000000a4400000| PB 0x00000000a4400000| Untracked 
|  57|0x00000000a4500000, 0x00000000a4600000, 0x00000000a4600000|100%| O|Cm|TAMS 0x00000000a4500000| PB 0x00000000a4500000| Complete 
|  58|0x00000000a4600000, 0x00000000a4700000, 0x00000000a4700000|100%| O|  |TAMS 0x00000000a4600000| PB 0x00000000a4600000| Untracked 
|  59|0x00000000a4700000, 0x00000000a4800000, 0x00000000a4800000|100%| O|  |TAMS 0x00000000a4700000| PB 0x00000000a4700000| Untracked 
|  60|0x00000000a4800000, 0x00000000a4900000, 0x00000000a4900000|100%| O|  |TAMS 0x00000000a4800000| PB 0x00000000a4800000| Untracked 
|  61|0x00000000a4900000, 0x00000000a4a00000, 0x00000000a4a00000|100%| O|  |TAMS 0x00000000a4900000| PB 0x00000000a4900000| Untracked 
|  62|0x00000000a4a00000, 0x00000000a4b00000, 0x00000000a4b00000|100%| O|  |TAMS 0x00000000a4a00000| PB 0x00000000a4a00000| Untracked 
|  63|0x00000000a4b00000, 0x00000000a4c00000, 0x00000000a4c00000|100%|HS|  |TAMS 0x00000000a4b00000| PB 0x00000000a4b00000| Complete 
|  64|0x00000000a4c00000, 0x00000000a4d00000, 0x00000000a4d00000|100%|HC|  |TAMS 0x00000000a4c00000| PB 0x00000000a4c00000| Complete 
|  65|0x00000000a4d00000, 0x00000000a4e00000, 0x00000000a4e00000|100%|HC|  |TAMS 0x00000000a4d00000| PB 0x00000000a4d00000| Complete 
|  66|0x00000000a4e00000, 0x00000000a4f00000, 0x00000000a4f00000|100%| O|  |TAMS 0x00000000a4e00000| PB 0x00000000a4e00000| Untracked 
|  67|0x00000000a4f00000, 0x00000000a5000000, 0x00000000a5000000|100%| O|  |TAMS 0x00000000a4f00000| PB 0x00000000a4f00000| Untracked 
|  68|0x00000000a5000000, 0x00000000a5100000, 0x00000000a5100000|100%| O|  |TAMS 0x00000000a5000000| PB 0x00000000a5000000| Untracked 
|  69|0x00000000a5100000, 0x00000000a5200000, 0x00000000a5200000|100%| O|  |TAMS 0x00000000a5100000| PB 0x00000000a5100000| Untracked 
|  70|0x00000000a5200000, 0x00000000a5300000, 0x00000000a5300000|100%| O|  |TAMS 0x00000000a5200000| PB 0x00000000a5200000| Untracked 
|  71|0x00000000a5300000, 0x00000000a5300000, 0x00000000a5400000|  0%| F|  |TAMS 0x00000000a5300000| PB 0x00000000a5300000| Untracked 
|  72|0x00000000a5400000, 0x00000000a5400000, 0x00000000a5500000|  0%| F|  |TAMS 0x00000000a5400000| PB 0x00000000a5400000| Untracked 
|  73|0x00000000a5500000, 0x00000000a5500000, 0x00000000a5600000|  0%| F|  |TAMS 0x00000000a5500000| PB 0x00000000a5500000| Untracked 
|  74|0x00000000a5600000, 0x00000000a5700000, 0x00000000a5700000|100%| O|  |TAMS 0x00000000a5600000| PB 0x00000000a5600000| Untracked 
|  75|0x00000000a5700000, 0x00000000a5800000, 0x00000000a5800000|100%| O|  |TAMS 0x00000000a5700000| PB 0x00000000a5700000| Untracked 
|  76|0x00000000a5800000, 0x00000000a5900000, 0x00000000a5900000|100%| O|  |TAMS 0x00000000a5800000| PB 0x00000000a5800000| Untracked 
|  77|0x00000000a5900000, 0x00000000a5a00000, 0x00000000a5a00000|100%|HS|  |TAMS 0x00000000a5900000| PB 0x00000000a5900000| Complete 
|  78|0x00000000a5a00000, 0x00000000a5b00000, 0x00000000a5b00000|100%|HC|  |TAMS 0x00000000a5a00000| PB 0x00000000a5a00000| Complete 
|  79|0x00000000a5b00000, 0x00000000a5c00000, 0x00000000a5c00000|100%|HC|  |TAMS 0x00000000a5b00000| PB 0x00000000a5b00000| Complete 
|  80|0x00000000a5c00000, 0x00000000a5d00000, 0x00000000a5d00000|100%| O|  |TAMS 0x00000000a5c00000| PB 0x00000000a5c00000| Untracked 
|  81|0x00000000a5d00000, 0x00000000a5e00000, 0x00000000a5e00000|100%| O|  |TAMS 0x00000000a5d00000| PB 0x00000000a5d00000| Untracked 
|  82|0x00000000a5e00000, 0x00000000a5f00000, 0x00000000a5f00000|100%| O|  |TAMS 0x00000000a5e00000| PB 0x00000000a5e00000| Untracked 
|  83|0x00000000a5f00000, 0x00000000a6000000, 0x00000000a6000000|100%| O|  |TAMS 0x00000000a5f00000| PB 0x00000000a5f00000| Untracked 
|  84|0x00000000a6000000, 0x00000000a6100000, 0x00000000a6100000|100%| O|  |TAMS 0x00000000a6000000| PB 0x00000000a6000000| Untracked 
|  85|0x00000000a6100000, 0x00000000a6200000, 0x00000000a6200000|100%| O|  |TAMS 0x00000000a6100000| PB 0x00000000a6100000| Untracked 
|  86|0x00000000a6200000, 0x00000000a6300000, 0x00000000a6300000|100%| O|  |TAMS 0x00000000a6200000| PB 0x00000000a6200000| Untracked 
|  87|0x00000000a6300000, 0x00000000a6400000, 0x00000000a6400000|100%| O|  |TAMS 0x00000000a6300000| PB 0x00000000a6300000| Untracked 
|  88|0x00000000a6400000, 0x00000000a6500000, 0x00000000a6500000|100%| O|  |TAMS 0x00000000a6400000| PB 0x00000000a6400000| Untracked 
|  89|0x00000000a6500000, 0x00000000a6600000, 0x00000000a6600000|100%| O|  |TAMS 0x00000000a6500000| PB 0x00000000a6500000| Untracked 
|  90|0x00000000a6600000, 0x00000000a6700000, 0x00000000a6700000|100%| O|  |TAMS 0x00000000a6600000| PB 0x00000000a6600000| Untracked 
|  91|0x00000000a6700000, 0x00000000a6800000, 0x00000000a6800000|100%| O|  |TAMS 0x00000000a6700000| PB 0x00000000a6700000| Untracked 
|  92|0x00000000a6800000, 0x00000000a6900000, 0x00000000a6900000|100%| O|  |TAMS 0x00000000a6800000| PB 0x00000000a6800000| Untracked 
|  93|0x00000000a6900000, 0x00000000a69b9368, 0x00000000a6a00000| 72%| O|  |TAMS 0x00000000a6900000| PB 0x00000000a6900000| Untracked 
|  94|0x00000000a6a00000, 0x00000000a6a00000, 0x00000000a6b00000|  0%| F|  |TAMS 0x00000000a6a00000| PB 0x00000000a6a00000| Untracked 
|  95|0x00000000a6b00000, 0x00000000a6b00000, 0x00000000a6c00000|  0%| F|  |TAMS 0x00000000a6b00000| PB 0x00000000a6b00000| Untracked 
|  96|0x00000000a6c00000, 0x00000000a6c00000, 0x00000000a6d00000|  0%| F|  |TAMS 0x00000000a6c00000| PB 0x00000000a6c00000| Untracked 
|  97|0x00000000a6d00000, 0x00000000a6d00000, 0x00000000a6e00000|  0%| F|  |TAMS 0x00000000a6d00000| PB 0x00000000a6d00000| Untracked 
|  98|0x00000000a6e00000, 0x00000000a6e00000, 0x00000000a6f00000|  0%| F|  |TAMS 0x00000000a6e00000| PB 0x00000000a6e00000| Untracked 
|  99|0x00000000a6f00000, 0x00000000a6f00000, 0x00000000a7000000|  0%| F|  |TAMS 0x00000000a6f00000| PB 0x00000000a6f00000| Untracked 
| 100|0x00000000a7000000, 0x00000000a7000000, 0x00000000a7100000|  0%| F|  |TAMS 0x00000000a7000000| PB 0x00000000a7000000| Untracked 
| 101|0x00000000a7100000, 0x00000000a7100000, 0x00000000a7200000|  0%| F|  |TAMS 0x00000000a7100000| PB 0x00000000a7100000| Untracked 
| 102|0x00000000a7200000, 0x00000000a7200000, 0x00000000a7300000|  0%| F|  |TAMS 0x00000000a7200000| PB 0x00000000a7200000| Untracked 
| 103|0x00000000a7300000, 0x00000000a7300000, 0x00000000a7400000|  0%| F|  |TAMS 0x00000000a7300000| PB 0x00000000a7300000| Untracked 
| 104|0x00000000a7400000, 0x00000000a7400000, 0x00000000a7500000|  0%| F|  |TAMS 0x00000000a7400000| PB 0x00000000a7400000| Untracked 
| 105|0x00000000a7500000, 0x00000000a7600000, 0x00000000a7600000|100%| S|CS|TAMS 0x00000000a7500000| PB 0x00000000a7500000| Complete 
| 106|0x00000000a7600000, 0x00000000a7700000, 0x00000000a7700000|100%| S|CS|TAMS 0x00000000a7600000| PB 0x00000000a7600000| Complete 
| 107|0x00000000a7700000, 0x00000000a7800000, 0x00000000a7800000|100%| S|CS|TAMS 0x00000000a7700000| PB 0x00000000a7700000| Complete 
| 108|0x00000000a7800000, 0x00000000a7900000, 0x00000000a7900000|100%| S|CS|TAMS 0x00000000a7800000| PB 0x00000000a7800000| Complete 
| 109|0x00000000a7900000, 0x00000000a7900000, 0x00000000a7a00000|  0%| F|  |TAMS 0x00000000a7900000| PB 0x00000000a7900000| Untracked 
| 110|0x00000000a7a00000, 0x00000000a7a00000, 0x00000000a7b00000|  0%| F|  |TAMS 0x00000000a7a00000| PB 0x00000000a7a00000| Untracked 
| 111|0x00000000a7b00000, 0x00000000a7b00000, 0x00000000a7c00000|  0%| F|  |TAMS 0x00000000a7b00000| PB 0x00000000a7b00000| Untracked 
| 112|0x00000000a7c00000, 0x00000000a7c00000, 0x00000000a7d00000|  0%| F|  |TAMS 0x00000000a7c00000| PB 0x00000000a7c00000| Untracked 
| 113|0x00000000a7d00000, 0x00000000a7d00000, 0x00000000a7e00000|  0%| F|  |TAMS 0x00000000a7d00000| PB 0x00000000a7d00000| Untracked 
| 114|0x00000000a7e00000, 0x00000000a7e00000, 0x00000000a7f00000|  0%| F|  |TAMS 0x00000000a7e00000| PB 0x00000000a7e00000| Untracked 
| 115|0x00000000a7f00000, 0x00000000a7f00000, 0x00000000a8000000|  0%| F|  |TAMS 0x00000000a7f00000| PB 0x00000000a7f00000| Untracked 
| 116|0x00000000a8000000, 0x00000000a8000000, 0x00000000a8100000|  0%| F|  |TAMS 0x00000000a8000000| PB 0x00000000a8000000| Untracked 
| 117|0x00000000a8100000, 0x00000000a8100000, 0x00000000a8200000|  0%| F|  |TAMS 0x00000000a8100000| PB 0x00000000a8100000| Untracked 
| 118|0x00000000a8200000, 0x00000000a8200000, 0x00000000a8300000|  0%| F|  |TAMS 0x00000000a8200000| PB 0x00000000a8200000| Untracked 
| 119|0x00000000a8300000, 0x00000000a8300000, 0x00000000a8400000|  0%| F|  |TAMS 0x00000000a8300000| PB 0x00000000a8300000| Untracked 
| 120|0x00000000a8400000, 0x00000000a8400000, 0x00000000a8500000|  0%| F|  |TAMS 0x00000000a8400000| PB 0x00000000a8400000| Untracked 
| 121|0x00000000a8500000, 0x00000000a8500000, 0x00000000a8600000|  0%| F|  |TAMS 0x00000000a8500000| PB 0x00000000a8500000| Untracked 
| 122|0x00000000a8600000, 0x00000000a8600000, 0x00000000a8700000|  0%| F|  |TAMS 0x00000000a8600000| PB 0x00000000a8600000| Untracked 
| 123|0x00000000a8700000, 0x00000000a8700000, 0x00000000a8800000|  0%| F|  |TAMS 0x00000000a8700000| PB 0x00000000a8700000| Untracked 
| 124|0x00000000a8800000, 0x00000000a8800000, 0x00000000a8900000|  0%| F|  |TAMS 0x00000000a8800000| PB 0x00000000a8800000| Untracked 
| 125|0x00000000a8900000, 0x00000000a8900000, 0x00000000a8a00000|  0%| F|  |TAMS 0x00000000a8900000| PB 0x00000000a8900000| Untracked 
| 126|0x00000000a8a00000, 0x00000000a8a00000, 0x00000000a8b00000|  0%| F|  |TAMS 0x00000000a8a00000| PB 0x00000000a8a00000| Untracked 
| 127|0x00000000a8b00000, 0x00000000a8b00000, 0x00000000a8c00000|  0%| F|  |TAMS 0x00000000a8b00000| PB 0x00000000a8b00000| Untracked 
| 128|0x00000000a8c00000, 0x00000000a8c00000, 0x00000000a8d00000|  0%| F|  |TAMS 0x00000000a8c00000| PB 0x00000000a8c00000| Untracked 
| 129|0x00000000a8d00000, 0x00000000a8d00000, 0x00000000a8e00000|  0%| F|  |TAMS 0x00000000a8d00000| PB 0x00000000a8d00000| Untracked 
| 130|0x00000000a8e00000, 0x00000000a8e00000, 0x00000000a8f00000|  0%| F|  |TAMS 0x00000000a8e00000| PB 0x00000000a8e00000| Untracked 
| 131|0x00000000a8f00000, 0x00000000a8f00000, 0x00000000a9000000|  0%| F|  |TAMS 0x00000000a8f00000| PB 0x00000000a8f00000| Untracked 
| 132|0x00000000a9000000, 0x00000000a9000000, 0x00000000a9100000|  0%| F|  |TAMS 0x00000000a9000000| PB 0x00000000a9000000| Untracked 
| 133|0x00000000a9100000, 0x00000000a9100000, 0x00000000a9200000|  0%| F|  |TAMS 0x00000000a9100000| PB 0x00000000a9100000| Untracked 
| 134|0x00000000a9200000, 0x00000000a9200000, 0x00000000a9300000|  0%| F|  |TAMS 0x00000000a9200000| PB 0x00000000a9200000| Untracked 
| 135|0x00000000a9300000, 0x00000000a9300000, 0x00000000a9400000|  0%| F|  |TAMS 0x00000000a9300000| PB 0x00000000a9300000| Untracked 
| 136|0x00000000a9400000, 0x00000000a9400000, 0x00000000a9500000|  0%| F|  |TAMS 0x00000000a9400000| PB 0x00000000a9400000| Untracked 
| 137|0x00000000a9500000, 0x00000000a9500000, 0x00000000a9600000|  0%| F|  |TAMS 0x00000000a9500000| PB 0x00000000a9500000| Untracked 
| 138|0x00000000a9600000, 0x00000000a9600000, 0x00000000a9700000|  0%| F|  |TAMS 0x00000000a9600000| PB 0x00000000a9600000| Untracked 
| 139|0x00000000a9700000, 0x00000000a9700000, 0x00000000a9800000|  0%| F|  |TAMS 0x00000000a9700000| PB 0x00000000a9700000| Untracked 
| 140|0x00000000a9800000, 0x00000000a9800000, 0x00000000a9900000|  0%| F|  |TAMS 0x00000000a9800000| PB 0x00000000a9800000| Untracked 
| 141|0x00000000a9900000, 0x00000000a9900000, 0x00000000a9a00000|  0%| F|  |TAMS 0x00000000a9900000| PB 0x00000000a9900000| Untracked 
| 142|0x00000000a9a00000, 0x00000000a9a00000, 0x00000000a9b00000|  0%| F|  |TAMS 0x00000000a9a00000| PB 0x00000000a9a00000| Untracked 
| 143|0x00000000a9b00000, 0x00000000a9b00000, 0x00000000a9c00000|  0%| F|  |TAMS 0x00000000a9b00000| PB 0x00000000a9b00000| Untracked 
| 144|0x00000000a9c00000, 0x00000000a9c00000, 0x00000000a9d00000|  0%| F|  |TAMS 0x00000000a9c00000| PB 0x00000000a9c00000| Untracked 
| 145|0x00000000a9d00000, 0x00000000a9d00000, 0x00000000a9e00000|  0%| F|  |TAMS 0x00000000a9d00000| PB 0x00000000a9d00000| Untracked 
| 146|0x00000000a9e00000, 0x00000000a9e00000, 0x00000000a9f00000|  0%| F|  |TAMS 0x00000000a9e00000| PB 0x00000000a9e00000| Untracked 
| 147|0x00000000a9f00000, 0x00000000a9f00000, 0x00000000aa000000|  0%| F|  |TAMS 0x00000000a9f00000| PB 0x00000000a9f00000| Untracked 
| 148|0x00000000aa000000, 0x00000000aa000000, 0x00000000aa100000|  0%| F|  |TAMS 0x00000000aa000000| PB 0x00000000aa000000| Untracked 
| 149|0x00000000aa100000, 0x00000000aa100000, 0x00000000aa200000|  0%| F|  |TAMS 0x00000000aa100000| PB 0x00000000aa100000| Untracked 
| 150|0x00000000aa200000, 0x00000000aa200000, 0x00000000aa300000|  0%| F|  |TAMS 0x00000000aa200000| PB 0x00000000aa200000| Untracked 
| 151|0x00000000aa300000, 0x00000000aa300000, 0x00000000aa400000|  0%| F|  |TAMS 0x00000000aa300000| PB 0x00000000aa300000| Untracked 
| 152|0x00000000aa400000, 0x00000000aa400000, 0x00000000aa500000|  0%| F|  |TAMS 0x00000000aa400000| PB 0x00000000aa400000| Untracked 
| 153|0x00000000aa500000, 0x00000000aa500000, 0x00000000aa600000|  0%| F|  |TAMS 0x00000000aa500000| PB 0x00000000aa500000| Untracked 
| 154|0x00000000aa600000, 0x00000000aa600000, 0x00000000aa700000|  0%| F|  |TAMS 0x00000000aa600000| PB 0x00000000aa600000| Untracked 
| 155|0x00000000aa700000, 0x00000000aa700000, 0x00000000aa800000|  0%| F|  |TAMS 0x00000000aa700000| PB 0x00000000aa700000| Untracked 
| 156|0x00000000aa800000, 0x00000000aa800000, 0x00000000aa900000|  0%| F|  |TAMS 0x00000000aa800000| PB 0x00000000aa800000| Untracked 
| 157|0x00000000aa900000, 0x00000000aa900000, 0x00000000aaa00000|  0%| F|  |TAMS 0x00000000aa900000| PB 0x00000000aa900000| Untracked 
| 158|0x00000000aaa00000, 0x00000000aaa00000, 0x00000000aab00000|  0%| F|  |TAMS 0x00000000aaa00000| PB 0x00000000aaa00000| Untracked 
| 159|0x00000000aab00000, 0x00000000aab00000, 0x00000000aac00000|  0%| F|  |TAMS 0x00000000aab00000| PB 0x00000000aab00000| Untracked 
| 160|0x00000000aac00000, 0x00000000aac00000, 0x00000000aad00000|  0%| F|  |TAMS 0x00000000aac00000| PB 0x00000000aac00000| Untracked 
| 161|0x00000000aad00000, 0x00000000aad00000, 0x00000000aae00000|  0%| F|  |TAMS 0x00000000aad00000| PB 0x00000000aad00000| Untracked 
| 162|0x00000000aae00000, 0x00000000aae00000, 0x00000000aaf00000|  0%| F|  |TAMS 0x00000000aae00000| PB 0x00000000aae00000| Untracked 
| 163|0x00000000aaf00000, 0x00000000aaf00000, 0x00000000ab000000|  0%| F|  |TAMS 0x00000000aaf00000| PB 0x00000000aaf00000| Untracked 
| 164|0x00000000ab000000, 0x00000000ab000000, 0x00000000ab100000|  0%| F|  |TAMS 0x00000000ab000000| PB 0x00000000ab000000| Untracked 
| 165|0x00000000ab100000, 0x00000000ab100000, 0x00000000ab200000|  0%| F|  |TAMS 0x00000000ab100000| PB 0x00000000ab100000| Untracked 
| 166|0x00000000ab200000, 0x00000000ab200000, 0x00000000ab300000|  0%| F|  |TAMS 0x00000000ab200000| PB 0x00000000ab200000| Untracked 
| 167|0x00000000ab300000, 0x00000000ab300000, 0x00000000ab400000|  0%| F|  |TAMS 0x00000000ab300000| PB 0x00000000ab300000| Untracked 
| 168|0x00000000ab400000, 0x00000000ab400000, 0x00000000ab500000|  0%| F|  |TAMS 0x00000000ab400000| PB 0x00000000ab400000| Untracked 
| 169|0x00000000ab500000, 0x00000000ab500000, 0x00000000ab600000|  0%| F|  |TAMS 0x00000000ab500000| PB 0x00000000ab500000| Untracked 
| 170|0x00000000ab600000, 0x00000000ab600000, 0x00000000ab700000|  0%| F|  |TAMS 0x00000000ab600000| PB 0x00000000ab600000| Untracked 
| 171|0x00000000ab700000, 0x00000000ab700000, 0x00000000ab800000|  0%| F|  |TAMS 0x00000000ab700000| PB 0x00000000ab700000| Untracked 
| 172|0x00000000ab800000, 0x00000000ab800000, 0x00000000ab900000|  0%| F|  |TAMS 0x00000000ab800000| PB 0x00000000ab800000| Untracked 
| 173|0x00000000ab900000, 0x00000000ab900000, 0x00000000aba00000|  0%| F|  |TAMS 0x00000000ab900000| PB 0x00000000ab900000| Untracked 
| 174|0x00000000aba00000, 0x00000000aba00000, 0x00000000abb00000|  0%| F|  |TAMS 0x00000000aba00000| PB 0x00000000aba00000| Untracked 
| 175|0x00000000abb00000, 0x00000000abb00000, 0x00000000abc00000|  0%| F|  |TAMS 0x00000000abb00000| PB 0x00000000abb00000| Untracked 
| 176|0x00000000abc00000, 0x00000000abc00000, 0x00000000abd00000|  0%| F|  |TAMS 0x00000000abc00000| PB 0x00000000abc00000| Untracked 
| 177|0x00000000abd00000, 0x00000000abd00000, 0x00000000abe00000|  0%| F|  |TAMS 0x00000000abd00000| PB 0x00000000abd00000| Untracked 
| 178|0x00000000abe00000, 0x00000000abe00000, 0x00000000abf00000|  0%| F|  |TAMS 0x00000000abe00000| PB 0x00000000abe00000| Untracked 
| 179|0x00000000abf00000, 0x00000000abf00000, 0x00000000ac000000|  0%| F|  |TAMS 0x00000000abf00000| PB 0x00000000abf00000| Untracked 
| 180|0x00000000ac000000, 0x00000000ac000000, 0x00000000ac100000|  0%| F|  |TAMS 0x00000000ac000000| PB 0x00000000ac000000| Untracked 
| 181|0x00000000ac100000, 0x00000000ac100000, 0x00000000ac200000|  0%| F|  |TAMS 0x00000000ac100000| PB 0x00000000ac100000| Untracked 
| 182|0x00000000ac200000, 0x00000000ac200000, 0x00000000ac300000|  0%| F|  |TAMS 0x00000000ac200000| PB 0x00000000ac200000| Untracked 
| 183|0x00000000ac300000, 0x00000000ac300000, 0x00000000ac400000|  0%| F|  |TAMS 0x00000000ac300000| PB 0x00000000ac300000| Untracked 
| 184|0x00000000ac400000, 0x00000000ac400000, 0x00000000ac500000|  0%| F|  |TAMS 0x00000000ac400000| PB 0x00000000ac400000| Untracked 
| 185|0x00000000ac500000, 0x00000000ac500000, 0x00000000ac600000|  0%| F|  |TAMS 0x00000000ac500000| PB 0x00000000ac500000| Untracked 
| 186|0x00000000ac600000, 0x00000000ac600000, 0x00000000ac700000|  0%| F|  |TAMS 0x00000000ac600000| PB 0x00000000ac600000| Untracked 
| 187|0x00000000ac700000, 0x00000000ac700000, 0x00000000ac800000|  0%| F|  |TAMS 0x00000000ac700000| PB 0x00000000ac700000| Untracked 
| 188|0x00000000ac800000, 0x00000000ac800000, 0x00000000ac900000|  0%| F|  |TAMS 0x00000000ac800000| PB 0x00000000ac800000| Untracked 
| 189|0x00000000ac900000, 0x00000000ac900000, 0x00000000aca00000|  0%| F|  |TAMS 0x00000000ac900000| PB 0x00000000ac900000| Untracked 
| 190|0x00000000aca00000, 0x00000000aca00000, 0x00000000acb00000|  0%| F|  |TAMS 0x00000000aca00000| PB 0x00000000aca00000| Untracked 
| 191|0x00000000acb00000, 0x00000000acb00000, 0x00000000acc00000|  0%| F|  |TAMS 0x00000000acb00000| PB 0x00000000acb00000| Untracked 
| 192|0x00000000acc00000, 0x00000000acc00000, 0x00000000acd00000|  0%| F|  |TAMS 0x00000000acc00000| PB 0x00000000acc00000| Untracked 
| 193|0x00000000acd00000, 0x00000000acd00000, 0x00000000ace00000|  0%| F|  |TAMS 0x00000000acd00000| PB 0x00000000acd00000| Untracked 
| 194|0x00000000ace00000, 0x00000000ace00000, 0x00000000acf00000|  0%| F|  |TAMS 0x00000000ace00000| PB 0x00000000ace00000| Untracked 
| 195|0x00000000acf00000, 0x00000000acf00000, 0x00000000ad000000|  0%| F|  |TAMS 0x00000000acf00000| PB 0x00000000acf00000| Untracked 
| 196|0x00000000ad000000, 0x00000000ad000000, 0x00000000ad100000|  0%| F|  |TAMS 0x00000000ad000000| PB 0x00000000ad000000| Untracked 
| 197|0x00000000ad100000, 0x00000000ad100000, 0x00000000ad200000|  0%| F|  |TAMS 0x00000000ad100000| PB 0x00000000ad100000| Untracked 
| 198|0x00000000ad200000, 0x00000000ad200000, 0x00000000ad300000|  0%| F|  |TAMS 0x00000000ad200000| PB 0x00000000ad200000| Untracked 
| 199|0x00000000ad300000, 0x00000000ad300000, 0x00000000ad400000|  0%| F|  |TAMS 0x00000000ad300000| PB 0x00000000ad300000| Untracked 
| 200|0x00000000ad400000, 0x00000000ad400000, 0x00000000ad500000|  0%| F|  |TAMS 0x00000000ad400000| PB 0x00000000ad400000| Untracked 
| 201|0x00000000ad500000, 0x00000000ad500000, 0x00000000ad600000|  0%| F|  |TAMS 0x00000000ad500000| PB 0x00000000ad500000| Untracked 
| 202|0x00000000ad600000, 0x00000000ad600000, 0x00000000ad700000|  0%| F|  |TAMS 0x00000000ad600000| PB 0x00000000ad600000| Untracked 
| 203|0x00000000ad700000, 0x00000000ad700000, 0x00000000ad800000|  0%| F|  |TAMS 0x00000000ad700000| PB 0x00000000ad700000| Untracked 
| 204|0x00000000ad800000, 0x00000000ad800000, 0x00000000ad900000|  0%| F|  |TAMS 0x00000000ad800000| PB 0x00000000ad800000| Untracked 
| 205|0x00000000ad900000, 0x00000000ad900000, 0x00000000ada00000|  0%| F|  |TAMS 0x00000000ad900000| PB 0x00000000ad900000| Untracked 
| 206|0x00000000ada00000, 0x00000000ada00000, 0x00000000adb00000|  0%| F|  |TAMS 0x00000000ada00000| PB 0x00000000ada00000| Untracked 
| 207|0x00000000adb00000, 0x00000000adb84208, 0x00000000adc00000| 51%| E|  |TAMS 0x00000000adb00000| PB 0x00000000adb00000| Complete 
| 208|0x00000000adc00000, 0x00000000add00000, 0x00000000add00000|100%| E|CS|TAMS 0x00000000adc00000| PB 0x00000000adc00000| Complete 
| 209|0x00000000add00000, 0x00000000ade00000, 0x00000000ade00000|100%| E|CS|TAMS 0x00000000add00000| PB 0x00000000add00000| Complete 
| 210|0x00000000ade00000, 0x00000000adf00000, 0x00000000adf00000|100%| E|CS|TAMS 0x00000000ade00000| PB 0x00000000ade00000| Complete 
| 211|0x00000000adf00000, 0x00000000ae000000, 0x00000000ae000000|100%| E|CS|TAMS 0x00000000adf00000| PB 0x00000000adf00000| Complete 
| 212|0x00000000ae000000, 0x00000000ae100000, 0x00000000ae100000|100%| E|CS|TAMS 0x00000000ae000000| PB 0x00000000ae000000| Complete 
| 213|0x00000000ae100000, 0x00000000ae200000, 0x00000000ae200000|100%| E|CS|TAMS 0x00000000ae100000| PB 0x00000000ae100000| Complete 
| 214|0x00000000ae200000, 0x00000000ae300000, 0x00000000ae300000|100%| E|CS|TAMS 0x00000000ae200000| PB 0x00000000ae200000| Complete 
| 215|0x00000000ae300000, 0x00000000ae400000, 0x00000000ae400000|100%| E|CS|TAMS 0x00000000ae300000| PB 0x00000000ae300000| Complete 
| 216|0x00000000ae400000, 0x00000000ae500000, 0x00000000ae500000|100%| E|CS|TAMS 0x00000000ae400000| PB 0x00000000ae400000| Complete 
| 217|0x00000000ae500000, 0x00000000ae600000, 0x00000000ae600000|100%| E|CS|TAMS 0x00000000ae500000| PB 0x00000000ae500000| Complete 
| 218|0x00000000ae600000, 0x00000000ae700000, 0x00000000ae700000|100%| E|CS|TAMS 0x00000000ae600000| PB 0x00000000ae600000| Complete 
| 219|0x00000000ae700000, 0x00000000ae800000, 0x00000000ae800000|100%| E|CS|TAMS 0x00000000ae700000| PB 0x00000000ae700000| Complete 
| 220|0x00000000ae800000, 0x00000000ae900000, 0x00000000ae900000|100%| E|CS|TAMS 0x00000000ae800000| PB 0x00000000ae800000| Complete 
| 221|0x00000000ae900000, 0x00000000aea00000, 0x00000000aea00000|100%| E|CS|TAMS 0x00000000ae900000| PB 0x00000000ae900000| Complete 
| 222|0x00000000aea00000, 0x00000000aeb00000, 0x00000000aeb00000|100%| E|CS|TAMS 0x00000000aea00000| PB 0x00000000aea00000| Complete 
| 223|0x00000000aeb00000, 0x00000000aec00000, 0x00000000aec00000|100%| E|CS|TAMS 0x00000000aeb00000| PB 0x00000000aeb00000| Complete 
| 224|0x00000000aec00000, 0x00000000aed00000, 0x00000000aed00000|100%| E|CS|TAMS 0x00000000aec00000| PB 0x00000000aec00000| Complete 
| 225|0x00000000aed00000, 0x00000000aee00000, 0x00000000aee00000|100%| E|CS|TAMS 0x00000000aed00000| PB 0x00000000aed00000| Complete 
| 226|0x00000000aee00000, 0x00000000aef00000, 0x00000000aef00000|100%| E|CS|TAMS 0x00000000aee00000| PB 0x00000000aee00000| Complete 
| 227|0x00000000aef00000, 0x00000000af000000, 0x00000000af000000|100%| E|CS|TAMS 0x00000000aef00000| PB 0x00000000aef00000| Complete 
| 228|0x00000000af000000, 0x00000000af100000, 0x00000000af100000|100%| E|CS|TAMS 0x00000000af000000| PB 0x00000000af000000| Complete 
| 229|0x00000000af100000, 0x00000000af200000, 0x00000000af200000|100%| E|CS|TAMS 0x00000000af100000| PB 0x00000000af100000| Complete 
| 230|0x00000000af200000, 0x00000000af300000, 0x00000000af300000|100%| E|CS|TAMS 0x00000000af200000| PB 0x00000000af200000| Complete 
| 231|0x00000000af300000, 0x00000000af400000, 0x00000000af400000|100%| E|CS|TAMS 0x00000000af300000| PB 0x00000000af300000| Complete 
| 232|0x00000000af400000, 0x00000000af500000, 0x00000000af500000|100%| E|CS|TAMS 0x00000000af400000| PB 0x00000000af400000| Complete 
| 233|0x00000000af500000, 0x00000000af600000, 0x00000000af600000|100%| E|CS|TAMS 0x00000000af500000| PB 0x00000000af500000| Complete 
| 234|0x00000000af600000, 0x00000000af700000, 0x00000000af700000|100%| E|CS|TAMS 0x00000000af600000| PB 0x00000000af600000| Complete 
| 235|0x00000000af700000, 0x00000000af800000, 0x00000000af800000|100%| E|CS|TAMS 0x00000000af700000| PB 0x00000000af700000| Complete 
|1516|0x00000000ff800000, 0x00000000ff900000, 0x00000000ff900000|100%| O|  |TAMS 0x00000000ff800000| PB 0x00000000ff800000| Untracked 
|1517|0x00000000ff900000, 0x00000000ffa00000, 0x00000000ffa00000|100%| O|  |TAMS 0x00000000ff900000| PB 0x00000000ff900000| Untracked 
|1518|0x00000000ffa00000, 0x00000000ffb00000, 0x00000000ffb00000|100%| O|  |TAMS 0x00000000ffa00000| PB 0x00000000ffa00000| Untracked 
|1519|0x00000000ffb00000, 0x00000000ffc00000, 0x00000000ffc00000|100%| O|  |TAMS 0x00000000ffb00000| PB 0x00000000ffb00000| Untracked 
|1520|0x00000000ffc00000, 0x00000000ffd00000, 0x00000000ffd00000|100%| O|  |TAMS 0x00000000ffc00000| PB 0x00000000ffc00000| Untracked 
|1521|0x00000000ffd00000, 0x00000000ffe00000, 0x00000000ffe00000|100%| O|  |TAMS 0x00000000ffd00000| PB 0x00000000ffd00000| Untracked 
|1522|0x00000000ffe00000, 0x00000000fff00000, 0x00000000fff00000|100%| O|  |TAMS 0x00000000ffe00000| PB 0x00000000ffe00000| Untracked 
|1523|0x00000000fff00000, 0x0000000100000000, 0x0000000100000000|100%| O|  |TAMS 0x00000000fff00000| PB 0x00000000fff00000| Untracked 

Card table byte_map: [0x0000019d29030000,0x0000019d29330000] _byte_map_base: 0x0000019d28b2a000

Marking Bits: (CMBitMap*) 0x0000019d11168110
 Bits: [0x0000019d29330000, 0x0000019d2ab00000)

Polling page: 0x0000019d111d0000

Metaspace:

Usage:
  Non-class:     32.14 MB used.
      Class:      3.64 MB used.
       Both:     35.78 MB used.

Virtual space:
  Non-class space:       64.00 MB reserved,      32.44 MB ( 51%) committed,  1 nodes.
      Class space:        1.00 GB reserved,       3.81 MB ( <1%) committed,  1 nodes.
             Both:        1.06 GB reserved,      36.25 MB (  3%) committed. 

Chunk freelists:
   Non-Class:  14.67 MB
       Class:  12.22 MB
        Both:  26.89 MB

MaxMetaspaceSize: unlimited
CompressedClassSpaceSize: 1.00 GB
Initial GC threshold: 21.00 MB
Current GC threshold: 58.69 MB
CDS: off
 - commit_granule_bytes: 65536.
 - commit_granule_words: 8192.
 - virtual_space_node_default_size: 8388608.
 - enlarge_chunks_in_place: 1.
 - use_allocation_guard: 0.


Internal statistics:

num_allocs_failed_limit: 3.
num_arena_births: 582.
num_arena_deaths: 72.
num_vsnodes_births: 2.
num_vsnodes_deaths: 0.
num_space_committed: 577.
num_space_uncommitted: 0.
num_chunks_returned_to_freelist: 105.
num_chunks_taken_from_freelist: 1757.
num_chunk_merges: 3.
num_chunk_splits: 1089.
num_chunks_enlarged: 696.
num_inconsistent_stats: 0.

CodeHeap 'non-profiled nmethods': size=120000Kb used=2791Kb max_used=2791Kb free=117208Kb
 bounds [0x0000019d20da0000, 0x0000019d21060000, 0x0000019d282d0000]
CodeHeap 'profiled nmethods': size=120000Kb used=10148Kb max_used=10148Kb free=109851Kb
 bounds [0x0000019d192d0000, 0x0000019d19cc0000, 0x0000019d20800000]
CodeHeap 'non-nmethods': size=5760Kb used=1499Kb max_used=1551Kb free=4261Kb
 bounds [0x0000019d20800000, 0x0000019d20a70000, 0x0000019d20da0000]
 total_blobs=5575 nmethods=5002 adapters=477
 compilation: enabled
              stopped_count=0, restarted_count=0
 full_count=0

Compilation events (20 events):
Event: 29.275 Thread 0x0000019d2d649580 nmethod 5787 0x0000019d19c9af90 code [0x0000019d19c9b140, 0x0000019d19c9b318]
Event: 29.275 Thread 0x0000019d2d649580 5788       3       io.ballerina.toml.semantic.ast.TomlTransformer::transform (6 bytes)
Event: 29.276 Thread 0x0000019d2d649580 nmethod 5788 0x0000019d19c9b410 code [0x0000019d19c9b5c0, 0x0000019d19c9b700]
Event: 29.276 Thread 0x0000019d2d649580 5789       3       io.ballerina.toml.semantic.ast.TomlTransformer::transform (21 bytes)
Event: 29.277 Thread 0x0000019d2d649580 nmethod 5789 0x0000019d19c9b790 code [0x0000019d19c9b9c0, 0x0000019d19c9c3f0]
Event: 29.278 Thread 0x0000019d2d649580 5790       3       io.ballerina.toml.syntax.tree.IdentifierLiteralNode::value (9 bytes)
Event: 29.278 Thread 0x0000019d2d649580 nmethod 5790 0x0000019d19c9c710 code [0x0000019d19c9c8c0, 0x0000019d19c9cb60]
Event: 29.279 Thread 0x0000019d2d649580 5791       3       io.ballerina.toml.syntax.tree.KeyValueNode::apply (6 bytes)
Event: 29.280 Thread 0x0000019d2d649580 nmethod 5791 0x0000019d19c9cc10 code [0x0000019d19c9cdc0, 0x0000019d19c9cf98]
Event: 29.290 Thread 0x0000019d2d649580 5792       3       io.ballerina.toml.syntax.tree.KeyValueNode::identifier (9 bytes)
Event: 29.291 Thread 0x0000019d2d649580 nmethod 5792 0x0000019d19c9d090 code [0x0000019d19c9d240, 0x0000019d19c9d4e0]
Event: 29.291 Thread 0x0000019d2d649580 5793       3       io.ballerina.toml.syntax.tree.KeyValueNode::value (9 bytes)
Event: 29.292 Thread 0x0000019d2d649580 nmethod 5793 0x0000019d19c9d590 code [0x0000019d19c9d740, 0x0000019d19c9d9e0]
Event: 29.292 Thread 0x0000019d2d649580 5794       3       io.ballerina.toml.semantic.ast.TomlTransformer::transformValue (9 bytes)
Event: 29.292 Thread 0x0000019d2d649580 nmethod 5794 0x0000019d19c9da90 code [0x0000019d19c9dc40, 0x0000019d19c9def8]
Event: 29.293 Thread 0x0000019d2d649580 5795       3       io.ballerina.toml.semantic.ast.TomlKeyValueNode::<init> (17 bytes)
Event: 29.293 Thread 0x0000019d2d649580 nmethod 5795 0x0000019d19c9e010 code [0x0000019d19c9e1c0, 0x0000019d19c9e448]
Event: 29.295 Thread 0x0000019d2d649580 5796       3       io.ballerina.toml.internal.parser.tree.STToken::createFacade (11 bytes)
Event: 29.295 Thread 0x0000019d2d649580 nmethod 5796 0x0000019d19c9e590 code [0x0000019d19c9e740, 0x0000019d19c9ea90]
Event: 29.295 Thread 0x0000019d2d649580 5797       3       io.ballerina.toml.semantic.ast.TomlKeyNode::name (102 bytes)

GC Heap History (20 events):
Event: 20.378 GC heap before
{Heap before GC invocations=15 (full 0):
 garbage-first heap   total 96256K, used 81140K [0x00000000a0c00000, 0x0000000100000000)
  region size 1024K, 21 young (21504K), 3 survivors (3072K)
 Metaspace       used 34365K, committed 34816K, reserved 1114112K
  class space    used 3552K, committed 3776K, reserved 1048576K
}
Event: 20.398 GC heap after
{Heap after GC invocations=16 (full 0):
 garbage-first heap   total 115712K, used 70040K [0x00000000a0c00000, 0x0000000100000000)
  region size 1024K, 3 young (3072K), 3 survivors (3072K)
 Metaspace       used 34365K, committed 34816K, reserved 1114112K
  class space    used 3552K, committed 3776K, reserved 1048576K
}
Event: 22.891 GC heap before
{Heap before GC invocations=17 (full 0):
 garbage-first heap   total 117760K, used 95640K [0x00000000a0c00000, 0x0000000100000000)
  region size 1024K, 29 young (29696K), 3 survivors (3072K)
 Metaspace       used 35043K, committed 35392K, reserved 1114112K
  class space    used 3616K, committed 3776K, reserved 1048576K
}
Event: 22.905 GC heap after
{Heap after GC invocations=18 (full 0):
 garbage-first heap   total 117760K, used 74537K [0x00000000a0c00000, 0x0000000100000000)
  region size 1024K, 4 young (4096K), 4 survivors (4096K)
 Metaspace       used 35043K, committed 35392K, reserved 1114112K
  class space    used 3616K, committed 3776K, reserved 1048576K
}
Event: 24.086 GC heap before
{Heap before GC invocations=18 (full 0):
 garbage-first heap   total 117760K, used 99113K [0x00000000a0c00000, 0x0000000100000000)
  region size 1024K, 29 young (29696K), 4 survivors (4096K)
 Metaspace       used 35081K, committed 35520K, reserved 1114112K
  class space    used 3618K, committed 3840K, reserved 1048576K
}
Event: 24.098 GC heap after
{Heap after GC invocations=19 (full 0):
 garbage-first heap   total 117760K, used 74335K [0x00000000a0c00000, 0x0000000100000000)
  region size 1024K, 2 young (2048K), 2 survivors (2048K)
 Metaspace       used 35081K, committed 35520K, reserved 1114112K
  class space    used 3618K, committed 3840K, reserved 1048576K
}
Event: 25.248 GC heap before
{Heap before GC invocations=19 (full 0):
 garbage-first heap   total 117760K, used 99935K [0x00000000a0c00000, 0x0000000100000000)
  region size 1024K, 28 young (28672K), 2 survivors (2048K)
 Metaspace       used 35158K, committed 35584K, reserved 1114112K
  class space    used 3622K, committed 3840K, reserved 1048576K
}
Event: 25.253 GC heap after
{Heap after GC invocations=20 (full 0):
 garbage-first heap   total 117760K, used 74588K [0x00000000a0c00000, 0x0000000100000000)
  region size 1024K, 3 young (3072K), 3 survivors (3072K)
 Metaspace       used 35158K, committed 35584K, reserved 1114112K
  class space    used 3622K, committed 3840K, reserved 1048576K
}
Event: 26.321 GC heap before
{Heap before GC invocations=21 (full 0):
 garbage-first heap   total 117760K, used 95068K [0x00000000a0c00000, 0x0000000100000000)
  region size 1024K, 30 young (30720K), 3 survivors (3072K)
 Metaspace       used 35322K, committed 35712K, reserved 1114112K
  class space    used 3634K, committed 3840K, reserved 1048576K
}
Event: 26.340 GC heap after
{Heap after GC invocations=22 (full 0):
 garbage-first heap   total 117760K, used 77451K [0x00000000a0c00000, 0x0000000100000000)
  region size 1024K, 4 young (4096K), 4 survivors (4096K)
 Metaspace       used 35322K, committed 35712K, reserved 1114112K
  class space    used 3634K, committed 3840K, reserved 1048576K
}
Event: 26.987 GC heap before
{Heap before GC invocations=22 (full 0):
 garbage-first heap   total 117760K, used 102027K [0x00000000a0c00000, 0x0000000100000000)
  region size 1024K, 28 young (28672K), 4 survivors (4096K)
 Metaspace       used 35551K, committed 35968K, reserved 1114112K
  class space    used 3636K, committed 3840K, reserved 1048576K
}
Event: 27.008 GC heap after
{Heap after GC invocations=23 (full 0):
 garbage-first heap   total 117760K, used 69851K [0x00000000a0c00000, 0x0000000100000000)
  region size 1024K, 4 young (4096K), 4 survivors (4096K)
 Metaspace       used 35551K, committed 35968K, reserved 1114112K
  class space    used 3636K, committed 3840K, reserved 1048576K
}
Event: 27.307 GC heap before
{Heap before GC invocations=23 (full 0):
 garbage-first heap   total 117760K, used 103643K [0x00000000a0c00000, 0x0000000100000000)
  region size 1024K, 32 young (32768K), 4 survivors (4096K)
 Metaspace       used 35634K, committed 36032K, reserved 1114112K
  class space    used 3642K, committed 3840K, reserved 1048576K
}
Event: 27.345 GC heap after
{Heap after GC invocations=24 (full 0):
 garbage-first heap   total 123904K, used 82739K [0x00000000a0c00000, 0x0000000100000000)
  region size 1024K, 4 young (4096K), 4 survivors (4096K)
 Metaspace       used 35634K, committed 36032K, reserved 1114112K
  class space    used 3642K, committed 3840K, reserved 1048576K
}
Event: 27.447 GC heap before
{Heap before GC invocations=24 (full 0):
 garbage-first heap   total 123904K, used 97075K [0x00000000a0c00000, 0x0000000100000000)
  region size 1024K, 19 young (19456K), 4 survivors (4096K)
 Metaspace       used 35644K, committed 36032K, reserved 1114112K
  class space    used 3642K, committed 3840K, reserved 1048576K
}
Event: 27.474 GC heap after
{Heap after GC invocations=25 (full 0):
 garbage-first heap   total 123904K, used 90556K [0x00000000a0c00000, 0x0000000100000000)
  region size 1024K, 4 young (4096K), 4 survivors (4096K)
 Metaspace       used 35644K, committed 36032K, reserved 1114112K
  class space    used 3642K, committed 3840K, reserved 1048576K
}
Event: 27.920 GC heap before
{Heap before GC invocations=26 (full 0):
 garbage-first heap   total 150528K, used 104892K [0x00000000a0c00000, 0x0000000100000000)
  region size 1024K, 20 young (20480K), 4 survivors (4096K)
 Metaspace       used 35716K, committed 36096K, reserved 1114112K
  class space    used 3648K, committed 3840K, reserved 1048576K
}
Event: 27.945 GC heap after
{Heap after GC invocations=27 (full 0):
 garbage-first heap   total 150528K, used 96256K [0x00000000a0c00000, 0x0000000100000000)
  region size 1024K, 3 young (3072K), 3 survivors (3072K)
 Metaspace       used 35716K, committed 36096K, reserved 1114112K
  class space    used 3648K, committed 3840K, reserved 1048576K
}
Event: 28.675 GC heap before
{Heap before GC invocations=27 (full 0):
 garbage-first heap   total 150528K, used 122880K [0x00000000a0c00000, 0x0000000100000000)
  region size 1024K, 30 young (30720K), 3 survivors (3072K)
 Metaspace       used 36016K, committed 36416K, reserved 1114112K
  class space    used 3664K, committed 3840K, reserved 1048576K
}
Event: 28.708 GC heap after
{Heap after GC invocations=28 (full 0):
 garbage-first heap   total 249856K, used 92900K [0x00000000a0c00000, 0x0000000100000000)
  region size 1024K, 4 young (4096K), 4 survivors (4096K)
 Metaspace       used 36016K, committed 36416K, reserved 1114112K
  class space    used 3664K, committed 3840K, reserved 1048576K
}

Dll operation events (5 events):
Event: 0.078 Loaded shared library C:\Program Files\Ballerina\dependencies\jdk-21.0.5+11-jre\bin\java.dll
Event: 0.927 Loaded shared library C:\Program Files\Ballerina\dependencies\jdk-21.0.5+11-jre\bin\net.dll
Event: 0.934 Loaded shared library C:\Program Files\Ballerina\dependencies\jdk-21.0.5+11-jre\bin\nio.dll
Event: 0.958 Loaded shared library C:\Program Files\Ballerina\dependencies\jdk-21.0.5+11-jre\bin\zip.dll
Event: 1.658 Loaded shared library C:\Program Files\Ballerina\dependencies\jdk-21.0.5+11-jre\bin\jimage.dll

Deoptimization events (20 events):
Event: 29.058 Thread 0x0000019d2d7f2fb0 DEOPT UNPACKING pc=0x0000019d20854e42 sp=0x000000907aefcf78 mode 0
Event: 29.230 Thread 0x0000019d343f87f0 Uncommon trap: trap_request=0xffffffde fr.pc=0x0000019d20e00414 relative=0x00000000000000b4
Event: 29.230 Thread 0x0000019d343f87f0 Uncommon trap: reason=class_check action=maybe_recompile pc=0x0000019d20e00414 method=java.lang.invoke.LambdaForm$MH/0x00000001000f1400.invoke(Ljava/lang/Object;Ljava/lang/Object;)I @ 11 c2
Event: 29.230 Thread 0x0000019d343f87f0 DEOPT PACKING pc=0x0000019d20e00414 sp=0x000000907b2fd250
Event: 29.230 Thread 0x0000019d343f87f0 DEOPT UNPACKING pc=0x0000019d208546a2 sp=0x000000907b2fd1c8 mode 2
Event: 29.230 Thread 0x0000019d343f87f0 Uncommon trap: trap_request=0xffffffde fr.pc=0x0000019d20e00414 relative=0x00000000000000b4
Event: 29.230 Thread 0x0000019d343f87f0 Uncommon trap: reason=class_check action=maybe_recompile pc=0x0000019d20e00414 method=java.lang.invoke.LambdaForm$MH/0x00000001000f1400.invoke(Ljava/lang/Object;Ljava/lang/Object;)I @ 11 c2
Event: 29.230 Thread 0x0000019d343f87f0 DEOPT PACKING pc=0x0000019d20e00414 sp=0x000000907b2fd250
Event: 29.230 Thread 0x0000019d343f87f0 DEOPT UNPACKING pc=0x0000019d208546a2 sp=0x000000907b2fd1c8 mode 2
Event: 29.230 Thread 0x0000019d343f87f0 Uncommon trap: trap_request=0xffffffde fr.pc=0x0000019d20e00414 relative=0x00000000000000b4
Event: 29.230 Thread 0x0000019d343f87f0 Uncommon trap: reason=class_check action=maybe_recompile pc=0x0000019d20e00414 method=java.lang.invoke.LambdaForm$MH/0x00000001000f1400.invoke(Ljava/lang/Object;Ljava/lang/Object;)I @ 11 c2
Event: 29.230 Thread 0x0000019d343f87f0 DEOPT PACKING pc=0x0000019d20e00414 sp=0x000000907b2fd250
Event: 29.230 Thread 0x0000019d343f87f0 DEOPT UNPACKING pc=0x0000019d208546a2 sp=0x000000907b2fd1c8 mode 2
Event: 29.230 Thread 0x0000019d343f87f0 Uncommon trap: trap_request=0xffffffde fr.pc=0x0000019d20e00414 relative=0x00000000000000b4
Event: 29.231 Thread 0x0000019d343f87f0 Uncommon trap: reason=class_check action=maybe_recompile pc=0x0000019d20e00414 method=java.lang.invoke.LambdaForm$MH/0x00000001000f1400.invoke(Ljava/lang/Object;Ljava/lang/Object;)I @ 11 c2
Event: 29.231 Thread 0x0000019d343f87f0 DEOPT PACKING pc=0x0000019d20e00414 sp=0x000000907b2fd250
Event: 29.231 Thread 0x0000019d343f87f0 DEOPT UNPACKING pc=0x0000019d208546a2 sp=0x000000907b2fd1c8 mode 2
Event: 29.297 Thread 0x0000019d2d7f3640 Uncommon trap: trap_request=0xffffff45 fr.pc=0x0000019d20ecdcf8 relative=0x0000000000000758
Event: 29.297 Thread 0x0000019d2d7f3640 Uncommon trap: reason=unstable_if action=reinterpret pc=0x0000019d20ecdcf8 method=java.io.BufferedReader.implReadLine(Z[Z)Ljava/lang/String; @ 195 c2
Event: 29.297 Thread 0x0000019d2d7f3640 DEOPT PACKING pc=0x0000019d20ecdcf8 sp=0x000000907acfe280

Classes loaded (20 events):
Event: 28.331 Loading class java/text/spi/NumberFormatProvider
Event: 28.331 Loading class java/text/spi/NumberFormatProvider done
Event: 28.337 Loading class sun/util/locale/provider/NumberFormatProviderImpl
Event: 28.338 Loading class sun/util/locale/provider/NumberFormatProviderImpl done
Event: 28.339 Loading class java/text/DecimalFormat
Event: 28.340 Loading class java/text/DecimalFormat done
Event: 28.342 Loading class java/text/DigitList
Event: 28.342 Loading class java/text/DigitList done
Event: 28.343 Loading class java/text/FieldPosition$Delegate
Event: 28.343 Loading class java/text/Format$FieldDelegate
Event: 28.344 Loading class java/text/Format$FieldDelegate done
Event: 28.344 Loading class java/text/FieldPosition$Delegate done
Event: 28.344 Loading class java/text/NumberFormat$Field
Event: 28.344 Loading class java/text/NumberFormat$Field done
Event: 28.651 Loading class java/util/ArrayList$SubList$2
Event: 28.653 Loading class java/util/ArrayList$SubList$2 done
Event: 29.192 Loading class java/util/concurrent/Executors$DelegatedScheduledExecutorService
Event: 29.192 Loading class java/util/concurrent/Executors$DelegatedExecutorService
Event: 29.193 Loading class java/util/concurrent/Executors$DelegatedExecutorService done
Event: 29.193 Loading class java/util/concurrent/Executors$DelegatedScheduledExecutorService done

Classes unloaded (20 events):
Event: 25.379 Thread 0x0000019d2d5d0f10 Unloading class 0x00000001003a3220 'io/ballerina/stdlib/constraint/compiler/RecordFieldConstraintValidator$$Lambda+0x00000001003a3220'
Event: 25.379 Thread 0x0000019d2d5d0f10 Unloading class 0x00000001003a2ff8 'io/ballerina/stdlib/constraint/compiler/annotation/tag/AnnotationTagDate'
Event: 25.379 Thread 0x0000019d2d5d0f10 Unloading class 0x00000001003a2da0 'io/ballerina/stdlib/constraint/compiler/annotation/tag/AnnotationTagArray'
Event: 25.379 Thread 0x0000019d2d5d0f10 Unloading class 0x00000001003a2b48 'io/ballerina/stdlib/constraint/compiler/annotation/tag/AnnotationTagString'
Event: 25.379 Thread 0x0000019d2d5d0f10 Unloading class 0x00000001003a2958 'io/ballerina/stdlib/constraint/compiler/annotation/tag/LengthConstrainedAnnotationTag'
Event: 25.379 Thread 0x0000019d2d5d0f10 Unloading class 0x00000001003a26e0 'io/ballerina/stdlib/constraint/compiler/annotation/tag/AnnotationTagNumber'
Event: 25.379 Thread 0x0000019d2d5d0f10 Unloading class 0x00000001003a2468 'io/ballerina/stdlib/constraint/compiler/annotation/tag/AnnotationTagFloat'
Event: 25.379 Thread 0x0000019d2d5d0f10 Unloading class 0x00000001003a21f0 'io/ballerina/stdlib/constraint/compiler/annotation/tag/AnnotationTagInt'
Event: 25.379 Thread 0x0000019d2d5d0f10 Unloading class 0x00000001003a2000 'io/ballerina/stdlib/constraint/compiler/annotation/tag/DigitsConstrainedAnnotationTag'
Event: 25.379 Thread 0x0000019d2d5d0f10 Unloading class 0x00000001003a1c78 'io/ballerina/stdlib/constraint/compiler/annotation/tag/ValueConstrainedAnnotationTag'
Event: 25.379 Thread 0x0000019d2d5d0f10 Unloading class 0x00000001003a1a88 'io/ballerina/stdlib/constraint/compiler/annotation/tag/AnnotationTag'
Event: 25.379 Thread 0x0000019d2d5d0f10 Unloading class 0x00000001003a1878 'io/ballerina/stdlib/constraint/compiler/ConstraintCompatibilityMatrix'
Event: 25.379 Thread 0x0000019d2d5d0f10 Unloading class 0x00000001003a1680 'io/ballerina/stdlib/constraint/compiler/ConstraintCompilerPluginUtils'
Event: 25.379 Thread 0x0000019d2d5d0f10 Unloading class 0x00000001003a1440 'io/ballerina/stdlib/constraint/compiler/TypeConstraintValidator$$Lambda+0x00000001003a1440'
Event: 25.379 Thread 0x0000019d2d5d0f10 Unloading class 0x00000001003a1220 'io/ballerina/stdlib/constraint/compiler/TypeConstraintValidator'
Event: 25.379 Thread 0x0000019d2d5d0f10 Unloading class 0x00000001003a1000 'io/ballerina/stdlib/constraint/compiler/RecordFieldConstraintValidator'
Event: 25.379 Thread 0x0000019d2d5d0f10 Unloading class 0x00000001003a0e00 'io/ballerina/stdlib/constraint/compiler/ConstraintCodeAnalyzer'
Event: 25.379 Thread 0x0000019d2d5d0f10 Unloading class 0x00000001003a0c00 'io/ballerina/stdlib/constraint/compiler/ConstraintCompilerPlugin'
Event: 25.379 Thread 0x0000019d2d5d0f10 Unloading class 0x000000010038c200 'io/ballerina/stdlib/log/compiler/staticcodeanalyzer/StaticCodeAnalyzer'
Event: 25.379 Thread 0x0000019d2d5d0f10 Unloading class 0x000000010038c000 'io/ballerina/stdlib/log/compiler/LogCompilerPlugin'

Classes redefined (0 events):
No events

Internal exceptions (20 events):
Event: 29.444 Thread 0x0000019d2d7f2fb0 Exception <a 'sun/nio/fs/WindowsException'{0x00000000ae160190}> (0x00000000ae160190) 
thrown [s\src\hotspot\share\prims\jni.cpp, line 520]
Event: 29.444 Thread 0x0000019d2d7f2fb0 Exception <a 'sun/nio/fs/WindowsException'{0x00000000ae160b78}> (0x00000000ae160b78) 
thrown [s\src\hotspot\share\prims\jni.cpp, line 520]
Event: 29.445 Thread 0x0000019d2d7f2fb0 Exception <a 'sun/nio/fs/WindowsException'{0x00000000ae1613e0}> (0x00000000ae1613e0) 
thrown [s\src\hotspot\share\prims\jni.cpp, line 520]
Event: 29.452 Thread 0x0000019d2d7f2fb0 Exception <a 'sun/nio/fs/WindowsException'{0x00000000ae179670}> (0x00000000ae179670) 
thrown [s\src\hotspot\share\prims\jni.cpp, line 520]
Event: 29.452 Thread 0x0000019d2d7f2fb0 Exception <a 'sun/nio/fs/WindowsException'{0x00000000ae17a208}> (0x00000000ae17a208) 
thrown [s\src\hotspot\share\prims\jni.cpp, line 520]
Event: 29.464 Thread 0x0000019d2d7f2fb0 Exception <a 'sun/nio/fs/WindowsException'{0x00000000ae1c2288}> (0x00000000ae1c2288) 
thrown [s\src\hotspot\share\prims\jni.cpp, line 520]
Event: 29.464 Thread 0x0000019d2d7f2fb0 Exception <a 'sun/nio/fs/WindowsException'{0x00000000ae1c2c58}> (0x00000000ae1c2c58) 
thrown [s\src\hotspot\share\prims\jni.cpp, line 520]
Event: 29.464 Thread 0x0000019d2d7f2fb0 Exception <a 'sun/nio/fs/WindowsException'{0x00000000ae1c34b8}> (0x00000000ae1c34b8) 
thrown [s\src\hotspot\share\prims\jni.cpp, line 520]
Event: 29.473 Thread 0x0000019d2d7f2fb0 Exception <a 'sun/nio/fs/WindowsException'{0x00000000ae1f7118}> (0x00000000ae1f7118) 
thrown [s\src\hotspot\share\prims\jni.cpp, line 520]
Event: 29.473 Thread 0x0000019d2d7f2fb0 Exception <a 'sun/nio/fs/WindowsException'{0x00000000ae1f7c80}> (0x00000000ae1f7c80) 
thrown [s\src\hotspot\share\prims\jni.cpp, line 520]
Event: 29.487 Thread 0x0000019d2d7f2fb0 Exception <a 'sun/nio/fs/WindowsException'{0x00000000ae0c6f48}> (0x00000000ae0c6f48) 
thrown [s\src\hotspot\share\prims\jni.cpp, line 520]
Event: 29.487 Thread 0x0000019d2d7f2fb0 Exception <a 'sun/nio/fs/WindowsException'{0x00000000ae0c7930}> (0x00000000ae0c7930) 
thrown [s\src\hotspot\share\prims\jni.cpp, line 520]
Event: 29.487 Thread 0x0000019d2d7f2fb0 Exception <a 'sun/nio/fs/WindowsException'{0x00000000ae0c8198}> (0x00000000ae0c8198) 
thrown [s\src\hotspot\share\prims\jni.cpp, line 520]
Event: 29.493 Thread 0x0000019d2d7f2fb0 Exception <a 'sun/nio/fs/WindowsException'{0x00000000ae0dfc10}> (0x00000000ae0dfc10) 
thrown [s\src\hotspot\share\prims\jni.cpp, line 520]
Event: 29.493 Thread 0x0000019d2d7f2fb0 Exception <a 'sun/nio/fs/WindowsException'{0x00000000ae0e07a8}> (0x00000000ae0e07a8) 
thrown [s\src\hotspot\share\prims\jni.cpp, line 520]
Event: 29.504 Thread 0x0000019d2d7f2fb0 Exception <a 'sun/nio/fs/WindowsException'{0x00000000adf277f8}> (0x00000000adf277f8) 
thrown [s\src\hotspot\share\prims\jni.cpp, line 520]
Event: 29.504 Thread 0x0000019d2d7f2fb0 Exception <a 'sun/nio/fs/WindowsException'{0x00000000adf281d0}> (0x00000000adf281d0) 
thrown [s\src\hotspot\share\prims\jni.cpp, line 520]
Event: 29.504 Thread 0x0000019d2d7f2fb0 Exception <a 'sun/nio/fs/WindowsException'{0x00000000adf28a30}> (0x00000000adf28a30) 
thrown [s\src\hotspot\share\prims\jni.cpp, line 520]
Event: 29.511 Thread 0x0000019d2d7f2fb0 Exception <a 'sun/nio/fs/WindowsException'{0x00000000adf51970}> (0x00000000adf51970) 
thrown [s\src\hotspot\share\prims\jni.cpp, line 520]
Event: 29.511 Thread 0x0000019d2d7f2fb0 Exception <a 'sun/nio/fs/WindowsException'{0x00000000adf524f8}> (0x00000000adf524f8) 
thrown [s\src\hotspot\share\prims\jni.cpp, line 520]

ZGC Phase Switch (0 events):
No events

VM Operations (20 events):
Event: 25.395 Executing VM operation: G1PauseRemark done
Event: 25.442 Executing VM operation: G1PauseCleanup
Event: 25.443 Executing VM operation: G1PauseCleanup done
Event: 26.321 Executing VM operation: G1CollectForAllocation (G1 Evacuation Pause)
Event: 26.340 Executing VM operation: G1CollectForAllocation (G1 Evacuation Pause) done
Event: 26.978 Executing VM operation: G1CollectForAllocation (G1 Evacuation Pause)
Event: 27.009 Executing VM operation: G1CollectForAllocation (G1 Evacuation Pause) done
Event: 27.307 Executing VM operation: G1CollectForAllocation (G1 Evacuation Pause)
Event: 27.345 Executing VM operation: G1CollectForAllocation (G1 Evacuation Pause) done
Event: 27.447 Executing VM operation: G1TryInitiateConcMark (G1 Humongous Allocation)
Event: 27.474 Executing VM operation: G1TryInitiateConcMark (G1 Humongous Allocation) done
Event: 27.614 Executing VM operation: G1PauseRemark
Event: 27.627 Executing VM operation: G1PauseRemark done
Event: 27.697 Executing VM operation: G1PauseCleanup
Event: 27.697 Executing VM operation: G1PauseCleanup done
Event: 27.920 Executing VM operation: G1CollectForAllocation (G1 Evacuation Pause)
Event: 27.945 Executing VM operation: G1CollectForAllocation (G1 Evacuation Pause) done
Event: 28.675 Executing VM operation: G1CollectForAllocation (G1 Evacuation Pause)
Event: 28.708 Executing VM operation: G1CollectForAllocation (G1 Evacuation Pause) done
Event: 29.709 Executing VM operation: Cleanup

Memory protections (0 events):
No events

Nmethod flushes (20 events):
Event: 27.625 Thread 0x0000019d2d5d0f10 flushing  nmethod 0x0000019d19499b10
Event: 27.625 Thread 0x0000019d2d5d0f10 flushing  nmethod 0x0000019d19681e10
Event: 27.625 Thread 0x0000019d2d5d0f10 flushing  nmethod 0x0000019d19687b90
Event: 27.625 Thread 0x0000019d2d5d0f10 flushing  nmethod 0x0000019d19747110
Event: 27.625 Thread 0x0000019d2d5d0f10 flushing  nmethod 0x0000019d19749790
Event: 27.625 Thread 0x0000019d2d5d0f10 flushing  nmethod 0x0000019d19755310
Event: 27.625 Thread 0x0000019d2d5d0f10 flushing  nmethod 0x0000019d19787710
Event: 27.625 Thread 0x0000019d2d5d0f10 flushing  nmethod 0x0000019d19788210
Event: 27.625 Thread 0x0000019d2d5d0f10 flushing  nmethod 0x0000019d1978a310
Event: 27.625 Thread 0x0000019d2d5d0f10 flushing  nmethod 0x0000019d1978fd90
Event: 27.625 Thread 0x0000019d2d5d0f10 flushing  nmethod 0x0000019d19794810
Event: 27.625 Thread 0x0000019d2d5d0f10 flushing  nmethod 0x0000019d19801f10
Event: 27.625 Thread 0x0000019d2d5d0f10 flushing  nmethod 0x0000019d19858490
Event: 27.625 Thread 0x0000019d2d5d0f10 flushing  nmethod 0x0000019d198aa890
Event: 27.625 Thread 0x0000019d2d5d0f10 flushing  nmethod 0x0000019d19990810
Event: 27.625 Thread 0x0000019d2d5d0f10 flushing  nmethod 0x0000019d19990e10
Event: 27.625 Thread 0x0000019d2d5d0f10 flushing  nmethod 0x0000019d19995710
Event: 27.625 Thread 0x0000019d2d5d0f10 flushing  nmethod 0x0000019d19a23390
Event: 27.625 Thread 0x0000019d2d5d0f10 flushing  nmethod 0x0000019d19a2aa10
Event: 27.625 Thread 0x0000019d2d5d0f10 flushing  nmethod 0x0000019d19a3ba90

Events (20 events):
Event: 5.922 Thread 0x0000019d33c91a30 Thread exited: 0x0000019d33c91a30
Event: 5.960 Thread 0x0000019d32d2d310 Thread exited: 0x0000019d32d2d310
Event: 6.711 Thread 0x0000019d2d649580 Thread added: 0x0000019d33ec3b70
Event: 6.899 Thread 0x0000019d33ec3b70 Thread added: 0x0000019d33d11690
Event: 12.673 Thread 0x0000019d33d11690 Thread exited: 0x0000019d33d11690
Event: 15.548 Thread 0x0000019d33ec3b70 Thread exited: 0x0000019d33ec3b70
Event: 18.352 Thread 0x0000019d2d649580 Thread added: 0x0000019d34f7f440
Event: 18.911 Thread 0x0000019d34f7f440 Thread exited: 0x0000019d34f7f440
Event: 19.140 Thread 0x0000019d2d649580 Thread added: 0x0000019d34f7f440
Event: 20.483 Thread 0x0000019d34f7f440 Thread exited: 0x0000019d34f7f440
Event: 20.791 Thread 0x0000019d2d649580 Thread added: 0x0000019d362bd8a0
Event: 23.282 Thread 0x0000019d362bd8a0 Thread exited: 0x0000019d362bd8a0
Event: 24.709 Thread 0x0000019d2d649580 Thread added: 0x0000019d32582f80
Event: 24.860 Thread 0x0000019d32582f80 Thread exited: 0x0000019d32582f80
Event: 24.914 Thread 0x0000019d2d649580 Thread added: 0x0000019d34f7f440
Event: 25.942 Thread 0x0000019d2d7f3640 Thread added: 0x0000019d343f8e80
Event: 26.975 Thread 0x0000019d2d7f3cd0 Thread added: 0x0000019d343f8160
Event: 27.025 Thread 0x0000019d343f8160 Thread added: 0x0000019d343f87f0
Event: 27.026 Thread 0x0000019d343f8160 Thread added: 0x0000019d343f6720
Event: 29.205 Thread 0x0000019d343f6720 Thread added: 0x0000019d343f9ba0


Dynamic libraries:
0x00007ff73a710000 - 0x00007ff73a71e000 	C:\Program Files\Ballerina\dependencies\jdk-21.0.5+11-jre\bin\java.exe
0x00007ffa82e60000 - 0x00007ffa830c8000 	C:\WINDOWS\SYSTEM32\ntdll.dll
0x00007ffa821d0000 - 0x00007ffa82299000 	C:\WINDOWS\System32\KERNEL32.DLL
0x00007ffa804f0000 - 0x00007ffa808e2000 	C:\WINDOWS\System32\KERNELBASE.dll
0x00007ffa80a20000 - 0x00007ffa80b6b000 	C:\WINDOWS\System32\ucrtbase.dll
0x00007ffa7af40000 - 0x00007ffa7af58000 	C:\Program Files\Ballerina\dependencies\jdk-21.0.5+11-jre\bin\jli.dll
0x00007ffa82000000 - 0x00007ffa821c5000 	C:\WINDOWS\System32\USER32.dll
0x00007ffa80340000 - 0x00007ffa80367000 	C:\WINDOWS\System32\win32u.dll
0x00007ffa82560000 - 0x00007ffa8258b000 	C:\WINDOWS\System32\GDI32.dll
0x00007ffa808f0000 - 0x00007ffa80a1d000 	C:\WINDOWS\System32\gdi32full.dll
0x00007ffa80290000 - 0x00007ffa80333000 	C:\WINDOWS\System32\msvcp_win.dll
0x00007ffa6fec0000 - 0x00007ffa6fede000 	C:\Program Files\Ballerina\dependencies\jdk-21.0.5+11-jre\bin\VCRUNTIME140.dll
0x00007ffa6ea60000 - 0x00007ffa6ecf3000 	C:\WINDOWS\WinSxS\amd64_microsoft.windows.common-controls_6595b64144ccf1df_6.0.26100.6725_none_3e085828e334708b\COMCTL32.dll
0x00007ffa81260000 - 0x00007ffa81309000 	C:\WINDOWS\System32\msvcrt.dll
0x00007ffa81e20000 - 0x00007ffa81e4f000 	C:\WINDOWS\System32\IMM32.DLL
0x00007ffa7cfd0000 - 0x00007ffa7cfdc000 	C:\Program Files\Ballerina\dependencies\jdk-21.0.5+11-jre\bin\vcruntime140_1.dll
0x00007ffa5e270000 - 0x00007ffa5e2fd000 	C:\Program Files\Ballerina\dependencies\jdk-21.0.5+11-jre\bin\msvcp140.dll
0x00007ffa1a250000 - 0x00007ffa1afdf000 	C:\Program Files\Ballerina\dependencies\jdk-21.0.5+11-jre\bin\server\jvm.dll
0x00007ffa82740000 - 0x00007ffa827f4000 	C:\WINDOWS\System32\ADVAPI32.dll
0x00007ffa810b0000 - 0x00007ffa81156000 	C:\WINDOWS\System32\sechost.dll
0x00007ffa82620000 - 0x00007ffa82738000 	C:\WINDOWS\System32\RPCRT4.dll
0x00007ffa81b60000 - 0x00007ffa81bd4000 	C:\WINDOWS\System32\WS2_32.dll
0x00007ffa7fe50000 - 0x00007ffa7feae000 	C:\WINDOWS\SYSTEM32\POWRPROF.dll
0x00007ffa78e70000 - 0x00007ffa78ea5000 	C:\WINDOWS\SYSTEM32\WINMM.dll
0x00007ffa78eb0000 - 0x00007ffa78ebb000 	C:\WINDOWS\SYSTEM32\VERSION.dll
0x00007ffa7fe30000 - 0x00007ffa7fe44000 	C:\WINDOWS\SYSTEM32\UMPDC.dll
0x00007ffa7edc0000 - 0x00007ffa7eddb000 	C:\WINDOWS\SYSTEM32\kernel.appcore.dll
0x00007ffa7cfb0000 - 0x00007ffa7cfba000 	C:\Program Files\Ballerina\dependencies\jdk-21.0.5+11-jre\bin\jimage.dll
0x00007ffa75720000 - 0x00007ffa75962000 	C:\WINDOWS\SYSTEM32\DBGHELP.DLL
0x00007ffa80d30000 - 0x00007ffa810ab000 	C:\WINDOWS\System32\combase.dll
0x00007ffa82400000 - 0x00007ffa824d7000 	C:\WINDOWS\System32\OLEAUT32.dll
0x00007ffa73020000 - 0x00007ffa7305c000 	C:\WINDOWS\SYSTEM32\dbgcore.DLL
0x00007ffa801f0000 - 0x00007ffa80288000 	C:\WINDOWS\System32\bcryptPrimitives.dll
0x00007ffa6f380000 - 0x00007ffa6f39f000 	C:\Program Files\Ballerina\dependencies\jdk-21.0.5+11-jre\bin\java.dll
0x00007ffa81410000 - 0x00007ffa81b5c000 	C:\WINDOWS\System32\SHELL32.dll
0x00007ffa7fff0000 - 0x00007ffa8015b000 	C:\WINDOWS\System32\wintypes.dll
0x00007ffa7dc30000 - 0x00007ffa7e48d000 	C:\WINDOWS\SYSTEM32\windows.storage.dll
0x00007ffa81310000 - 0x00007ffa81402000 	C:\WINDOWS\System32\SHCORE.dll
0x00007ffa80cb0000 - 0x00007ffa80d12000 	C:\WINDOWS\System32\shlwapi.dll
0x00007ffa7ff10000 - 0x00007ffa7ff39000 	C:\WINDOWS\SYSTEM32\profapi.dll
0x00007ffa7b0c0000 - 0x00007ffa7b0d0000 	C:\Program Files\Ballerina\dependencies\jdk-21.0.5+11-jre\bin\net.dll
0x00007ffa78bb0000 - 0x00007ffa78ccf000 	C:\WINDOWS\SYSTEM32\WINHTTP.dll
0x00007ffa7f330000 - 0x00007ffa7f39b000 	C:\WINDOWS\system32\mswsock.dll
0x00007ffa6b1c0000 - 0x00007ffa6b1d6000 	C:\Program Files\Ballerina\dependencies\jdk-21.0.5+11-jre\bin\nio.dll
0x00007ffa6ae00000 - 0x00007ffa6ae18000 	C:\Program Files\Ballerina\dependencies\jdk-21.0.5+11-jre\bin\zip.dll
0x00007ffa7f5f0000 - 0x00007ffa7f60b000 	C:\WINDOWS\SYSTEM32\CRYPTSP.dll
0x00007ffa7ed20000 - 0x00007ffa7ed5b000 	C:\WINDOWS\system32\rsaenh.dll
0x00007ffa7f3d0000 - 0x00007ffa7f3fb000 	C:\WINDOWS\SYSTEM32\USERENV.dll
0x00007ffa7fee0000 - 0x00007ffa7ff06000 	C:\WINDOWS\SYSTEM32\bcrypt.dll
0x00007ffa7f5e0000 - 0x00007ffa7f5ec000 	C:\WINDOWS\SYSTEM32\CRYPTBASE.dll
0x00007ffa7e7e0000 - 0x00007ffa7e814000 	C:\WINDOWS\SYSTEM32\IPHLPAPI.DLL
0x00007ffa82800000 - 0x00007ffa8280a000 	C:\WINDOWS\System32\NSI.dll

dbghelp: loaded successfully - version: 4.0.5 - missing functions: none
symbol engine: initialized successfully - sym options: 0x614 - pdb path: .;C:\Program Files\Ballerina\dependencies\jdk-21.0.5+11-jre\bin;C:\WINDOWS\SYSTEM32;C:\WINDOWS\WinSxS\amd64_microsoft.windows.common-controls_6595b64144ccf1df_6.0.26100.6725_none_3e085828e334708b;C:\Program Files\Ballerina\dependencies\jdk-21.0.5+11-jre\bin\server

VM Arguments:
jvm_args: -Dballerina.home=C:\Program Files\Ballerina\distributions\ballerina-2201.12.7 
java_command: org.ballerinalang.langserver.launchers.stdio.Main
java_class_path (initial): C:\Program Files\Ballerina\distributions\ballerina-2201.12.7\bre\lib\annotations-2201.12.7.jar;C:\Program Files\Ballerina\distributions\ballerina-2201.12.7\bre\lib\array-2201.12.7.jar;C:\Program Files\Ballerina\distributions\ballerina-2201.12.7\bre\lib\asm-9.7.jar;C:\Program Files\Ballerina\distributions\ballerina-2201.12.7\bre\lib\asm-analysis-9.7.jar;C:\Program Files\Ballerina\distributions\ballerina-2201.12.7\bre\lib\asm-commons-9.7.jar;C:\Program Files\Ballerina\distributions\ballerina-2201.12.7\bre\lib\asm-tree-9.7.jar;C:\Program Files\Ballerina\distributions\ballerina-2201.12.7\bre\lib\asm-util-9.7.jar;C:\Program Files\Ballerina\distributions\ballerina-2201.12.7\bre\lib\asyncapi-cli-0.11.0.jar;C:\Program Files\Ballerina\distributions\ballerina-2201.12.7\bre\lib\atomikos-util-5.0.8.jar;C:\Program Files\Ballerina\distributions\ballerina-2201.12.7\bre\lib\axiom-api-1.4.0.jar;C:\Program Files\Ballerina\distributions\ballerina-2201.12.7\bre\lib\axiom-impl-1.4.0.jar;C:\Program Files\Ballerina\distributions\ballerina-2201.12.7\bre\lib\ballerina-bindgen-2201.12.7.jar;C:\Program Files\Ballerina\distributions\ballerina-2201.12.7\bre\lib\ballerina-cli-2201.12.7.jar;C:\Program Files\Ballerina\distributions\ballerina-2201.12.7\bre\lib\ballerina-io-internal-2201.12.7.jar;C:\Program Files\Ballerina\distributions\ballerina-2201.12.7\bre\lib\ballerina-lang-2201.12.7.jar;C:\Program Files\Ballerina\distributions\ballerina-2201.12.7\bre\lib\ballerina-linter-2201.12.7.jar;C:\Program Files\Ballerina\distributions\ballerina-2201.12.7\bre\lib\ballerina-metrics-extension-2201.12.7.jar;C:\Program Files\Ballerina\distributions\ballerina-2201.12.7\bre\lib\ballerina-parser-2201.12.7.jar;C:\Program Files\Ballerina\distributions\ballerina-2201.12.7\bre\lib\ballerina-profiler-1.0.jar;C:\Program Files\Ballerina\distributions\ballerina-2201.12.7\bre\lib\ballerina-rt-2201.12.7.jar;C:\Program Files\Ballerina\distributions\ballerina-2201.12.7\bre\lib\ballerina-to-openapi-2.3.2.jar;C:\Program Files\Ballerina\distributions\ballerina-2201.12.7\bre\lib\ballerina-tools-api-2201.12.7.jar;C:\Program Files\Ballerina\distributions\ballerina-2201.12.7\bre\lib\bool-2201.12.7.jar;C:\Program Files\Ballerina\distributions\ballerina-2201.12.7\bre\lib\central-client-2201.12.7.jar;C:\Program Files\Ballerina\distributions\ballerina-2201.12.7\bre\lib\commons-beanutils-1.9.4.jar;C:\Program Files\Ballerina\distributions\ballerina-2201.12.7\bre\lib\commons-codec-1.14.jar;C:\Program Files\Ballerina\distributions\ballerina-2201.12.7\bre\lib\commons-collections-3.2.2.jar;C:\Program Files\Ballerina\distributions\ballerina-2201.12.7\bre\lib\commons-compress-1.26.2.jar;C:\Program Files\Ballerina\distributions\ballerina-2201.12.7\bre\lib\commons-text-1.10.0.jar;C:\Program Files\Ballerina\distributions\ballerina-2201.12.7\bre\lib\compiler-0.8.9.jar;C:\Program Files\Ballerina\distributions\ballerina-2201.12.7\bre\lib\configurable-schema-generator-2201.12.7.jar;C:\Program Files\Ballerina\distributions\ballerina-2201.12.7\bre\lib\decimal-2201.12.7.jar;C:\Program Files\Ballerina\distributions\ballerina-2201.12.7\bre\lib\docerina-2201.12.7.jar;C:\Program Files\Ballerina\distributions\ballerina-2201.12.7\bre\lib\error-2201.12.7.jar;C:\Program Files\Ballerina\distributions\ballerina-2201.12.7\bre\lib\floatingpoint-2201.12.7.jar;C:\Program Files\Ballerina\distributions\ballerina-2201.12.7\bre\lib\formatter-cli-2201.12.7.jar;C:\Program Files\Ballerina\distributions\ballerina-2201.12.7\bre\lib\formatter-core-2201.12.7.jar;C:\Program Files\Ballerina\distributions\ballerina-2201.12.7\bre\lib\function-2201.12.7.jar;C:\Program Files\Ballerina\distributions\ballerina-2201.12.7\bre\lib\future-2201.12.7.jar;C:\Program Files\Ballerina\distributions\ballerina-2201.12.7\bre\lib\geronimo-stax-api_1.0_spec-1.0.1.jar;C:\Program Files\Ballerina\distributions\ballerina-2201.12.7\bre\lib\graphql-cli-0.13.0.jar;C:\Program Files\Ballerina\distributions\ballerina-2201.12.7\bre\lib\graphql-code-generator-0.13.0.jar;C:\Program Files\Ballerina\distributions\ballerina-2201.12.7\bre\lib\graphql-schema-file-generator-0.13.0.jar;C:\Program Files\Ballerina\distributions\ballerina-2201.12.7\bre\lib\gson-2.10.1.jar;C:\Program Files\Ballerina\distributions\ballerina-2201.12.7\bre\lib\identifier-util-2201.12.7.jar;C:\Program Files\Ballerina\distributions\ballerina-2201.12.7\bre\lib\integer-2201.12.7.jar;C:\Program Files\Ballerina\distributions\ballerina-2201.12.7\bre\lib\internal-2201.12.7.jar;C:\Program Files\Ballerina\distributions\ballerina-2201.12.7\bre\lib\jackson-annotations-2.15.3.jar;C:\Program Files\Ballerina\distributions\ballerina-2201.12.7\bre\lib\jackson-core-2.15.3.jar;C:\Program Files\Ballerina\distributions\ballerina-2201.12.7\bre\lib\jackson-databind-2.15.3.jar;C:\Program Files\Ballerina\distributions\ballerina-2201.12.7\bre\lib\jackson-dataformat-yaml-2.15.3.jar;C:\Program Files\Ballerina\distributions\ballerina-2201.12.7\bre\lib\jackson-datatype-jsr310-2.15.3.jar;C:\Program Files\Ballerina\distributions\ballerina-2201.12.7\bre\lib\jacocoagent.jar;C:\Program Files\Ballerina\distributions\ballerina-2201.12.7\bre\lib\jaeger-core-0.31.0.jar;C:\Program Files\Ballerina\distributions\ballerina-2201.12.7\bre\lib\jaeger-thrift-0.31.0.jar;C:\Program Files\Ballerina\distributions\ballerina-2201.12.7\bre\lib\java-diff-utils-4.5.jar;C:\Program Files\Ballerina\distributions\ballerina-2201.12.7\bre\lib\javax.mail-1.6.2.jar;C:\Program Files\Ballerina\distributions\ballerina-2201.12.7\bre\lib\javax.transaction-api-1.3.jar;C:\Program Files\Ballerina\distributions\ballerina-2201.12.7\bre\lib\jballerina.java-2201.12.7.jar;C:\Program Files\Ballerina\distributions\ballerina-2201.12.7\bre\lib\jline-3.25.0.jar;C:\Program Files\Ballerina\distributions\ballerina-2201.12.7\bre\lib\kotlin-stdlib-1.6.0.jar;C:\Program Files\Ballerina\distributions\ballerina-2201.12.7\bre\lib\kotlin-stdlib-common-1.6.0.jar;C:\Program Files\Ballerina\distributions\ballerina-2201.12.7\bre\lib\map-2201.12.7.jar;C:\Program Files\Ballerina\distributions\ballerina-2201.12.7\bre\lib\maven-resolver-2201.12.7.jar;C:\Program Files\Ballerina\distributions\ballerina-2201.12.7\bre\lib\netty-buffer-4.1.118.Final.jar;C:\Program Files\Ballerina\distributions\ballerina-2201.12.7\bre\lib\netty-common-4.1.118.Final.jar;C:\Program Files\Ballerina\distributions\ballerina-2201.12.7\bre\lib\netty-resolver-4.1.118.Final.jar;C:\Program Files\Ballerina\distributions\ballerina-2201.12.7\bre\lib\netty-transport-4.1.118.Final.jar;C:\Program Files\Ballerina\distributions\ballerina-2201.12.7\bre\lib\netty-transport-native-epoll-4.1.118.Final.jar;C:\Program Files\Ballerina\distributions\ballerina-2201.12.7\bre\lib\netty-transport-native-kqueue-4.1.118.Final.jar;C:\Program Files\Ballerina\distributions\ballerina-2201.12.7\bre\lib\object-2201.12.7.jar;C:\Program Files\Ballerina\distributions\ballerina-2201.12.7\bre\lib\okhttp-3.14.0.jar;C:\Program Files\Ballerina\distributions\ballerina-2201.12.7\bre\lib\okio-jvm-3.4.0.jar;C:\Program Files\Ballerina\distributions\ballerina-2201.12.7\bre\lib\openapi-bal-task-plugin-2.3.2.jar;C:\Program Files\Ballerina\distributions\ballerina-2201.12.7\bre\lib\openapi-build-extension-2.3.2.jar;C:\Program Files\Ballerina\distributions\ballerina-2201.12.7\bre\lib\openapi-cli-2.3.2.jar;C:\Program Files\Ballerina\distributions\ballerina-2201.12.7\bre\lib\openapi-core-2.3.2.jar;C:\Program Files\Ballerina\distributions\ballerina-2201.12.7\bre\lib\openapi-validator-2.3.2.jar;C:\Program Files\Ballerina\distributions\ballerina-2201.12.7\bre\lib\org.jacoco.core-0.8.12.jar;C:\Program Files\Ballerina\distributions\ballerina-2201.12.7\bre\lib\org.jacoco.report-0.8.12.jar;C:\Program Files\Ballerina\distributions\ballerina-2201.12.7\bre\lib\org.wso2.carbon.core-5.1.0.jar;C:\Program Files\Ballerina\distributions\ballerina-2201.12.7\bre\lib\org.wso2.carbon.messaging-2.3.7.jar;C:\Program Files\Ballerina\distributions\ballerina-2201.12.7\bre\lib\org.wso2.carbon.metrics.core-2.3.7.jar;C:\Program Files\Ballerina\distributions\ballerina-2201.12.7\bre\lib\org.wso2.securevault-1.0.0-wso2v2.jar;C:\Program Files\Ballerina\distributions\ballerina-2201.12.7\bre\lib\org.wso2.transport.http.netty-6.3.11.jar;C:\Program Files\Ballerina\distributions\ballerina-2201.12.7\bre\lib\org.wso2.transport.local-file-system-6.0.55.jar;C:\Program Files\Ballerina\distributions\ballerina-2201.12.7\bre\lib\package-semantic-analyzer-1.0.0.jar;C:\Program Files\Ballerina\distributions\ballerina-2201.12.7\bre\lib\persist-cli-1.6.0.jar;C:\Program Files\Ballerina\distributions\ballerina-2201.12.7\bre\lib\picocli-4.0.1.jar;C:\Program Files\Ballerina\distributions\ballerina-2201.12.7\bre\lib\progressbar-0.7.4.jar;C:\Program Files\Ballerina\distributions\ballerina-2201.12.7\bre\lib\protoc-cli-0.5.0.jar;C:\Program Files\Ballerina\distributions\ballerina-2201.12.7\bre\lib\query-2201.12.7.jar;C:\Program Files\Ballerina\distributions\ballerina-2201.12.7\bre\lib\regexp-2201.12.7.jar;C:\Program Files\Ballerina\distributions\ballerina-2201.12.7\bre\lib\runtime-2201.12.7.jar;C:\Program Files\Ballerina\distributions\ballerina-2201.12.7\bre\lib\semver-checker-cli-2201.12.7.jar;C:\Program Files\Ballerina\distributions\ballerina-2201.12.7\bre\lib\semver-checker-core-2201.12.7.jar;C:\Program Files\Ballerina\distributions\ballerina-2201.12.7\bre\lib\shell-cli-2201.12.7.jar;C:\Program Files\Ballerina\distributions\ballerina-2201.12.7\bre\lib\shell-core-2201.12.7.jar;C:\Program Files\Ballerina\distributions\ballerina-2201.12.7\bre\lib\snakeyaml-2.0.jar;C:\Program Files\Ballerina\distributions\ballerina-2201.12.7\bre\lib\sqlite-jdbc-3.47.0.0.jar;C:\Program Files\Ballerina\distributions\ballerina-2201.12.7\bre\lib\stax2-api-4.2.1.jar;C:\Program Files\Ballerina\distributions\ballerina-2201.12.7\bre\lib\staxon-core-1.2.0.wso2v2.jar;C:\Program Files\Ballerina\distributions\ballerina-2201.12.7\bre\lib\stream-2201.12.7.jar;C:\Program Files\Ballerina\distributions\ballerina-2201.12.7\bre\lib\string-2201.12.7.jar;C:\Program Files\Ballerina\distributions\ballerina-2201.12.7\bre\lib\syntax-api-calls-gen-2201.12.7.jar;C:\Program Files\Ballerina\distributions\ballerina-2201.12.7\bre\lib\table-2201.12.7.jar;C:\Program Files\Ballerina\distributions\ballerina-2201.12.7\bre\lib\testerina-core-2201.12.7.jar;C:\Program Files\Ballerina\distributions\ballerina-2201.12.7\bre\lib\testerina-runtime-2201.12.7.jar;C:\Program Files\Ballerina\distributions\ballerina-2201.12.7\bre\lib\toml-parser-2201.12.7.jar;C:\Program Files\Ballerina\distributions\ballerina-2201.12.7\bre\lib\transaction-2201.12.7.jar;C:\Program Files\Ballerina\distributions\ballerina-2201.12.7\bre\lib\transactions-5.0.8.jar;C:\Program Files\Ballerina\distributions\ballerina-2201.12.7\bre\lib\transactions-api-5.0.8.jar;C:\Program Files\Ballerina\distributions\ballerina-2201.12.7\bre\lib\transactions-jta-5.0.8.jar;C:\Program Files\Ballerina\distributions\ballerina-2201.12.7\bre\lib\typedesc-2201.12.7.jar;C:\Program Files\Ballerina\distributions\ballerina-2201.12.7\bre\lib\value-2201.12.7.jar;C:\Program Files\Ballerina\distributions\ballerina-2201.12.7\bre\lib\woodstox-core-6.5.0.jar;C:\Program Files\Ballerina\distributions\ballerina-2201.12.7\bre\lib\xml-2201.12.7.jar;C:\Program Files\Ballerina\distributions\ballerina-2201.12.7\lib\tools\lang-server\lib\ballerinalang-data-mapper-2201.12.7.jar;C:\Program Files\Ballerina\distributions\ballerina-2201.12.7\lib\tools\lang-server\lib\cloud-tooling-3.3.2.jar;C:\Program Files\Ballerina\distributions\ballerina-2201.12.7\lib\tools\lang-server\lib\commons-io-2.15.1.jar;C:\Program Files\Ballerina\distributions\ballerina-2201.12.7\lib\tools\lang-server\lib\guava-32.0.1-jre.jar;C:\Program Files\Ballerina\distributions\ballerina-2201.12.7\lib\tools\lang-server\lib\json-to-record-converter-2201.12.7.jar;C:\Program Files\Ballerina\distributions\ballerina-2201.12.7\lib\tools\lang-server\lib\openapi-ls-extension-2.3.2.jar;C:\Program Files\Ballerina\distributions\ballerina-2201.12.7\lib\tools\lang-server\lib\partial-parser-2201.12.7.jar;C:\Program Files\Ballerina\distributions\ballerina-2201.12.7\lib\tools\lang-server\lib\performance-analyzer-services-2201.12.7.jar;C:\Program Files\Ballerina\distributions\ballerina-2201.12.7\lib\tools\lang-server\lib\trigger-service-2201.12.7.jar;C:\Program Files\Ballerina\distributions\ballerina-2201.12.7\lib\tools\lang-server\lib\xml-to-record-converter-2201.12.7.jar;C:\Program Files\Ballerina\distributions\ballerina-2201.12.7\lib\tools\debug-adapter\lib\commons-io-2.15.1.jar;C:\Program Files\Ballerina\distributions\ballerina-2201.12.7\lib\tools\debug-adapter\lib\debug-adapter-cli-2201.12.7.jar;C:\Program Files\Ballerina\distributions\ballerina-2201.12.7\lib\tools\debug-adapter\lib\debug-adapter-core-2201.12.7.jar;C:\Program Files\Ballerina\distributions\ballerina-2201.12.7\lib\tools\debug-adapter\lib\java-semver-0.9.0.jar;c:\Users\harak\.vscode\extensions\wso2.ballerina-5.4.0\ls\ballerina-language-server-1.2.0.jar
Launcher Type: SUN_STANDARD

[Global flags]
     intx CICompilerCount                          = 4                                         {product} {ergonomic}
     uint ConcGCThreads                            = 2                                         {product} {ergonomic}
     uint G1ConcRefinementThreads                  = 8                                         {product} {ergonomic}
   size_t G1HeapRegionSize                         = 1048576                                   {product} {ergonomic}
    uintx GCDrainStackTargetSize                   = 64                                        {product} {ergonomic}
   size_t InitialHeapSize                          = 100663296                                 {product} {ergonomic}
   size_t MarkStackSize                            = 4194304                                   {product} {ergonomic}
   size_t MaxHeapSize                              = 1598029824                                {product} {ergonomic}
   size_t MaxNewSize                               = 958398464                                 {product} {ergonomic}
   size_t MinHeapDeltaBytes                        = 1048576                                   {product} {ergonomic}
   size_t MinHeapSize                              = 8388608                                   {product} {ergonomic}
    uintx NonNMethodCodeHeapSize                   = 5839372                                {pd product} {ergonomic}
    uintx NonProfiledCodeHeapSize                  = 122909434                              {pd product} {ergonomic}
    uintx ProfiledCodeHeapSize                     = 122909434                              {pd product} {ergonomic}
    uintx ReservedCodeCacheSize                    = 251658240                              {pd product} {ergonomic}
     bool SegmentedCodeCache                       = true                                      {product} {ergonomic}
   size_t SoftMaxHeapSize                          = 1598029824                             {manageable} {ergonomic}
     bool UseCompressedOops                        = true                           {product lp64_product} {ergonomic}
     bool UseG1GC                                  = true                                      {product} {ergonomic}
     bool UseLargePagesIndividualAllocation        = false                                  {pd product} {ergonomic}

Logging:
Log output configuration:
 #0: stdout all=warning uptime,level,tags foldmultilines=false
 #1: stderr all=off uptime,level,tags foldmultilines=false

Environment Variables:
JAVA_HOME=C:\Program Files\Common Files\Oracle\Java\javapath
PATH=C:\Python313\Scripts\;C:\Python313\;C:\Program Files (x86)\VMware\VMware Workstation\bin\;C:\Program Files\Common Files\Oracle\Java\javapath;C:\WINDOWS\system32;C:\WINDOWS;C:\WINDOWS\System32\Wbem;C:\WINDOWS\System32\WindowsPowerShell\v1.0\;C:\WINDOWS\System32\OpenSSH\;C:\Program Files (x86)\Microsoft SQL Server\160\DTS\Binn\;C:\Program Files (x86)\Microsoft SQL Server\160\Tools\Binn\;C:\Program Files\Microsoft SQL Server\160\Tools\Binn\;C:\Program Files\Microsoft SQL Server\Client SDK\ODBC\170\Tools\Binn\;C:\Program Files\Microsoft SQL Server\160\DTS\Binn\;C:\Users\harak\OneDrive\Desktop\Randos\Films\jdk-22_windows-x64_bin.zip\jdk-22.0.1\bin;C:\Program Files\dotnet\;C:\Program Files\Ballerina\\bin;C:\Program Files\Git\cmd;C:\Program Files\nodejs\;C:\ProgramData\chocolatey\bin;C:\kafka\bin\windows;;C:\Program Files\Docker\Docker\resources\bin;C:\Users\harak\AppData\Local\Programs\Python\Launcher\;C:\Users\harak\AppData\Local\Microsoft\WindowsApps;C:\Program Files\Azure Data Studio\bin;C:\Users\harak\Downloads\Microsoft VS Code\bin;C:\Users\harak\.dotnet\tools;C:\Users\harak\OneDrive\Desktop\Randos\IntelliJ IDEA 2024.2.3\bin;;C:\Users\harak\AppData\Local\GitHubDesktop\bin;C:\Users\harak\AppData\Roaming\npm;C:\kafka\bin\windows;
USERNAME=harak
OS=Windows_NT
PROCESSOR_IDENTIFIER=AMD64 Family 23 Model 24 Stepping 1, AuthenticAMD
TMP=C:\Users\harak\AppData\Local\Temp
TEMP=C:\Users\harak\AppData\Local\Temp




Periodic native trim disabled

---------------  S Y S T E M  ---------------

OS:
 Windows 11 , 64 bit Build 26100 (10.0.26100.6725)
OS uptime: 0 days 0:30 hours
Hyper-V role detected

CPU: total 8 (initial active 8) (8 cores per cpu, 2 threads per core) family 23 model 24 stepping 1 microcode 0x8108109, cx8, cmov, fxsr, ht, mmx, 3dnowpref, sse, sse2, sse3, ssse3, sse4a, sse4.1, sse4.2, popcnt, lzcnt, tsc, tscinvbit, avx, avx2, aes, clmul, bmi1, bmi2, adx, sha, fma, vzeroupper, clflush, clflushopt, hv, rdtscp, f16c
Processor Information for all 8 processors :
  Max Mhz: 2300, Current Mhz: 2300, Mhz Limit: 2300

Memory: 4k page, system-wide physical 6090M (758M free)
TotalPageFile size 14282M (AvailPageFile size 253M)
current process WorkingSet (physical memory assigned to process): 288M, peak: 288M
current process commit charge ("private bytes"): 416M, peak: 416M

vm_info: OpenJDK 64-Bit Server VM (21.0.5+11-LTS) for windows-amd64 JRE (21.0.5+11-LTS), built on 2024-10-15T00:00:00Z by "admin" with MS VC++ 17.7 (VS2022)

END.
